2025-05-03 14:49:04
==========
alpha : 0.999
batch_size : 256
best_map : 0.0
beta : 0.05
data_dir : E:/dataset/
dataset_target : market
debug : False
epochs : 75
eps : 0.6
eval_step : 1
gpus : 0
height : 256
init_path : 
iters : 200
k : 16
logs : log2-trainerv2_weight/-far-update-0.9-0.2
loss_weight : 0.6
lr : 0.00035
memory_strategy : far-update
momentum1 : 0.9
momentum2 : 0.2
num_clusters : 500
num_instances : 16
print_freq : 50
seed : 1
start_epoch : 0
step : 25
weight_decay : 0.0005
width : 128
workers : 1
==========
=> Market1501 loaded
Dataset statistics:
  ----------------------------------------
  subset   | # ids | # images | # cameras
  ----------------------------------------
  train    |   751 |    12936 |         6
  query    |   750 |     3368 |         6
  gallery  |   751 |    15913 |         6
  ----------------------------------------
2025-05-03 14:49:09 extracting
2025-05-03 14:49:13Extract Features: [1/51]	Time 4.802 (4.802)	Data 2.952 (2.952)	
2025-05-03 14:49:25 extracting done 
Computing jaccard distance...
Jaccard distance computing time cost: 12.117947578430176
2025-05-03 14:49:38 start dbscan clustering
2025-05-03 14:49:39
 Clustered into 358 classes 

learning rate:  0.00035
2025-05-03 14:49:50[Epoch:000] [001/200] | Loss: 3.961 | Acc: 57.4219
2025-05-03 14:50:18[Epoch:000] [050/200] | Loss: 4.125 | Acc: 36.6484
2025-05-03 14:50:47[Epoch:000] [100/200] | Loss: 3.839 | Acc: 35.0508
2025-05-03 14:51:16[Epoch:000] [150/200] | Loss: 3.621 | Acc: 37.1198
2025-05-03 14:51:48[Epoch:000] [200/200] | Loss: 3.407 | Acc: 39.9746
2025-05-03 14:51:48 extracting
2025-05-03 14:51:52Extract Features: [1/151]	Time 3.850 (3.850)	Data 2.696 (2.696)	
2025-05-03 14:52:03Extract Features: [100/151]	Time 0.114 (0.151)	Data 0.047 (0.073)	
2025-05-03 14:52:09 extracting done 
Mean AP: 12.9%
CMC Scores:
  top-1          28.8%
  top-5          41.3%
  top-10         47.2%
{ 'Finished_epoch': 0, 'mAP': 12.9288%, rank1: 29%, 'best': 12.9288, 'at_epoch': 0, 'this_best': 1}
2025-05-03 14:52:19
Cost 0:03:15.121688
log2-trainerv2_weight/-far-update-0.9-0.2
2025-05-03 14:52:19 extracting
2025-05-03 14:52:22Extract Features: [1/51]	Time 3.278 (3.278)	Data 2.837 (2.837)	
2025-05-03 14:52:33 extracting done 
Computing jaccard distance...
Jaccard distance computing time cost: 9.370002746582031
2025-05-03 14:52:43 start dbscan clustering
2025-05-03 14:52:44
 Clustered into 558 classes 

learning rate:  0.00035
2025-05-03 14:52:50[Epoch:001] [001/200] | Loss: 0.439 | Acc: 92.1875
2025-05-03 14:53:16[Epoch:001] [050/200] | Loss: 1.470 | Acc: 76.7969
2025-05-03 14:53:41[Epoch:001] [100/200] | Loss: 2.569 | Acc: 56.7578
2025-05-03 14:54:09[Epoch:001] [150/200] | Loss: 2.893 | Acc: 50.9297
2025-05-03 14:54:35[Epoch:001] [200/200] | Loss: 3.033 | Acc: 48.1133
2025-05-03 14:54:35 extracting
2025-05-03 14:54:38Extract Features: [1/151]	Time 2.964 (2.964)	Data 2.695 (2.695)	
2025-05-03 14:54:49Extract Features: [100/151]	Time 0.113 (0.147)	Data 0.046 (0.077)	
2025-05-03 14:54:55 extracting done 
Mean AP: 25.6%
CMC Scores:
  top-1          44.5%
  top-5          59.9%
  top-10         66.0%
{ 'Finished_epoch': 1, 'mAP': 25.5523%, rank1: 45%, 'best': 25.5523, 'at_epoch': 1, 'this_best': 1}
2025-05-03 14:55:05
Cost 0:06:01.045052
log2-trainerv2_weight/-far-update-0.9-0.2
2025-05-03 14:55:05 extracting
2025-05-03 14:55:08Extract Features: [1/51]	Time 3.232 (3.232)	Data 2.839 (2.839)	
2025-05-03 14:55:20 extracting done 
Computing jaccard distance...
Jaccard distance computing time cost: 9.09057331085205
2025-05-03 14:55:30 start dbscan clustering
2025-05-03 14:55:30
 Clustered into 611 classes 

learning rate:  0.00035
2025-05-03 14:55:37[Epoch:002] [001/200] | Loss: 0.375 | Acc: 92.5781
2025-05-03 14:56:02[Epoch:002] [050/200] | Loss: 1.223 | Acc: 81.1094
2025-05-03 14:56:28[Epoch:002] [100/200] | Loss: 2.468 | Acc: 58.9336
2025-05-03 14:56:54[Epoch:002] [150/200] | Loss: 2.875 | Acc: 50.9115
2025-05-03 14:57:22[Epoch:002] [200/200] | Loss: 3.033 | Acc: 47.668
2025-05-03 14:57:22 extracting
2025-05-03 14:57:25Extract Features: [1/151]	Time 2.919 (2.919)	Data 2.685 (2.685)	
2025-05-03 14:57:36Extract Features: [100/151]	Time 0.114 (0.140)	Data 0.046 (0.071)	
2025-05-03 14:57:42 extracting done 
Mean AP: 35.3%
CMC Scores:
  top-1          56.2%
  top-5          72.9%
  top-10         78.9%
{ 'Finished_epoch': 2, 'mAP': 35.2621%, rank1: 56%, 'best': 35.2621, 'at_epoch': 2, 'this_best': 1}
2025-05-03 14:57:52
Cost 0:08:48.661820
log2-trainerv2_weight/-far-update-0.9-0.2
2025-05-03 14:57:53 extracting
2025-05-03 14:57:56Extract Features: [1/51]	Time 3.305 (3.305)	Data 2.842 (2.842)	
2025-05-03 14:58:07 extracting done 
Computing jaccard distance...
Jaccard distance computing time cost: 8.683693885803223
2025-05-03 14:58:16 start dbscan clustering
2025-05-03 14:58:17
 Clustered into 607 classes 

learning rate:  0.00035
2025-05-03 14:58:24[Epoch:003] [001/200] | Loss: 0.298 | Acc: 94.5312
2025-05-03 14:58:49[Epoch:003] [050/200] | Loss: 1.195 | Acc: 79.9688
2025-05-03 14:59:14[Epoch:003] [100/200] | Loss: 2.426 | Acc: 58.9922
2025-05-03 14:59:42[Epoch:003] [150/200] | Loss: 2.905 | Acc: 49.7995
2025-05-03 15:00:08[Epoch:003] [200/200] | Loss: 3.068 | Acc: 46.5898
2025-05-03 15:00:08 extracting
2025-05-03 15:00:11Extract Features: [1/151]	Time 2.936 (2.936)	Data 2.705 (2.705)	
2025-05-03 15:00:22Extract Features: [100/151]	Time 0.119 (0.147)	Data 0.052 (0.077)	
2025-05-03 15:00:29 extracting done 
Mean AP: 44.9%
CMC Scores:
  top-1          66.9%
  top-5          81.0%
  top-10         85.5%
{ 'Finished_epoch': 3, 'mAP': 44.9418%, rank1: 67%, 'best': 44.9418, 'at_epoch': 3, 'this_best': 1}
2025-05-03 15:00:37
Cost 0:11:33.982605
log2-trainerv2_weight/-far-update-0.9-0.2
2025-05-03 15:00:38 extracting
2025-05-03 15:00:42Extract Features: [1/51]	Time 3.522 (3.522)	Data 3.041 (3.041)	
2025-05-03 15:00:53 extracting done 
Computing jaccard distance...
Jaccard distance computing time cost: 8.677899599075317
2025-05-03 15:01:02 start dbscan clustering
2025-05-03 15:01:02
 Clustered into 595 classes 

learning rate:  0.00035
2025-05-03 15:01:09[Epoch:004] [001/200] | Loss: 0.384 | Acc: 92.5781
2025-05-03 15:01:34[Epoch:004] [050/200] | Loss: 1.147 | Acc: 81.0625
2025-05-03 15:02:00[Epoch:004] [100/200] | Loss: 2.349 | Acc: 59.6328
2025-05-03 15:02:29[Epoch:004] [150/200] | Loss: 2.816 | Acc: 51.0703
2025-05-03 15:02:54[Epoch:004] [200/200] | Loss: 3.008 | Acc: 47.125
2025-05-03 15:02:54 extracting
2025-05-03 15:02:57Extract Features: [1/151]	Time 2.956 (2.956)	Data 2.725 (2.725)	
2025-05-03 15:03:08Extract Features: [100/151]	Time 0.112 (0.140)	Data 0.044 (0.071)	
2025-05-03 15:03:14 extracting done 
Mean AP: 54.9%
CMC Scores:
  top-1          75.9%
  top-5          87.6%
  top-10         91.4%
{ 'Finished_epoch': 4, 'mAP': 54.9162%, rank1: 76%, 'best': 54.9162, 'at_epoch': 4, 'this_best': 1}
2025-05-03 15:03:24
Cost 0:14:20.132007
log2-trainerv2_weight/-far-update-0.9-0.2
2025-05-03 15:03:24 extracting
2025-05-03 15:03:27Extract Features: [1/51]	Time 3.342 (3.342)	Data 2.876 (2.876)	
2025-05-03 15:03:39 extracting done 
Computing jaccard distance...
Jaccard distance computing time cost: 8.414983749389648
2025-05-03 15:03:47 start dbscan clustering
2025-05-03 15:03:48
 Clustered into 550 classes 

learning rate:  0.00035
2025-05-03 15:03:55[Epoch:005] [001/200] | Loss: 0.417 | Acc: 92.5781
2025-05-03 15:04:19[Epoch:005] [050/200] | Loss: 1.387 | Acc: 77.75
2025-05-03 15:04:45[Epoch:005] [100/200] | Loss: 2.484 | Acc: 56.3555
2025-05-03 15:05:14[Epoch:005] [150/200] | Loss: 2.884 | Acc: 48.8073
2025-05-03 15:05:39[Epoch:005] [200/200] | Loss: 3.059 | Acc: 45.3984
2025-05-03 15:05:39 extracting
2025-05-03 15:05:42Extract Features: [1/151]	Time 2.928 (2.928)	Data 2.697 (2.697)	
2025-05-03 15:05:54Extract Features: [100/151]	Time 0.108 (0.149)	Data 0.041 (0.080)	
2025-05-03 15:06:00 extracting done 
Mean AP: 60.1%
CMC Scores:
  top-1          79.0%
  top-5          90.2%
  top-10         93.4%
{ 'Finished_epoch': 5, 'mAP': 60.0761%, rank1: 79%, 'best': 60.0761, 'at_epoch': 5, 'this_best': 1}
2025-05-03 15:06:09
Cost 0:17:05.373285
log2-trainerv2_weight/-far-update-0.9-0.2
2025-05-03 15:06:09 extracting
2025-05-03 15:06:13Extract Features: [1/51]	Time 3.428 (3.428)	Data 2.936 (2.936)	
2025-05-03 15:06:24 extracting done 
Computing jaccard distance...
Jaccard distance computing time cost: 8.296936988830566
2025-05-03 15:06:33 start dbscan clustering
2025-05-03 15:06:33
 Clustered into 556 classes 

learning rate:  0.00035
2025-05-03 15:06:40[Epoch:006] [001/200] | Loss: 0.489 | Acc: 92.1875
2025-05-03 15:07:05[Epoch:006] [050/200] | Loss: 1.298 | Acc: 79.2422
2025-05-03 15:07:31[Epoch:006] [100/200] | Loss: 2.445 | Acc: 57.5352
2025-05-03 15:07:59[Epoch:006] [150/200] | Loss: 2.805 | Acc: 50.3151
2025-05-03 15:08:25[Epoch:006] [200/200] | Loss: 2.960 | Acc: 47.0918
2025-05-03 15:08:25 extracting
2025-05-03 15:08:28Extract Features: [1/151]	Time 2.906 (2.906)	Data 2.678 (2.678)	
2025-05-03 15:08:39Extract Features: [100/151]	Time 0.115 (0.140)	Data 0.047 (0.070)	
2025-05-03 15:08:45 extracting done 
Mean AP: 64.2%
CMC Scores:
  top-1          83.2%
  top-5          93.1%
  top-10         95.3%
{ 'Finished_epoch': 6, 'mAP': 64.1517%, rank1: 83%, 'best': 64.1517, 'at_epoch': 6, 'this_best': 1}
2025-05-03 15:08:54
Cost 0:19:50.475519
log2-trainerv2_weight/-far-update-0.9-0.2
2025-05-03 15:08:55 extracting
2025-05-03 15:08:58Extract Features: [1/51]	Time 3.291 (3.291)	Data 2.859 (2.859)	
2025-05-03 15:09:09 extracting done 
Computing jaccard distance...
Jaccard distance computing time cost: 8.30016016960144
2025-05-03 15:09:18 start dbscan clustering
2025-05-03 15:09:18
 Clustered into 565 classes 

learning rate:  0.00035
2025-05-03 15:09:25[Epoch:007] [001/200] | Loss: 0.269 | Acc: 96.4844
2025-05-03 15:09:50[Epoch:007] [050/200] | Loss: 1.200 | Acc: 79.9609
2025-05-03 15:10:16[Epoch:007] [100/200] | Loss: 2.401 | Acc: 58.3945
2025-05-03 15:10:45[Epoch:007] [150/200] | Loss: 2.764 | Acc: 50.4922
2025-05-03 15:11:10[Epoch:007] [200/200] | Loss: 2.935 | Acc: 46.791
2025-05-03 15:11:10 extracting
2025-05-03 15:11:13Extract Features: [1/151]	Time 2.940 (2.940)	Data 2.678 (2.678)	
2025-05-03 15:11:24Extract Features: [100/151]	Time 0.111 (0.141)	Data 0.043 (0.071)	
2025-05-03 15:11:30 extracting done 
Mean AP: 66.4%
CMC Scores:
  top-1          84.6%
  top-5          93.2%
  top-10         95.8%
{ 'Finished_epoch': 7, 'mAP': 66.3755%, rank1: 85%, 'best': 66.3755, 'at_epoch': 7, 'this_best': 1}
2025-05-03 15:11:40
Cost 0:22:36.056438
log2-trainerv2_weight/-far-update-0.9-0.2
2025-05-03 15:11:40 extracting
2025-05-03 15:11:43Extract Features: [1/51]	Time 3.270 (3.270)	Data 2.847 (2.847)	
2025-05-03 15:11:55 extracting done 
Computing jaccard distance...
Jaccard distance computing time cost: 8.185357570648193
2025-05-03 15:12:03 start dbscan clustering
2025-05-03 15:12:04
 Clustered into 567 classes 

learning rate:  0.00035
2025-05-03 15:12:11[Epoch:008] [001/200] | Loss: 0.222 | Acc: 96.4844
2025-05-03 15:12:36[Epoch:008] [050/200] | Loss: 1.084 | Acc: 82.0156
2025-05-03 15:13:01[Epoch:008] [100/200] | Loss: 2.219 | Acc: 60.8828
2025-05-03 15:13:30[Epoch:008] [150/200] | Loss: 2.640 | Acc: 52.3932
2025-05-03 15:13:55[Epoch:008] [200/200] | Loss: 2.809 | Acc: 48.9258
2025-05-03 15:13:55 extracting
2025-05-03 15:13:58Extract Features: [1/151]	Time 2.893 (2.893)	Data 2.697 (2.697)	
2025-05-03 15:14:09Extract Features: [100/151]	Time 0.114 (0.142)	Data 0.046 (0.074)	
2025-05-03 15:14:15 extracting done 
Mean AP: 66.4%
CMC Scores:
  top-1          84.8%
  top-5          92.9%
  top-10         95.9%
{ 'Finished_epoch': 8, 'mAP': 66.4022%, rank1: 85%, 'best': 66.4022, 'at_epoch': 8, 'this_best': 1}
2025-05-03 15:14:24
Cost 0:25:20.999477
log2-trainerv2_weight/-far-update-0.9-0.2
2025-05-03 15:14:25 extracting
2025-05-03 15:14:28Extract Features: [1/51]	Time 3.267 (3.267)	Data 2.875 (2.875)	
2025-05-03 15:14:39 extracting done 
Computing jaccard distance...
Jaccard distance computing time cost: 8.153934955596924
2025-05-03 15:14:48 start dbscan clustering
2025-05-03 15:14:49
 Clustered into 560 classes 

learning rate:  0.00035
2025-05-03 15:14:56[Epoch:009] [001/200] | Loss: 0.347 | Acc: 96.4844
2025-05-03 15:15:21[Epoch:009] [050/200] | Loss: 1.080 | Acc: 82.2578
2025-05-03 15:15:46[Epoch:009] [100/200] | Loss: 2.199 | Acc: 61.2305
2025-05-03 15:16:14[Epoch:009] [150/200] | Loss: 2.584 | Acc: 53.224
2025-05-03 15:16:40[Epoch:009] [200/200] | Loss: 2.752 | Acc: 49.6309
2025-05-03 15:16:40 extracting
2025-05-03 15:16:43Extract Features: [1/151]	Time 2.919 (2.919)	Data 2.691 (2.691)	
2025-05-03 15:16:55Extract Features: [100/151]	Time 0.116 (0.148)	Data 0.049 (0.078)	
2025-05-03 15:17:01 extracting done 
Mean AP: 68.1%
CMC Scores:
  top-1          85.5%
  top-5          93.9%
  top-10         96.2%
{ 'Finished_epoch': 9, 'mAP': 68.0645%, rank1: 86%, 'best': 68.0645, 'at_epoch': 9, 'this_best': 1}
2025-05-03 15:17:10
Cost 0:28:06.734397
log2-trainerv2_weight/-far-update-0.9-0.2
2025-05-03 15:17:11 extracting
2025-05-03 15:17:14Extract Features: [1/51]	Time 3.288 (3.288)	Data 2.892 (2.892)	
2025-05-03 15:17:25 extracting done 
Computing jaccard distance...
Jaccard distance computing time cost: 8.387480735778809
2025-05-03 15:17:34 start dbscan clustering
2025-05-03 15:17:35
 Clustered into 579 classes 

learning rate:  0.00035
2025-05-03 15:17:41[Epoch:010] [001/200] | Loss: 0.211 | Acc: 98.0469
2025-05-03 15:18:06[Epoch:010] [050/200] | Loss: 0.961 | Acc: 83.6719
2025-05-03 15:18:31[Epoch:010] [100/200] | Loss: 2.023 | Acc: 63.1406
2025-05-03 15:19:00[Epoch:010] [150/200] | Loss: 2.446 | Acc: 54.4141
2025-05-03 15:19:26[Epoch:010] [200/200] | Loss: 2.656 | Acc: 50.6406
2025-05-03 15:19:26 extracting
2025-05-03 15:19:29Extract Features: [1/151]	Time 2.921 (2.921)	Data 2.690 (2.690)	
2025-05-03 15:19:40Extract Features: [100/151]	Time 0.111 (0.141)	Data 0.044 (0.071)	
2025-05-03 15:19:47 extracting done 
Mean AP: 71.4%
CMC Scores:
  top-1          88.0%
  top-5          95.0%
  top-10         96.7%
{ 'Finished_epoch': 10, 'mAP': 71.3935%, rank1: 88%, 'best': 71.3935, 'at_epoch': 10, 'this_best': 1}
2025-05-03 15:19:56
Cost 0:30:52.931350
log2-trainerv2_weight/-far-update-0.9-0.2
2025-05-03 15:19:57 extracting
2025-05-03 15:20:00Extract Features: [1/51]	Time 3.179 (3.179)	Data 2.876 (2.876)	
2025-05-03 15:20:11 extracting done 
Computing jaccard distance...
Jaccard distance computing time cost: 8.29477834701538
2025-05-03 15:20:20 start dbscan clustering
2025-05-03 15:20:21
 Clustered into 570 classes 

learning rate:  0.00035
2025-05-03 15:20:28[Epoch:011] [001/200] | Loss: 0.120 | Acc: 98.8281
2025-05-03 15:20:53[Epoch:011] [050/200] | Loss: 1.079 | Acc: 82.1328
2025-05-03 15:21:19[Epoch:011] [100/200] | Loss: 2.039 | Acc: 63.6445
2025-05-03 15:21:47[Epoch:011] [150/200] | Loss: 2.426 | Acc: 55.9193
2025-05-03 15:22:13[Epoch:011] [200/200] | Loss: 2.619 | Acc: 51.9414
2025-05-03 15:22:13 extracting
2025-05-03 15:22:16Extract Features: [1/151]	Time 2.875 (2.875)	Data 2.674 (2.674)	
2025-05-03 15:22:27Extract Features: [100/151]	Time 0.118 (0.140)	Data 0.051 (0.071)	
2025-05-03 15:22:33 extracting done 
Mean AP: 73.8%
CMC Scores:
  top-1          89.1%
  top-5          95.6%
  top-10         97.0%
{ 'Finished_epoch': 11, 'mAP': 73.8082%, rank1: 89%, 'best': 73.8082, 'at_epoch': 11, 'this_best': 1}
2025-05-03 15:22:41
Cost 0:33:37.950430
log2-trainerv2_weight/-far-update-0.9-0.2
2025-05-03 15:22:42 extracting
2025-05-03 15:22:45Extract Features: [1/51]	Time 3.326 (3.326)	Data 2.896 (2.896)	
2025-05-03 15:22:56 extracting done 
Computing jaccard distance...
Jaccard distance computing time cost: 8.306528329849243
2025-05-03 15:23:05 start dbscan clustering
2025-05-03 15:23:06
 Clustered into 566 classes 

learning rate:  0.00035
2025-05-03 15:23:13[Epoch:012] [001/200] | Loss: 0.203 | Acc: 96.0938
2025-05-03 15:23:38[Epoch:012] [050/200] | Loss: 0.957 | Acc: 83.5938
2025-05-03 15:24:03[Epoch:012] [100/200] | Loss: 2.025 | Acc: 64.0625
2025-05-03 15:24:32[Epoch:012] [150/200] | Loss: 2.450 | Acc: 55.1979
2025-05-03 15:24:57[Epoch:012] [200/200] | Loss: 2.600 | Acc: 51.8457
2025-05-03 15:24:57 extracting
2025-05-03 15:25:00Extract Features: [1/151]	Time 2.979 (2.979)	Data 2.743 (2.743)	
2025-05-03 15:25:11Extract Features: [100/151]	Time 0.114 (0.141)	Data 0.047 (0.072)	
2025-05-03 15:25:17 extracting done 
Mean AP: 74.7%
CMC Scores:
  top-1          89.4%
  top-5          96.1%
  top-10         97.2%
{ 'Finished_epoch': 12, 'mAP': 74.652%, rank1: 89%, 'best': 74.652, 'at_epoch': 12, 'this_best': 1}
2025-05-03 15:25:28
Cost 0:36:24.278103
log2-trainerv2_weight/-far-update-0.9-0.2
2025-05-03 15:25:28 extracting
2025-05-03 15:25:32Extract Features: [1/51]	Time 3.525 (3.525)	Data 3.188 (3.188)	
2025-05-03 15:25:43 extracting done 
Computing jaccard distance...
Jaccard distance computing time cost: 8.102780818939209
2025-05-03 15:25:52 start dbscan clustering
2025-05-03 15:25:53
 Clustered into 578 classes 

learning rate:  0.00035
2025-05-03 15:25:59[Epoch:013] [001/200] | Loss: 0.215 | Acc: 97.2656
2025-05-03 15:26:24[Epoch:013] [050/200] | Loss: 0.908 | Acc: 84.5156
2025-05-03 15:26:50[Epoch:013] [100/200] | Loss: 1.886 | Acc: 65.7227
2025-05-03 15:27:19[Epoch:013] [150/200] | Loss: 2.325 | Acc: 56.974
2025-05-03 15:27:45[Epoch:013] [200/200] | Loss: 2.513 | Acc: 53.3262
2025-05-03 15:27:45 extracting
2025-05-03 15:27:48Extract Features: [1/151]	Time 2.933 (2.933)	Data 2.706 (2.706)	
2025-05-03 15:27:59Extract Features: [100/151]	Time 0.113 (0.140)	Data 0.046 (0.070)	
2025-05-03 15:28:05 extracting done 
Mean AP: 75.9%
CMC Scores:
  top-1          90.0%
  top-5          96.1%
  top-10         97.9%
{ 'Finished_epoch': 13, 'mAP': 75.8558%, rank1: 90%, 'best': 75.8558, 'at_epoch': 13, 'this_best': 1}
2025-05-03 15:28:14
Cost 0:39:10.661215
log2-trainerv2_weight/-far-update-0.9-0.2
2025-05-03 15:28:15 extracting
2025-05-03 15:28:18Extract Features: [1/51]	Time 3.325 (3.325)	Data 2.888 (2.888)	
2025-05-03 15:28:29 extracting done 
Computing jaccard distance...
Jaccard distance computing time cost: 8.057912349700928
2025-05-03 15:28:38 start dbscan clustering
2025-05-03 15:28:39
 Clustered into 581 classes 

learning rate:  0.00035
2025-05-03 15:28:46[Epoch:014] [001/200] | Loss: 0.274 | Acc: 96.0938
2025-05-03 15:29:11[Epoch:014] [050/200] | Loss: 0.860 | Acc: 85.1172
2025-05-03 15:29:36[Epoch:014] [100/200] | Loss: 1.919 | Acc: 65.2617
2025-05-03 15:30:05[Epoch:014] [150/200] | Loss: 2.338 | Acc: 56.7604
2025-05-03 15:30:30[Epoch:014] [200/200] | Loss: 2.512 | Acc: 53.1934
2025-05-03 15:30:30 extracting
2025-05-03 15:30:33Extract Features: [1/151]	Time 2.893 (2.893)	Data 2.685 (2.685)	
2025-05-03 15:30:45Extract Features: [100/151]	Time 0.109 (0.148)	Data 0.042 (0.079)	
2025-05-03 15:30:51 extracting done 
Mean AP: 75.0%
CMC Scores:
  top-1          89.7%
  top-5          96.0%
  top-10         97.5%
{ 'Finished_epoch': 14, 'mAP': 75.0137%, rank1: 90%, 'best': 75.8558, 'at_epoch': 13, 'this_best': 0}
2025-05-03 15:31:00
Cost 0:41:56.395526
log2-trainerv2_weight/-far-update-0.9-0.2
2025-05-03 15:31:00 extracting
2025-05-03 15:31:04Extract Features: [1/51]	Time 3.317 (3.317)	Data 2.880 (2.880)	
2025-05-03 15:31:15 extracting done 
Computing jaccard distance...
Jaccard distance computing time cost: 8.10258960723877
2025-05-03 15:31:24 start dbscan clustering
2025-05-03 15:31:24
 Clustered into 581 classes 

learning rate:  0.00035
2025-05-03 15:31:31[Epoch:015] [001/200] | Loss: 0.159 | Acc: 98.0469
2025-05-03 15:31:56[Epoch:015] [050/200] | Loss: 0.852 | Acc: 85.1562
2025-05-03 15:32:21[Epoch:015] [100/200] | Loss: 1.903 | Acc: 65.5977
2025-05-03 15:32:50[Epoch:015] [150/200] | Loss: 2.309 | Acc: 57.0
2025-05-03 15:33:15[Epoch:015] [200/200] | Loss: 2.484 | Acc: 53.3965
2025-05-03 15:33:16 extracting
2025-05-03 15:33:18Extract Features: [1/151]	Time 2.942 (2.942)	Data 2.709 (2.709)	
2025-05-03 15:33:30Extract Features: [100/151]	Time 0.111 (0.141)	Data 0.044 (0.072)	
2025-05-03 15:33:36 extracting done 
Mean AP: 75.9%
CMC Scores:
  top-1          89.5%
  top-5          95.8%
  top-10         97.2%
{ 'Finished_epoch': 15, 'mAP': 75.9118%, rank1: 89%, 'best': 75.9118, 'at_epoch': 15, 'this_best': 1}
2025-05-03 15:33:45
Cost 0:44:41.562126
log2-trainerv2_weight/-far-update-0.9-0.2
2025-05-03 15:33:46 extracting
2025-05-03 15:33:49Extract Features: [1/51]	Time 3.290 (3.290)	Data 2.847 (2.847)	
2025-05-03 15:34:00 extracting done 
Computing jaccard distance...
Jaccard distance computing time cost: 8.048486709594727
2025-05-03 15:34:09 start dbscan clustering
2025-05-03 15:34:09
 Clustered into 572 classes 

learning rate:  0.00035
2025-05-03 15:34:16[Epoch:016] [001/200] | Loss: 0.278 | Acc: 94.9219
2025-05-03 15:34:41[Epoch:016] [050/200] | Loss: 0.910 | Acc: 83.9766
2025-05-03 15:35:07[Epoch:016] [100/200] | Loss: 1.876 | Acc: 66.2188
2025-05-03 15:35:36[Epoch:016] [150/200] | Loss: 2.265 | Acc: 58.4635
2025-05-03 15:36:01[Epoch:016] [200/200] | Loss: 2.430 | Acc: 55.0254
2025-05-03 15:36:01 extracting
2025-05-03 15:36:04Extract Features: [1/151]	Time 2.927 (2.927)	Data 2.704 (2.704)	
2025-05-03 15:36:16Extract Features: [100/151]	Time 0.115 (0.151)	Data 0.048 (0.083)	
2025-05-03 15:36:22 extracting done 
Mean AP: 73.4%
CMC Scores:
  top-1          88.3%
  top-5          95.1%
  top-10         97.2%
{ 'Finished_epoch': 16, 'mAP': 73.3509%, rank1: 88%, 'best': 75.9118, 'at_epoch': 15, 'this_best': 0}
2025-05-03 15:36:31
Cost 0:47:27.537683
log2-trainerv2_weight/-far-update-0.9-0.2
2025-05-03 15:36:32 extracting
2025-05-03 15:36:35Extract Features: [1/51]	Time 3.288 (3.288)	Data 2.857 (2.857)	
2025-05-03 15:36:46 extracting done 
Computing jaccard distance...
Jaccard distance computing time cost: 8.076432228088379
2025-05-03 15:36:55 start dbscan clustering
2025-05-03 15:36:55
 Clustered into 579 classes 

learning rate:  0.00035
2025-05-03 15:37:02[Epoch:017] [001/200] | Loss: 0.138 | Acc: 98.4375
2025-05-03 15:37:27[Epoch:017] [050/200] | Loss: 0.782 | Acc: 86.7266
2025-05-03 15:37:52[Epoch:017] [100/200] | Loss: 1.733 | Acc: 68.3086
2025-05-03 15:38:21[Epoch:017] [150/200] | Loss: 2.119 | Acc: 60.3464
2025-05-03 15:38:46[Epoch:017] [200/200] | Loss: 2.306 | Acc: 56.5996
2025-05-03 15:38:46 extracting
2025-05-03 15:38:49Extract Features: [1/151]	Time 2.886 (2.886)	Data 2.692 (2.692)	
2025-05-03 15:39:00Extract Features: [100/151]	Time 0.115 (0.141)	Data 0.049 (0.072)	
2025-05-03 15:39:07 extracting done 
Mean AP: 77.1%
CMC Scores:
  top-1          90.5%
  top-5          96.3%
  top-10         97.5%
{ 'Finished_epoch': 17, 'mAP': 77.1057%, rank1: 90%, 'best': 77.1057, 'at_epoch': 17, 'this_best': 1}
2025-05-03 15:39:17
Cost 0:50:13.070674
log2-trainerv2_weight/-far-update-0.9-0.2
2025-05-03 15:39:17 extracting
2025-05-03 15:39:20Extract Features: [1/51]	Time 3.335 (3.335)	Data 2.899 (2.899)	
2025-05-03 15:39:31 extracting done 
Computing jaccard distance...
Jaccard distance computing time cost: 8.004875659942627
2025-05-03 15:39:40 start dbscan clustering
2025-05-03 15:39:41
 Clustered into 582 classes 

learning rate:  0.00035
2025-05-03 15:39:47[Epoch:018] [001/200] | Loss: 0.114 | Acc: 98.8281
2025-05-03 15:40:12[Epoch:018] [050/200] | Loss: 0.737 | Acc: 87.5234
2025-05-03 15:40:38[Epoch:018] [100/200] | Loss: 1.717 | Acc: 68.8242
2025-05-03 15:41:07[Epoch:018] [150/200] | Loss: 2.140 | Acc: 60.0625
2025-05-03 15:41:32[Epoch:018] [200/200] | Loss: 2.313 | Acc: 56.7285
2025-05-03 15:41:32 extracting
2025-05-03 15:41:35Extract Features: [1/151]	Time 2.945 (2.945)	Data 2.707 (2.707)	
2025-05-03 15:41:46Extract Features: [100/151]	Time 0.114 (0.142)	Data 0.047 (0.072)	
2025-05-03 15:41:52 extracting done 
Mean AP: 75.0%
CMC Scores:
  top-1          89.1%
  top-5          96.0%
  top-10         97.4%
{ 'Finished_epoch': 18, 'mAP': 75.0119%, rank1: 89%, 'best': 77.1057, 'at_epoch': 17, 'this_best': 0}
2025-05-03 15:42:03
Cost 0:52:59.974739
log2-trainerv2_weight/-far-update-0.9-0.2
2025-05-03 15:42:04 extracting
2025-05-03 15:42:07Extract Features: [1/51]	Time 3.353 (3.353)	Data 2.869 (2.869)	
2025-05-03 15:42:18 extracting done 
Computing jaccard distance...
Jaccard distance computing time cost: 8.0231773853302
2025-05-03 15:42:27 start dbscan clustering
2025-05-03 15:42:28
 Clustered into 560 classes 

learning rate:  0.00035
2025-05-03 15:42:34[Epoch:019] [001/200] | Loss: 0.144 | Acc: 98.0469
2025-05-03 15:42:59[Epoch:019] [050/200] | Loss: 0.863 | Acc: 85.5938
2025-05-03 15:43:24[Epoch:019] [100/200] | Loss: 1.724 | Acc: 68.5312
2025-05-03 15:43:53[Epoch:019] [150/200] | Loss: 2.122 | Acc: 60.237
2025-05-03 15:44:18[Epoch:019] [200/200] | Loss: 2.303 | Acc: 56.291
2025-05-03 15:44:18 extracting
2025-05-03 15:44:21Extract Features: [1/151]	Time 2.895 (2.895)	Data 2.700 (2.700)	
2025-05-03 15:44:33Extract Features: [100/151]	Time 0.116 (0.141)	Data 0.049 (0.072)	
2025-05-03 15:44:39 extracting done 
Mean AP: 77.8%
CMC Scores:
  top-1          90.9%
  top-5          96.2%
  top-10         97.6%
{ 'Finished_epoch': 19, 'mAP': 77.7625%, rank1: 91%, 'best': 77.7625, 'at_epoch': 19, 'this_best': 1}
2025-05-03 15:44:48
Cost 0:55:44.836411
log2-trainerv2_weight/-far-update-0.9-0.2
2025-05-03 15:44:49 extracting
2025-05-03 15:44:52Extract Features: [1/51]	Time 3.239 (3.239)	Data 2.863 (2.863)	
2025-05-03 15:45:03 extracting done 
Computing jaccard distance...
Jaccard distance computing time cost: 7.988569736480713
2025-05-03 15:45:12 start dbscan clustering
2025-05-03 15:45:13
 Clustered into 572 classes 

learning rate:  0.00035
2025-05-03 15:45:20[Epoch:020] [001/200] | Loss: 0.121 | Acc: 98.4375
2025-05-03 15:45:44[Epoch:020] [050/200] | Loss: 0.839 | Acc: 85.3125
2025-05-03 15:46:10[Epoch:020] [100/200] | Loss: 1.787 | Acc: 67.418
2025-05-03 15:46:38[Epoch:020] [150/200] | Loss: 2.136 | Acc: 60.0755
2025-05-03 15:47:04[Epoch:020] [200/200] | Loss: 2.293 | Acc: 56.7109
2025-05-03 15:47:04 extracting
2025-05-03 15:47:07Extract Features: [1/151]	Time 2.928 (2.928)	Data 2.705 (2.705)	
2025-05-03 15:47:18Extract Features: [100/151]	Time 0.111 (0.140)	Data 0.044 (0.071)	
2025-05-03 15:47:24 extracting done 
Mean AP: 77.4%
CMC Scores:
  top-1          90.5%
  top-5          96.6%
  top-10         97.6%
{ 'Finished_epoch': 20, 'mAP': 77.3936%, rank1: 90%, 'best': 77.7625, 'at_epoch': 19, 'this_best': 0}
2025-05-03 15:47:33
Cost 0:58:29.060137
log2-trainerv2_weight/-far-update-0.9-0.2
2025-05-03 15:47:33 extracting
2025-05-03 15:47:36Extract Features: [1/51]	Time 3.359 (3.359)	Data 2.907 (2.907)	
2025-05-03 15:47:48 extracting done 
Computing jaccard distance...
Jaccard distance computing time cost: 7.988069295883179
2025-05-03 15:47:56 start dbscan clustering
2025-05-03 15:47:57
 Clustered into 576 classes 

learning rate:  0.00035
2025-05-03 15:48:04[Epoch:021] [001/200] | Loss: 0.200 | Acc: 98.0469
2025-05-03 15:48:28[Epoch:021] [050/200] | Loss: 0.736 | Acc: 87.125
2025-05-03 15:48:54[Epoch:021] [100/200] | Loss: 1.683 | Acc: 69.3828
2025-05-03 15:49:22[Epoch:021] [150/200] | Loss: 2.109 | Acc: 60.6745
2025-05-03 15:49:48[Epoch:021] [200/200] | Loss: 2.299 | Acc: 56.8164
2025-05-03 15:49:48 extracting
2025-05-03 15:49:51Extract Features: [1/151]	Time 2.918 (2.918)	Data 2.715 (2.715)	
2025-05-03 15:50:02Extract Features: [100/151]	Time 0.110 (0.141)	Data 0.043 (0.070)	
2025-05-03 15:50:08 extracting done 
Mean AP: 77.2%
CMC Scores:
  top-1          90.6%
  top-5          96.6%
  top-10         97.7%
{ 'Finished_epoch': 21, 'mAP': 77.2445%, rank1: 91%, 'best': 77.7625, 'at_epoch': 19, 'this_best': 0}
2025-05-03 15:50:17
Cost 1:01:13.268644
log2-trainerv2_weight/-far-update-0.9-0.2
2025-05-03 15:50:17 extracting
2025-05-03 15:50:21Extract Features: [1/51]	Time 3.286 (3.286)	Data 2.860 (2.860)	
2025-05-03 15:50:32 extracting done 
Computing jaccard distance...
Jaccard distance computing time cost: 8.106171369552612
2025-05-03 15:50:40 start dbscan clustering
2025-05-03 15:50:41
 Clustered into 574 classes 

learning rate:  0.00035
2025-05-03 15:50:48[Epoch:022] [001/200] | Loss: 0.184 | Acc: 97.6562
2025-05-03 15:51:12[Epoch:022] [050/200] | Loss: 0.765 | Acc: 87.1094
2025-05-03 15:51:38[Epoch:022] [100/200] | Loss: 1.702 | Acc: 68.75
2025-05-03 15:52:06[Epoch:022] [150/200] | Loss: 2.106 | Acc: 60.0599
2025-05-03 15:52:32[Epoch:022] [200/200] | Loss: 2.278 | Acc: 56.3672
2025-05-03 15:52:32 extracting
2025-05-03 15:52:35Extract Features: [1/151]	Time 2.928 (2.928)	Data 2.689 (2.689)	
2025-05-03 15:52:46Extract Features: [100/151]	Time 0.114 (0.140)	Data 0.046 (0.071)	
2025-05-03 15:52:52 extracting done 
Mean AP: 78.4%
CMC Scores:
  top-1          90.7%
  top-5          96.3%
  top-10         97.5%
{ 'Finished_epoch': 22, 'mAP': 78.3993%, rank1: 91%, 'best': 78.3993, 'at_epoch': 22, 'this_best': 1}
2025-05-03 15:53:01
Cost 1:03:57.738013
log2-trainerv2_weight/-far-update-0.9-0.2
2025-05-03 15:53:02 extracting
2025-05-03 15:53:05Extract Features: [1/51]	Time 3.355 (3.355)	Data 2.942 (2.942)	
2025-05-03 15:53:16 extracting done 
Computing jaccard distance...
Jaccard distance computing time cost: 8.1233389377594
2025-05-03 15:53:25 start dbscan clustering
2025-05-03 15:53:25
 Clustered into 582 classes 

learning rate:  0.00035
2025-05-03 15:53:32[Epoch:023] [001/200] | Loss: 0.155 | Acc: 96.4844
2025-05-03 15:53:57[Epoch:023] [050/200] | Loss: 0.678 | Acc: 88.0781
2025-05-03 15:54:24[Epoch:023] [100/200] | Loss: 1.591 | Acc: 70.5664
2025-05-03 15:54:52[Epoch:023] [150/200] | Loss: 2.007 | Acc: 62.1068
2025-05-03 15:55:18[Epoch:023] [200/200] | Loss: 2.164 | Acc: 58.6406
2025-05-03 15:55:18 extracting
2025-05-03 15:55:21Extract Features: [1/151]	Time 2.875 (2.875)	Data 2.658 (2.658)	
2025-05-03 15:55:32Extract Features: [100/151]	Time 0.113 (0.139)	Data 0.046 (0.070)	
2025-05-03 15:55:38 extracting done 
Mean AP: 79.1%
CMC Scores:
  top-1          91.3%
  top-5          96.6%
  top-10         97.9%
{ 'Finished_epoch': 23, 'mAP': 79.0708%, rank1: 91%, 'best': 79.0708, 'at_epoch': 23, 'this_best': 1}
2025-05-03 15:55:47
Cost 1:06:43.392851
log2-trainerv2_weight/-far-update-0.9-0.2
2025-05-03 15:55:47 extracting
2025-05-03 15:55:51Extract Features: [1/51]	Time 3.242 (3.242)	Data 2.856 (2.856)	
2025-05-03 15:56:02 extracting done 
Computing jaccard distance...
Jaccard distance computing time cost: 8.021426677703857
2025-05-03 15:56:10 start dbscan clustering
2025-05-03 15:56:11
 Clustered into 572 classes 

learning rate:  0.00035
2025-05-03 15:56:18[Epoch:024] [001/200] | Loss: 0.126 | Acc: 98.4375
2025-05-03 15:56:43[Epoch:024] [050/200] | Loss: 0.732 | Acc: 87.0859
2025-05-03 15:57:08[Epoch:024] [100/200] | Loss: 1.674 | Acc: 69.5273
2025-05-03 15:57:37[Epoch:024] [150/200] | Loss: 2.041 | Acc: 61.7865
2025-05-03 15:58:02[Epoch:024] [200/200] | Loss: 2.182 | Acc: 58.7891
2025-05-03 15:58:02 extracting
2025-05-03 15:58:05Extract Features: [1/151]	Time 2.997 (2.997)	Data 2.745 (2.745)	
2025-05-03 15:58:16Extract Features: [100/151]	Time 0.111 (0.142)	Data 0.044 (0.073)	
2025-05-03 15:58:22 extracting done 
Mean AP: 78.4%
CMC Scores:
  top-1          90.9%
  top-5          96.2%
  top-10         97.6%
{ 'Finished_epoch': 24, 'mAP': 78.4161%, rank1: 91%, 'best': 79.0708, 'at_epoch': 23, 'this_best': 0}
2025-05-03 15:58:32
Cost 1:09:28.612089
log2-trainerv2_weight/-far-update-0.9-0.2
2025-05-03 15:58:33 extracting
2025-05-03 15:58:36Extract Features: [1/51]	Time 3.339 (3.339)	Data 2.850 (2.850)	
2025-05-03 15:58:47 extracting done 
Computing jaccard distance...
Jaccard distance computing time cost: 7.983735799789429
2025-05-03 15:58:55 start dbscan clustering
2025-05-03 15:58:56
 Clustered into 572 classes 

learning rate:  3.5000000000000004e-05
2025-05-03 15:59:03[Epoch:025] [001/200] | Loss: 0.255 | Acc: 95.3125
2025-05-03 15:59:28[Epoch:025] [050/200] | Loss: 0.633 | Acc: 89.0859
2025-05-03 15:59:53[Epoch:025] [100/200] | Loss: 1.281 | Acc: 76.4023
2025-05-03 16:00:22[Epoch:025] [150/200] | Loss: 1.563 | Acc: 70.7161
2025-05-03 16:00:48[Epoch:025] [200/200] | Loss: 1.689 | Acc: 68.1055
2025-05-03 16:00:48 extracting
2025-05-03 16:00:51Extract Features: [1/151]	Time 2.880 (2.880)	Data 2.687 (2.687)	
2025-05-03 16:01:02Extract Features: [100/151]	Time 0.112 (0.147)	Data 0.045 (0.078)	
2025-05-03 16:01:09 extracting done 
Mean AP: 82.5%
CMC Scores:
  top-1          92.8%
  top-5          97.4%
  top-10         98.2%
{ 'Finished_epoch': 25, 'mAP': 82.5219%, rank1: 93%, 'best': 82.5219, 'at_epoch': 25, 'this_best': 1}
2025-05-03 16:01:17
Cost 1:12:14.003618
log2-trainerv2_weight/-far-update-0.9-0.2
2025-05-03 16:01:18 extracting
2025-05-03 16:01:21Extract Features: [1/51]	Time 3.333 (3.333)	Data 2.902 (2.902)	
2025-05-03 16:01:32 extracting done 
Computing jaccard distance...
Jaccard distance computing time cost: 7.985219717025757
2025-05-03 16:01:41 start dbscan clustering
2025-05-03 16:01:41
 Clustered into 583 classes 

learning rate:  3.5000000000000004e-05
2025-05-03 16:01:48[Epoch:026] [001/200] | Loss: 0.072 | Acc: 99.6094
2025-05-03 16:02:13[Epoch:026] [050/200] | Loss: 0.536 | Acc: 90.7734
2025-05-03 16:02:39[Epoch:026] [100/200] | Loss: 1.101 | Acc: 79.9609
2025-05-03 16:03:09[Epoch:026] [150/200] | Loss: 1.368 | Acc: 74.4922
2025-05-03 16:03:34[Epoch:026] [200/200] | Loss: 1.523 | Acc: 71.1543
2025-05-03 16:03:34 extracting
2025-05-03 16:03:37Extract Features: [1/151]	Time 2.928 (2.928)	Data 2.703 (2.703)	
2025-05-03 16:03:49Extract Features: [100/151]	Time 0.110 (0.149)	Data 0.042 (0.080)	
2025-05-03 16:03:55 extracting done 
Mean AP: 83.2%
CMC Scores:
  top-1          92.8%
  top-5          97.4%
  top-10         98.2%
{ 'Finished_epoch': 26, 'mAP': 83.2375%, rank1: 93%, 'best': 83.2375, 'at_epoch': 26, 'this_best': 1}
2025-05-03 16:04:04
Cost 1:15:00.113668
log2-trainerv2_weight/-far-update-0.9-0.2
2025-05-03 16:04:04 extracting
2025-05-03 16:04:08Extract Features: [1/51]	Time 3.355 (3.355)	Data 2.925 (2.925)	
2025-05-03 16:04:19 extracting done 
Computing jaccard distance...
Jaccard distance computing time cost: 7.957408905029297
2025-05-03 16:04:27 start dbscan clustering
2025-05-03 16:04:28
 Clustered into 586 classes 

learning rate:  3.5000000000000004e-05
2025-05-03 16:04:35[Epoch:027] [001/200] | Loss: 0.105 | Acc: 97.6562
2025-05-03 16:05:00[Epoch:027] [050/200] | Loss: 0.426 | Acc: 92.0859
2025-05-03 16:05:25[Epoch:027] [100/200] | Loss: 0.982 | Acc: 81.6367
2025-05-03 16:05:54[Epoch:027] [150/200] | Loss: 1.288 | Acc: 75.6328
2025-05-03 16:06:19[Epoch:027] [200/200] | Loss: 1.434 | Acc: 72.7109
2025-05-03 16:06:19 extracting
2025-05-03 16:06:22Extract Features: [1/151]	Time 3.000 (3.000)	Data 2.720 (2.720)	
2025-05-03 16:06:33Extract Features: [100/151]	Time 0.113 (0.141)	Data 0.046 (0.072)	
2025-05-03 16:06:40 extracting done 
Mean AP: 83.5%
CMC Scores:
  top-1          93.2%
  top-5          97.2%
  top-10         98.2%
{ 'Finished_epoch': 27, 'mAP': 83.5276%, rank1: 93%, 'best': 83.5276, 'at_epoch': 27, 'this_best': 1}
2025-05-03 16:06:49
Cost 1:17:45.794196
log2-trainerv2_weight/-far-update-0.9-0.2
2025-05-03 16:06:50 extracting
2025-05-03 16:06:53Extract Features: [1/51]	Time 3.227 (3.227)	Data 2.854 (2.854)	
2025-05-03 16:07:04 extracting done 
Computing jaccard distance...
Jaccard distance computing time cost: 7.977829933166504
2025-05-03 16:07:13 start dbscan clustering
2025-05-03 16:07:13
 Clustered into 589 classes 

learning rate:  3.5000000000000004e-05
2025-05-03 16:07:20[Epoch:028] [001/200] | Loss: 0.063 | Acc: 99.6094
2025-05-03 16:07:45[Epoch:028] [050/200] | Loss: 0.470 | Acc: 91.6484
2025-05-03 16:08:11[Epoch:028] [100/200] | Loss: 0.990 | Acc: 81.6602
2025-05-03 16:08:39[Epoch:028] [150/200] | Loss: 1.268 | Acc: 76.1953
2025-05-03 16:09:05[Epoch:028] [200/200] | Loss: 1.409 | Acc: 73.2324
2025-05-03 16:09:05 extracting
2025-05-03 16:09:08Extract Features: [1/151]	Time 2.945 (2.945)	Data 2.693 (2.693)	
2025-05-03 16:09:19Extract Features: [100/151]	Time 0.114 (0.141)	Data 0.047 (0.071)	
2025-05-03 16:09:25 extracting done 
Mean AP: 84.1%
CMC Scores:
  top-1          93.2%
  top-5          97.3%
  top-10         98.2%
{ 'Finished_epoch': 28, 'mAP': 84.0808%, rank1: 93%, 'best': 84.0808, 'at_epoch': 28, 'this_best': 1}
2025-05-03 16:09:34
Cost 1:20:30.594834
log2-trainerv2_weight/-far-update-0.9-0.2
2025-05-03 16:09:35 extracting
2025-05-03 16:09:38Extract Features: [1/51]	Time 3.325 (3.325)	Data 2.836 (2.836)	
2025-05-03 16:09:50 extracting done 
Computing jaccard distance...
Jaccard distance computing time cost: 8.077263832092285
2025-05-03 16:09:59 start dbscan clustering
2025-05-03 16:09:59
 Clustered into 593 classes 

learning rate:  3.5000000000000004e-05
2025-05-03 16:10:06[Epoch:029] [001/200] | Loss: 0.108 | Acc: 99.6094
2025-05-03 16:10:31[Epoch:029] [050/200] | Loss: 0.366 | Acc: 93.4141
2025-05-03 16:10:57[Epoch:029] [100/200] | Loss: 0.953 | Acc: 82.0
2025-05-03 16:11:25[Epoch:029] [150/200] | Loss: 1.216 | Acc: 76.8411
2025-05-03 16:11:51[Epoch:029] [200/200] | Loss: 1.372 | Acc: 73.5078
2025-05-03 16:11:51 extracting
2025-05-03 16:11:54Extract Features: [1/151]	Time 3.077 (3.077)	Data 2.693 (2.693)	
2025-05-03 16:12:05Extract Features: [100/151]	Time 0.113 (0.145)	Data 0.046 (0.074)	
2025-05-03 16:12:11 extracting done 
Mean AP: 84.2%
CMC Scores:
  top-1          93.1%
  top-5          97.3%
  top-10         98.2%
{ 'Finished_epoch': 29, 'mAP': 84.1878%, rank1: 93%, 'best': 84.1878, 'at_epoch': 29, 'this_best': 1}
2025-05-03 16:12:20
Cost 1:23:16.270985
log2-trainerv2_weight/-far-update-0.9-0.2
2025-05-03 16:12:20 extracting
2025-05-03 16:12:24Extract Features: [1/51]	Time 3.268 (3.268)	Data 2.951 (2.951)	
2025-05-03 16:12:35 extracting done 
Computing jaccard distance...
Jaccard distance computing time cost: 8.033857583999634
2025-05-03 16:12:43 start dbscan clustering
2025-05-03 16:12:44
 Clustered into 592 classes 

learning rate:  3.5000000000000004e-05
2025-05-03 16:12:51[Epoch:030] [001/200] | Loss: 0.062 | Acc: 99.6094
2025-05-03 16:13:16[Epoch:030] [050/200] | Loss: 0.421 | Acc: 92.6797
2025-05-03 16:13:41[Epoch:030] [100/200] | Loss: 0.911 | Acc: 83.0273
2025-05-03 16:14:10[Epoch:030] [150/200] | Loss: 1.174 | Acc: 77.8984
2025-05-03 16:14:36[Epoch:030] [200/200] | Loss: 1.310 | Acc: 75.0859
2025-05-03 16:14:36 extracting
2025-05-03 16:14:39Extract Features: [1/151]	Time 2.952 (2.952)	Data 2.747 (2.747)	
2025-05-03 16:14:51Extract Features: [100/151]	Time 0.116 (0.147)	Data 0.049 (0.076)	
2025-05-03 16:14:57 extracting done 
Mean AP: 84.4%
CMC Scores:
  top-1          93.3%
  top-5          97.6%
  top-10         98.3%
{ 'Finished_epoch': 30, 'mAP': 84.4359%, rank1: 93%, 'best': 84.4359, 'at_epoch': 30, 'this_best': 1}
2025-05-03 16:15:06
Cost 1:26:02.081933
log2-trainerv2_weight/-far-update-0.9-0.2
2025-05-03 16:15:06 extracting
2025-05-03 16:15:09Extract Features: [1/51]	Time 3.343 (3.343)	Data 2.849 (2.849)	
2025-05-03 16:15:21 extracting done 
Computing jaccard distance...
Jaccard distance computing time cost: 7.888354063034058
2025-05-03 16:15:29 start dbscan clustering
2025-05-03 16:15:30
 Clustered into 589 classes 

learning rate:  3.5000000000000004e-05
2025-05-03 16:15:37[Epoch:031] [001/200] | Loss: 0.071 | Acc: 99.2188
2025-05-03 16:16:01[Epoch:031] [050/200] | Loss: 0.384 | Acc: 93.5234
2025-05-03 16:16:27[Epoch:031] [100/200] | Loss: 0.917 | Acc: 83.3438
2025-05-03 16:16:57[Epoch:031] [150/200] | Loss: 1.156 | Acc: 78.6224
2025-05-03 16:17:22[Epoch:031] [200/200] | Loss: 1.311 | Acc: 75.4219
2025-05-03 16:17:22 extracting
2025-05-03 16:17:25Extract Features: [1/151]	Time 2.925 (2.925)	Data 2.685 (2.685)	
2025-05-03 16:17:36Extract Features: [100/151]	Time 0.109 (0.140)	Data 0.042 (0.071)	
2025-05-03 16:17:42 extracting done 
Mean AP: 84.7%
CMC Scores:
  top-1          93.5%
  top-5          97.7%
  top-10         98.3%
{ 'Finished_epoch': 31, 'mAP': 84.6808%, rank1: 94%, 'best': 84.6808, 'at_epoch': 31, 'this_best': 1}
2025-05-03 16:17:52
Cost 1:28:48.101005
log2-trainerv2_weight/-far-update-0.9-0.2
2025-05-03 16:17:52 extracting
2025-05-03 16:17:55Extract Features: [1/51]	Time 3.299 (3.299)	Data 2.819 (2.819)	
2025-05-03 16:18:07 extracting done 
Computing jaccard distance...
Jaccard distance computing time cost: 7.980197906494141
2025-05-03 16:18:15 start dbscan clustering
2025-05-03 16:18:16
 Clustered into 594 classes 

learning rate:  3.5000000000000004e-05
2025-05-03 16:18:23[Epoch:032] [001/200] | Loss: 0.064 | Acc: 98.4375
2025-05-03 16:18:48[Epoch:032] [050/200] | Loss: 0.368 | Acc: 93.5391
2025-05-03 16:19:13[Epoch:032] [100/200] | Loss: 0.855 | Acc: 83.9219
2025-05-03 16:19:42[Epoch:032] [150/200] | Loss: 1.124 | Acc: 79.1432
2025-05-03 16:20:08[Epoch:032] [200/200] | Loss: 1.284 | Acc: 76.1191
2025-05-03 16:20:08 extracting
2025-05-03 16:20:11Extract Features: [1/151]	Time 2.880 (2.880)	Data 2.687 (2.687)	
2025-05-03 16:20:22Extract Features: [100/151]	Time 0.109 (0.140)	Data 0.043 (0.071)	
2025-05-03 16:20:28 extracting done 
Mean AP: 84.7%
CMC Scores:
  top-1          93.4%
  top-5          97.5%
  top-10         98.1%
{ 'Finished_epoch': 32, 'mAP': 84.6511%, rank1: 93%, 'best': 84.6808, 'at_epoch': 31, 'this_best': 0}
2025-05-03 16:20:37
Cost 1:31:33.065930
log2-trainerv2_weight/-far-update-0.9-0.2
2025-05-03 16:20:37 extracting
2025-05-03 16:20:40Extract Features: [1/51]	Time 3.293 (3.293)	Data 2.838 (2.838)	
2025-05-03 16:20:52 extracting done 
Computing jaccard distance...
Jaccard distance computing time cost: 7.957035303115845
2025-05-03 16:21:00 start dbscan clustering
2025-05-03 16:21:01
 Clustered into 595 classes 

learning rate:  3.5000000000000004e-05
2025-05-03 16:21:08[Epoch:033] [001/200] | Loss: 0.109 | Acc: 97.6562
2025-05-03 16:21:32[Epoch:033] [050/200] | Loss: 0.351 | Acc: 93.8984
2025-05-03 16:21:58[Epoch:033] [100/200] | Loss: 0.824 | Acc: 85.082
2025-05-03 16:22:26[Epoch:033] [150/200] | Loss: 1.084 | Acc: 79.763
2025-05-03 16:22:52[Epoch:033] [200/200] | Loss: 1.244 | Acc: 76.791
2025-05-03 16:22:52 extracting
2025-05-03 16:22:55Extract Features: [1/151]	Time 2.969 (2.969)	Data 2.722 (2.722)	
2025-05-03 16:23:06Extract Features: [100/151]	Time 0.115 (0.141)	Data 0.048 (0.072)	
2025-05-03 16:23:12 extracting done 
Mean AP: 84.9%
CMC Scores:
  top-1          93.6%
  top-5          97.5%
  top-10         98.4%
{ 'Finished_epoch': 33, 'mAP': 84.8894%, rank1: 94%, 'best': 84.8894, 'at_epoch': 33, 'this_best': 1}
2025-05-03 16:23:21
Cost 1:34:17.164091
log2-trainerv2_weight/-far-update-0.9-0.2
2025-05-03 16:23:21 extracting
2025-05-03 16:23:24Extract Features: [1/51]	Time 3.145 (3.145)	Data 2.828 (2.828)	
2025-05-03 16:23:36 extracting done 
Computing jaccard distance...
Jaccard distance computing time cost: 8.014233589172363
2025-05-03 16:23:44 start dbscan clustering
2025-05-03 16:23:45
 Clustered into 594 classes 

learning rate:  3.5000000000000004e-05
2025-05-03 16:23:52[Epoch:034] [001/200] | Loss: 0.067 | Acc: 99.6094
2025-05-03 16:24:16[Epoch:034] [050/200] | Loss: 0.363 | Acc: 93.6953
2025-05-03 16:24:42[Epoch:034] [100/200] | Loss: 0.787 | Acc: 85.2891
2025-05-03 16:25:10[Epoch:034] [150/200] | Loss: 1.077 | Acc: 79.6094
2025-05-03 16:25:36[Epoch:034] [200/200] | Loss: 1.223 | Acc: 76.6895
2025-05-03 16:25:36 extracting
2025-05-03 16:25:39Extract Features: [1/151]	Time 2.935 (2.935)	Data 2.683 (2.683)	
2025-05-03 16:25:50Extract Features: [100/151]	Time 0.112 (0.140)	Data 0.045 (0.071)	
2025-05-03 16:25:56 extracting done 
Mean AP: 84.9%
CMC Scores:
  top-1          93.6%
  top-5          97.5%
  top-10         98.0%
{ 'Finished_epoch': 34, 'mAP': 84.8706%, rank1: 94%, 'best': 84.8894, 'at_epoch': 33, 'this_best': 0}
2025-05-03 16:26:05
Cost 1:37:01.554279
log2-trainerv2_weight/-far-update-0.9-0.2
2025-05-03 16:26:06 extracting
2025-05-03 16:26:09Extract Features: [1/51]	Time 3.288 (3.288)	Data 2.859 (2.859)	
2025-05-03 16:26:20 extracting done 
Computing jaccard distance...
Jaccard distance computing time cost: 7.929417133331299
2025-05-03 16:26:29 start dbscan clustering
2025-05-03 16:26:30
 Clustered into 595 classes 

learning rate:  3.5000000000000004e-05
2025-05-03 16:26:36[Epoch:035] [001/200] | Loss: 0.078 | Acc: 99.6094
2025-05-03 16:27:01[Epoch:035] [050/200] | Loss: 0.328 | Acc: 94.3984
2025-05-03 16:27:27[Epoch:035] [100/200] | Loss: 0.811 | Acc: 85.1328
2025-05-03 16:27:56[Epoch:035] [150/200] | Loss: 1.082 | Acc: 79.6589
2025-05-03 16:28:21[Epoch:035] [200/200] | Loss: 1.214 | Acc: 77.1816
2025-05-03 16:28:21 extracting
2025-05-03 16:28:24Extract Features: [1/151]	Time 3.004 (3.004)	Data 2.723 (2.723)	
2025-05-03 16:28:35Extract Features: [100/151]	Time 0.114 (0.142)	Data 0.047 (0.072)	
2025-05-03 16:28:42 extracting done 
Mean AP: 85.0%
CMC Scores:
  top-1          93.6%
  top-5          97.4%
  top-10         98.2%
{ 'Finished_epoch': 35, 'mAP': 85.0173%, rank1: 94%, 'best': 85.0173, 'at_epoch': 35, 'this_best': 1}
2025-05-03 16:28:51
Cost 1:39:47.493474
log2-trainerv2_weight/-far-update-0.9-0.2
2025-05-03 16:28:52 extracting
2025-05-03 16:28:55Extract Features: [1/51]	Time 3.278 (3.278)	Data 2.942 (2.942)	
2025-05-03 16:29:06 extracting done 
Computing jaccard distance...
Jaccard distance computing time cost: 8.08867073059082
2025-05-03 16:29:15 start dbscan clustering
2025-05-03 16:29:15
 Clustered into 594 classes 

learning rate:  3.5000000000000004e-05
2025-05-03 16:29:22[Epoch:036] [001/200] | Loss: 0.042 | Acc: 99.6094
2025-05-03 16:29:47[Epoch:036] [050/200] | Loss: 0.305 | Acc: 94.4688
2025-05-03 16:30:12[Epoch:036] [100/200] | Loss: 0.789 | Acc: 85.3828
2025-05-03 16:30:41[Epoch:036] [150/200] | Loss: 1.010 | Acc: 81.0339
2025-05-03 16:31:06[Epoch:036] [200/200] | Loss: 1.147 | Acc: 78.1523
2025-05-03 16:31:06 extracting
2025-05-03 16:31:09Extract Features: [1/151]	Time 2.919 (2.919)	Data 2.677 (2.677)	
2025-05-03 16:31:20Extract Features: [100/151]	Time 0.107 (0.140)	Data 0.040 (0.071)	
2025-05-03 16:31:26 extracting done 
Mean AP: 85.2%
CMC Scores:
  top-1          93.6%
  top-5          97.6%
  top-10         98.4%
{ 'Finished_epoch': 36, 'mAP': 85.227%, rank1: 94%, 'best': 85.227, 'at_epoch': 36, 'this_best': 1}
2025-05-03 16:31:35
Cost 1:42:31.752393
log2-trainerv2_weight/-far-update-0.9-0.2
2025-05-03 16:31:36 extracting
2025-05-03 16:31:39Extract Features: [1/51]	Time 3.198 (3.198)	Data 2.877 (2.877)	
2025-05-03 16:31:50 extracting done 
Computing jaccard distance...
Jaccard distance computing time cost: 7.947671413421631
2025-05-03 16:31:59 start dbscan clustering
2025-05-03 16:32:00
 Clustered into 600 classes 

learning rate:  3.5000000000000004e-05
2025-05-03 16:32:07[Epoch:037] [001/200] | Loss: 0.039 | Acc: 100.0
2025-05-03 16:32:31[Epoch:037] [050/200] | Loss: 0.373 | Acc: 93.8125
2025-05-03 16:32:57[Epoch:037] [100/200] | Loss: 0.807 | Acc: 85.3203
2025-05-03 16:33:26[Epoch:037] [150/200] | Loss: 1.059 | Acc: 80.3438
2025-05-03 16:33:51[Epoch:037] [200/200] | Loss: 1.191 | Acc: 77.6289
2025-05-03 16:33:51 extracting
2025-05-03 16:33:54Extract Features: [1/151]	Time 2.954 (2.954)	Data 2.712 (2.712)	
2025-05-03 16:34:06Extract Features: [100/151]	Time 0.111 (0.148)	Data 0.044 (0.078)	
2025-05-03 16:34:12 extracting done 
Mean AP: 85.3%
CMC Scores:
  top-1          93.6%
  top-5          97.4%
  top-10         98.2%
{ 'Finished_epoch': 37, 'mAP': 85.3076%, rank1: 94%, 'best': 85.3076, 'at_epoch': 37, 'this_best': 1}
2025-05-03 16:34:21
Cost 1:45:17.258640
log2-trainerv2_weight/-far-update-0.9-0.2
2025-05-03 16:34:21 extracting
2025-05-03 16:34:25Extract Features: [1/51]	Time 3.392 (3.392)	Data 2.903 (2.903)	
2025-05-03 16:34:36 extracting done 
Computing jaccard distance...
Jaccard distance computing time cost: 7.934422969818115
2025-05-03 16:34:45 start dbscan clustering
2025-05-03 16:34:45
 Clustered into 597 classes 

learning rate:  3.5000000000000004e-05
2025-05-03 16:34:52[Epoch:038] [001/200] | Loss: 0.055 | Acc: 99.2188
2025-05-03 16:35:17[Epoch:038] [050/200] | Loss: 0.296 | Acc: 94.9609
2025-05-03 16:35:43[Epoch:038] [100/200] | Loss: 0.775 | Acc: 85.9297
2025-05-03 16:36:11[Epoch:038] [150/200] | Loss: 1.043 | Acc: 80.388
2025-05-03 16:36:37[Epoch:038] [200/200] | Loss: 1.183 | Acc: 77.666
2025-05-03 16:36:37 extracting
2025-05-03 16:36:40Extract Features: [1/151]	Time 2.949 (2.949)	Data 2.691 (2.691)	
2025-05-03 16:36:51Extract Features: [100/151]	Time 0.112 (0.141)	Data 0.045 (0.071)	
2025-05-03 16:36:57 extracting done 
Mean AP: 85.4%
CMC Scores:
  top-1          94.1%
  top-5          97.6%
  top-10         98.3%
{ 'Finished_epoch': 38, 'mAP': 85.4017%, rank1: 94%, 'best': 85.4017, 'at_epoch': 38, 'this_best': 1}
2025-05-03 16:37:06
Cost 1:48:02.358966
log2-trainerv2_weight/-far-update-0.9-0.2
2025-05-03 16:37:06 extracting
2025-05-03 16:37:10Extract Features: [1/51]	Time 3.314 (3.314)	Data 2.903 (2.903)	
2025-05-03 16:37:21 extracting done 
Computing jaccard distance...
Jaccard distance computing time cost: 8.04293966293335
2025-05-03 16:37:29 start dbscan clustering
2025-05-03 16:37:30
 Clustered into 599 classes 

learning rate:  3.5000000000000004e-05
2025-05-03 16:37:37[Epoch:039] [001/200] | Loss: 0.044 | Acc: 99.2188
2025-05-03 16:38:02[Epoch:039] [050/200] | Loss: 0.292 | Acc: 94.9375
2025-05-03 16:38:28[Epoch:039] [100/200] | Loss: 0.713 | Acc: 87.0234
2025-05-03 16:38:56[Epoch:039] [150/200] | Loss: 0.963 | Acc: 82.0104
2025-05-03 16:39:22[Epoch:039] [200/200] | Loss: 1.105 | Acc: 79.1074
2025-05-03 16:39:22 extracting
2025-05-03 16:39:25Extract Features: [1/151]	Time 3.001 (3.001)	Data 2.744 (2.744)	
2025-05-03 16:39:36Extract Features: [100/151]	Time 0.116 (0.142)	Data 0.048 (0.073)	
2025-05-03 16:39:42 extracting done 
Mean AP: 85.4%
CMC Scores:
  top-1          93.9%
  top-5          97.5%
  top-10         98.3%
{ 'Finished_epoch': 39, 'mAP': 85.3755%, rank1: 94%, 'best': 85.4017, 'at_epoch': 38, 'this_best': 0}
2025-05-03 16:39:51
Cost 1:50:47.222080
log2-trainerv2_weight/-far-update-0.9-0.2
2025-05-03 16:39:51 extracting
2025-05-03 16:39:55Extract Features: [1/51]	Time 3.327 (3.327)	Data 2.898 (2.898)	
2025-05-03 16:40:06 extracting done 
Computing jaccard distance...
Jaccard distance computing time cost: 8.017728805541992
2025-05-03 16:40:14 start dbscan clustering
2025-05-03 16:40:15
 Clustered into 599 classes 

learning rate:  3.5000000000000004e-05
2025-05-03 16:40:22[Epoch:040] [001/200] | Loss: 0.088 | Acc: 98.4375
2025-05-03 16:40:47[Epoch:040] [050/200] | Loss: 0.275 | Acc: 95.3281
2025-05-03 16:41:12[Epoch:040] [100/200] | Loss: 0.680 | Acc: 87.7227
2025-05-03 16:41:40[Epoch:040] [150/200] | Loss: 0.962 | Acc: 82.2474
2025-05-03 16:42:06[Epoch:040] [200/200] | Loss: 1.098 | Acc: 79.3613
2025-05-03 16:42:06 extracting
2025-05-03 16:42:09Extract Features: [1/151]	Time 2.963 (2.963)	Data 2.754 (2.754)	
2025-05-03 16:42:20Extract Features: [100/151]	Time 0.087 (0.141)	Data 0.021 (0.071)	
2025-05-03 16:42:26 extracting done 
Mean AP: 85.6%
CMC Scores:
  top-1          94.1%
  top-5          97.7%
  top-10         98.3%
{ 'Finished_epoch': 40, 'mAP': 85.563%, rank1: 94%, 'best': 85.563, 'at_epoch': 40, 'this_best': 1}
2025-05-03 16:42:35
Cost 1:53:31.281224
log2-trainerv2_weight/-far-update-0.9-0.2
2025-05-03 16:42:35 extracting
2025-05-03 16:42:39Extract Features: [1/51]	Time 3.254 (3.254)	Data 2.863 (2.863)	
2025-05-03 16:42:50 extracting done 
Computing jaccard distance...
Jaccard distance computing time cost: 8.074904680252075
2025-05-03 16:42:59 start dbscan clustering
2025-05-03 16:42:59
 Clustered into 600 classes 

learning rate:  3.5000000000000004e-05
2025-05-03 16:43:06[Epoch:041] [001/200] | Loss: 0.112 | Acc: 98.4375
2025-05-03 16:43:31[Epoch:041] [050/200] | Loss: 0.329 | Acc: 93.9297
2025-05-03 16:43:57[Epoch:041] [100/200] | Loss: 0.721 | Acc: 86.8906
2025-05-03 16:44:26[Epoch:041] [150/200] | Loss: 0.971 | Acc: 82.1016
2025-05-03 16:44:51[Epoch:041] [200/200] | Loss: 1.094 | Acc: 79.5645
2025-05-03 16:44:51 extracting
2025-05-03 16:44:54Extract Features: [1/151]	Time 2.943 (2.943)	Data 2.704 (2.704)	
2025-05-03 16:45:05Extract Features: [100/151]	Time 0.112 (0.141)	Data 0.045 (0.071)	
2025-05-03 16:45:11 extracting done 
Mean AP: 85.5%
CMC Scores:
  top-1          94.1%
  top-5          97.5%
  top-10         98.4%
{ 'Finished_epoch': 41, 'mAP': 85.4665%, rank1: 94%, 'best': 85.563, 'at_epoch': 40, 'this_best': 0}
2025-05-03 16:45:20
Cost 1:56:17.008739
log2-trainerv2_weight/-far-update-0.9-0.2
2025-05-03 16:45:21 extracting
2025-05-03 16:45:24Extract Features: [1/51]	Time 3.312 (3.312)	Data 2.899 (2.899)	
2025-05-03 16:45:35 extracting done 
Computing jaccard distance...
Jaccard distance computing time cost: 7.905021667480469
2025-05-03 16:45:44 start dbscan clustering
2025-05-03 16:45:44
 Clustered into 598 classes 

learning rate:  3.5000000000000004e-05
2025-05-03 16:45:51[Epoch:042] [001/200] | Loss: 0.067 | Acc: 98.8281
2025-05-03 16:46:16[Epoch:042] [050/200] | Loss: 0.307 | Acc: 94.5
2025-05-03 16:46:41[Epoch:042] [100/200] | Loss: 0.722 | Acc: 86.8008
2025-05-03 16:47:10[Epoch:042] [150/200] | Loss: 0.971 | Acc: 82.125
2025-05-03 16:47:35[Epoch:042] [200/200] | Loss: 1.114 | Acc: 79.2852
2025-05-03 16:47:35 extracting
2025-05-03 16:47:38Extract Features: [1/151]	Time 2.988 (2.988)	Data 2.746 (2.746)	
2025-05-03 16:47:50Extract Features: [100/151]	Time 0.112 (0.143)	Data 0.045 (0.073)	
2025-05-03 16:47:56 extracting done 
Mean AP: 85.5%
CMC Scores:
  top-1          93.6%
  top-5          97.5%
  top-10         98.4%
{ 'Finished_epoch': 42, 'mAP': 85.4802%, rank1: 94%, 'best': 85.563, 'at_epoch': 40, 'this_best': 0}
2025-05-03 16:48:04
Cost 1:59:00.895049
log2-trainerv2_weight/-far-update-0.9-0.2
2025-05-03 16:48:05 extracting
2025-05-03 16:48:08Extract Features: [1/51]	Time 3.354 (3.354)	Data 2.945 (2.945)	
2025-05-03 16:48:19 extracting done 
Computing jaccard distance...
Jaccard distance computing time cost: 8.017725706100464
2025-05-03 16:48:28 start dbscan clustering
2025-05-03 16:48:29
 Clustered into 598 classes 

learning rate:  3.5000000000000004e-05
2025-05-03 16:48:36[Epoch:043] [001/200] | Loss: 0.082 | Acc: 98.4375
2025-05-03 16:49:00[Epoch:043] [050/200] | Loss: 0.322 | Acc: 94.2344
2025-05-03 16:49:26[Epoch:043] [100/200] | Loss: 0.699 | Acc: 87.4336
2025-05-03 16:49:54[Epoch:043] [150/200] | Loss: 0.951 | Acc: 82.1901
2025-05-03 16:50:20[Epoch:043] [200/200] | Loss: 1.055 | Acc: 80.0293
2025-05-03 16:50:20 extracting
2025-05-03 16:50:23Extract Features: [1/151]	Time 2.934 (2.934)	Data 2.709 (2.709)	
2025-05-03 16:50:34Extract Features: [100/151]	Time 0.117 (0.141)	Data 0.050 (0.072)	
2025-05-03 16:50:41 extracting done 
Mean AP: 85.5%
CMC Scores:
  top-1          93.7%
  top-5          97.5%
  top-10         98.4%
{ 'Finished_epoch': 43, 'mAP': 85.5096%, rank1: 94%, 'best': 85.563, 'at_epoch': 40, 'this_best': 0}
2025-05-03 16:50:49
Cost 2:01:45.993917
log2-trainerv2_weight/-far-update-0.9-0.2
2025-05-03 16:50:50 extracting
2025-05-03 16:50:53Extract Features: [1/51]	Time 3.408 (3.408)	Data 2.957 (2.957)	
2025-05-03 16:51:05 extracting done 
Computing jaccard distance...
Jaccard distance computing time cost: 7.90262770652771
2025-05-03 16:51:13 start dbscan clustering
2025-05-03 16:51:14
 Clustered into 595 classes 

learning rate:  3.5000000000000004e-05
2025-05-03 16:51:20[Epoch:044] [001/200] | Loss: 0.083 | Acc: 98.8281
2025-05-03 16:51:45[Epoch:044] [050/200] | Loss: 0.285 | Acc: 95.2344
2025-05-03 16:52:11[Epoch:044] [100/200] | Loss: 0.658 | Acc: 88.1797
2025-05-03 16:52:39[Epoch:044] [150/200] | Loss: 0.898 | Acc: 83.4453
2025-05-03 16:53:05[Epoch:044] [200/200] | Loss: 1.020 | Acc: 80.9473
2025-05-03 16:53:05 extracting
2025-05-03 16:53:08Extract Features: [1/151]	Time 2.986 (2.986)	Data 2.705 (2.705)	
2025-05-03 16:53:19Extract Features: [100/151]	Time 0.114 (0.143)	Data 0.046 (0.074)	
2025-05-03 16:53:25 extracting done 
Mean AP: 85.6%
CMC Scores:
  top-1          94.1%
  top-5          97.4%
  top-10         98.3%
{ 'Finished_epoch': 44, 'mAP': 85.552%, rank1: 94%, 'best': 85.563, 'at_epoch': 40, 'this_best': 0}
2025-05-03 16:53:34
Cost 2:04:30.286953
log2-trainerv2_weight/-far-update-0.9-0.2
2025-05-03 16:53:34 extracting
2025-05-03 16:53:38Extract Features: [1/51]	Time 3.466 (3.466)	Data 3.032 (3.032)	
2025-05-03 16:53:49 extracting done 
Computing jaccard distance...
Jaccard distance computing time cost: 7.848353147506714
2025-05-03 16:53:57 start dbscan clustering
2025-05-03 16:53:58
 Clustered into 597 classes 

learning rate:  3.5000000000000004e-05
2025-05-03 16:54:05[Epoch:045] [001/200] | Loss: 0.083 | Acc: 98.4375
2025-05-03 16:54:30[Epoch:045] [050/200] | Loss: 0.226 | Acc: 95.9219
2025-05-03 16:54:55[Epoch:045] [100/200] | Loss: 0.645 | Acc: 88.1602
2025-05-03 16:55:24[Epoch:045] [150/200] | Loss: 0.917 | Acc: 83.112
2025-05-03 16:55:49[Epoch:045] [200/200] | Loss: 1.025 | Acc: 80.9531
2025-05-03 16:55:49 extracting
2025-05-03 16:55:52Extract Features: [1/151]	Time 2.991 (2.991)	Data 2.719 (2.719)	
2025-05-03 16:56:03Extract Features: [100/151]	Time 0.115 (0.143)	Data 0.048 (0.073)	
2025-05-03 16:56:09 extracting done 
Mean AP: 85.8%
CMC Scores:
  top-1          94.3%
  top-5          97.6%
  top-10         98.3%
{ 'Finished_epoch': 45, 'mAP': 85.826%, rank1: 94%, 'best': 85.826, 'at_epoch': 45, 'this_best': 1}
2025-05-03 16:56:18
Cost 2:07:15.032657
log2-trainerv2_weight/-far-update-0.9-0.2
2025-05-03 16:56:19 extracting
2025-05-03 16:56:22Extract Features: [1/51]	Time 3.209 (3.209)	Data 2.869 (2.869)	
2025-05-03 16:56:33 extracting done 
Computing jaccard distance...
Jaccard distance computing time cost: 8.027045249938965
2025-05-03 16:56:42 start dbscan clustering
2025-05-03 16:56:43
 Clustered into 603 classes 

learning rate:  3.5000000000000004e-05
2025-05-03 16:56:50[Epoch:046] [001/200] | Loss: 0.057 | Acc: 98.8281
2025-05-03 16:57:14[Epoch:046] [050/200] | Loss: 0.255 | Acc: 95.4688
2025-05-03 16:57:40[Epoch:046] [100/200] | Loss: 0.642 | Acc: 88.3242
2025-05-03 16:58:08[Epoch:046] [150/200] | Loss: 0.884 | Acc: 83.7396
2025-05-03 16:58:34[Epoch:046] [200/200] | Loss: 1.038 | Acc: 80.7188
2025-05-03 16:58:34 extracting
2025-05-03 16:58:37Extract Features: [1/151]	Time 2.951 (2.951)	Data 2.704 (2.704)	
2025-05-03 16:58:48Extract Features: [100/151]	Time 0.116 (0.143)	Data 0.049 (0.073)	
2025-05-03 16:58:54 extracting done 
Mean AP: 85.8%
CMC Scores:
  top-1          94.1%
  top-5          97.6%
  top-10         98.5%
{ 'Finished_epoch': 46, 'mAP': 85.7796%, rank1: 94%, 'best': 85.826, 'at_epoch': 45, 'this_best': 0}
2025-05-03 16:59:04
Cost 2:10:00.171861
log2-trainerv2_weight/-far-update-0.9-0.2
2025-05-03 16:59:04 extracting
2025-05-03 16:59:07Extract Features: [1/51]	Time 3.176 (3.176)	Data 2.867 (2.867)	
2025-05-03 16:59:19 extracting done 
Computing jaccard distance...
Jaccard distance computing time cost: 8.01998257637024
2025-05-03 16:59:27 start dbscan clustering
2025-05-03 16:59:28
 Clustered into 601 classes 

learning rate:  3.5000000000000004e-05
2025-05-03 16:59:35[Epoch:047] [001/200] | Loss: 0.028 | Acc: 100.0
2025-05-03 16:59:59[Epoch:047] [050/200] | Loss: 0.249 | Acc: 95.4297
2025-05-03 17:00:25[Epoch:047] [100/200] | Loss: 0.597 | Acc: 89.0234
2025-05-03 17:00:53[Epoch:047] [150/200] | Loss: 0.848 | Acc: 84.3568
2025-05-03 17:01:19[Epoch:047] [200/200] | Loss: 0.954 | Acc: 82.2266
2025-05-03 17:01:19 extracting
2025-05-03 17:01:22Extract Features: [1/151]	Time 2.939 (2.939)	Data 2.710 (2.710)	
2025-05-03 17:01:34Extract Features: [100/151]	Time 0.118 (0.150)	Data 0.051 (0.081)	
2025-05-03 17:01:41 extracting done 
Mean AP: 85.8%
CMC Scores:
  top-1          94.0%
  top-5          97.6%
  top-10         98.3%
{ 'Finished_epoch': 47, 'mAP': 85.7712%, rank1: 94%, 'best': 85.826, 'at_epoch': 45, 'this_best': 0}
2025-05-03 17:01:50
Cost 2:12:46.371135
log2-trainerv2_weight/-far-update-0.9-0.2
2025-05-03 17:01:50 extracting
2025-05-03 17:01:54Extract Features: [1/51]	Time 3.375 (3.375)	Data 3.052 (3.052)	
2025-05-03 17:02:05 extracting done 
Computing jaccard distance...
Jaccard distance computing time cost: 7.97678279876709
2025-05-03 17:02:13 start dbscan clustering
2025-05-03 17:02:14
 Clustered into 601 classes 

learning rate:  3.5000000000000004e-05
2025-05-03 17:02:21[Epoch:048] [001/200] | Loss: 0.057 | Acc: 98.8281
2025-05-03 17:02:46[Epoch:048] [050/200] | Loss: 0.223 | Acc: 96.3359
2025-05-03 17:03:11[Epoch:048] [100/200] | Loss: 0.616 | Acc: 88.957
2025-05-03 17:03:40[Epoch:048] [150/200] | Loss: 0.822 | Acc: 85.013
2025-05-03 17:04:06[Epoch:048] [200/200] | Loss: 0.958 | Acc: 82.332
2025-05-03 17:04:06 extracting
2025-05-03 17:04:09Extract Features: [1/151]	Time 2.911 (2.911)	Data 2.707 (2.707)	
2025-05-03 17:04:20Extract Features: [100/151]	Time 0.109 (0.141)	Data 0.041 (0.072)	
2025-05-03 17:04:26 extracting done 
Mean AP: 85.7%
CMC Scores:
  top-1          94.1%
  top-5          97.3%
  top-10         98.4%
{ 'Finished_epoch': 48, 'mAP': 85.6566%, rank1: 94%, 'best': 85.826, 'at_epoch': 45, 'this_best': 0}
2025-05-03 17:04:35
Cost 2:15:31.211680
log2-trainerv2_weight/-far-update-0.9-0.2
2025-05-03 17:04:35 extracting
2025-05-03 17:04:39Extract Features: [1/51]	Time 3.303 (3.303)	Data 2.848 (2.848)	
2025-05-03 17:04:50 extracting done 
Computing jaccard distance...
Jaccard distance computing time cost: 7.885859966278076
2025-05-03 17:04:58 start dbscan clustering
2025-05-03 17:04:59
 Clustered into 602 classes 

learning rate:  3.5000000000000004e-05
2025-05-03 17:05:06[Epoch:049] [001/200] | Loss: 0.026 | Acc: 99.6094
2025-05-03 17:05:31[Epoch:049] [050/200] | Loss: 0.220 | Acc: 96.1484
2025-05-03 17:05:56[Epoch:049] [100/200] | Loss: 0.584 | Acc: 89.3711
2025-05-03 17:06:25[Epoch:049] [150/200] | Loss: 0.824 | Acc: 84.7812
2025-05-03 17:06:50[Epoch:049] [200/200] | Loss: 0.956 | Acc: 82.334
2025-05-03 17:06:50 extracting
2025-05-03 17:06:53Extract Features: [1/151]	Time 2.996 (2.996)	Data 2.716 (2.716)	
2025-05-03 17:07:04Extract Features: [100/151]	Time 0.113 (0.143)	Data 0.046 (0.073)	
2025-05-03 17:07:10 extracting done 
Mean AP: 85.8%
CMC Scores:
  top-1          94.2%
  top-5          97.5%
  top-10         98.3%
{ 'Finished_epoch': 49, 'mAP': 85.7802%, rank1: 94%, 'best': 85.826, 'at_epoch': 45, 'this_best': 0}
2025-05-03 17:07:19
Cost 2:18:15.653633
log2-trainerv2_weight/-far-update-0.9-0.2
2025-05-03 17:07:20 extracting
2025-05-03 17:07:23Extract Features: [1/51]	Time 3.243 (3.243)	Data 2.855 (2.855)	
2025-05-03 17:07:34 extracting done 
Computing jaccard distance...
Jaccard distance computing time cost: 7.853183269500732
2025-05-03 17:07:43 start dbscan clustering
2025-05-03 17:07:43
 Clustered into 603 classes 

learning rate:  3.500000000000001e-06
2025-05-03 17:07:50[Epoch:050] [001/200] | Loss: 0.069 | Acc: 98.0469
2025-05-03 17:08:15[Epoch:050] [050/200] | Loss: 0.245 | Acc: 95.625
2025-05-03 17:08:40[Epoch:050] [100/200] | Loss: 0.596 | Acc: 89.2734
2025-05-03 17:09:09[Epoch:050] [150/200] | Loss: 0.799 | Acc: 85.2344
2025-05-03 17:09:34[Epoch:050] [200/200] | Loss: 0.894 | Acc: 83.291
2025-05-03 17:09:34 extracting
2025-05-03 17:09:37Extract Features: [1/151]	Time 3.005 (3.005)	Data 2.752 (2.752)	
2025-05-03 17:09:48Extract Features: [100/151]	Time 0.116 (0.142)	Data 0.049 (0.073)	
2025-05-03 17:09:55 extracting done 
Mean AP: 86.0%
CMC Scores:
  top-1          94.4%
  top-5          97.6%
  top-10         98.5%
{ 'Finished_epoch': 50, 'mAP': 86.0318%, rank1: 94%, 'best': 86.0318, 'at_epoch': 50, 'this_best': 1}
2025-05-03 17:10:03
Cost 2:20:59.635087
log2-trainerv2_weight/-far-update-0.9-0.2
2025-05-03 17:10:04 extracting
2025-05-03 17:10:07Extract Features: [1/51]	Time 3.344 (3.344)	Data 2.920 (2.920)	
2025-05-03 17:10:18 extracting done 
Computing jaccard distance...
Jaccard distance computing time cost: 7.875188589096069
2025-05-03 17:10:27 start dbscan clustering
2025-05-03 17:10:27
 Clustered into 601 classes 

learning rate:  3.500000000000001e-06
2025-05-03 17:10:34[Epoch:051] [001/200] | Loss: 0.068 | Acc: 98.8281
2025-05-03 17:10:59[Epoch:051] [050/200] | Loss: 0.237 | Acc: 96.0391
2025-05-03 17:11:24[Epoch:051] [100/200] | Loss: 0.595 | Acc: 89.3086
2025-05-03 17:11:53[Epoch:051] [150/200] | Loss: 0.788 | Acc: 85.3333
2025-05-03 17:12:19[Epoch:051] [200/200] | Loss: 0.881 | Acc: 83.4453
2025-05-03 17:12:19 extracting
2025-05-03 17:12:21Extract Features: [1/151]	Time 2.891 (2.891)	Data 2.685 (2.685)	
2025-05-03 17:12:33Extract Features: [100/151]	Time 0.121 (0.146)	Data 0.054 (0.077)	
2025-05-03 17:12:39 extracting done 
Mean AP: 86.1%
CMC Scores:
  top-1          94.4%
  top-5          97.6%
  top-10         98.5%
{ 'Finished_epoch': 51, 'mAP': 86.1387%, rank1: 94%, 'best': 86.1387, 'at_epoch': 51, 'this_best': 1}
2025-05-03 17:12:48
Cost 2:23:44.969636
log2-trainerv2_weight/-far-update-0.9-0.2
2025-05-03 17:12:49 extracting
2025-05-03 17:12:52Extract Features: [1/51]	Time 3.397 (3.397)	Data 2.967 (2.967)	
2025-05-03 17:13:03 extracting done 
Computing jaccard distance...
Jaccard distance computing time cost: 8.018072843551636
2025-05-03 17:13:12 start dbscan clustering
2025-05-03 17:13:13
 Clustered into 601 classes 

learning rate:  3.500000000000001e-06
2025-05-03 17:13:20[Epoch:052] [001/200] | Loss: 0.058 | Acc: 99.2188
2025-05-03 17:13:44[Epoch:052] [050/200] | Loss: 0.220 | Acc: 96.2578
2025-05-03 17:14:11[Epoch:052] [100/200] | Loss: 0.525 | Acc: 90.3359
2025-05-03 17:14:39[Epoch:052] [150/200] | Loss: 0.747 | Acc: 86.0938
2025-05-03 17:15:05[Epoch:052] [200/200] | Loss: 0.848 | Acc: 84.2188
2025-05-03 17:15:05 extracting
2025-05-03 17:15:08Extract Features: [1/151]	Time 2.989 (2.989)	Data 2.709 (2.709)	
2025-05-03 17:15:19Extract Features: [100/151]	Time 0.113 (0.141)	Data 0.045 (0.072)	
2025-05-03 17:15:25 extracting done 
Mean AP: 86.2%
CMC Scores:
  top-1          94.5%
  top-5          97.6%
  top-10         98.5%
{ 'Finished_epoch': 52, 'mAP': 86.1564%, rank1: 94%, 'best': 86.1564, 'at_epoch': 52, 'this_best': 1}
2025-05-03 17:15:34
Cost 2:26:30.507282
log2-trainerv2_weight/-far-update-0.9-0.2
2025-05-03 17:15:35 extracting
2025-05-03 17:15:38Extract Features: [1/51]	Time 3.176 (3.176)	Data 2.836 (2.836)	
2025-05-03 17:15:49 extracting done 
Computing jaccard distance...
Jaccard distance computing time cost: 8.011513471603394
2025-05-03 17:15:57 start dbscan clustering
2025-05-03 17:15:58
 Clustered into 601 classes 

learning rate:  3.500000000000001e-06
2025-05-03 17:16:05[Epoch:053] [001/200] | Loss: 0.048 | Acc: 98.8281
2025-05-03 17:16:30[Epoch:053] [050/200] | Loss: 0.167 | Acc: 97.1094
2025-05-03 17:16:55[Epoch:053] [100/200] | Loss: 0.513 | Acc: 90.6016
2025-05-03 17:17:24[Epoch:053] [150/200] | Loss: 0.698 | Acc: 87.3776
2025-05-03 17:17:49[Epoch:053] [200/200] | Loss: 0.819 | Acc: 84.9746
2025-05-03 17:17:49 extracting
2025-05-03 17:17:52Extract Features: [1/151]	Time 2.977 (2.977)	Data 2.707 (2.707)	
2025-05-03 17:18:03Extract Features: [100/151]	Time 0.119 (0.143)	Data 0.051 (0.074)	
2025-05-03 17:18:10 extracting done 
Mean AP: 86.2%
CMC Scores:
  top-1          94.4%
  top-5          97.4%
  top-10         98.3%
{ 'Finished_epoch': 53, 'mAP': 86.2284%, rank1: 94%, 'best': 86.2284, 'at_epoch': 53, 'this_best': 1}
2025-05-03 17:18:18
Cost 2:29:14.673798
log2-trainerv2_weight/-far-update-0.9-0.2
2025-05-03 17:18:19 extracting
2025-05-03 17:18:22Extract Features: [1/51]	Time 3.544 (3.544)	Data 3.074 (3.074)	
2025-05-03 17:18:33 extracting done 
Computing jaccard distance...
Jaccard distance computing time cost: 7.94548487663269
2025-05-03 17:18:42 start dbscan clustering
2025-05-03 17:18:43
 Clustered into 601 classes 

learning rate:  3.500000000000001e-06
2025-05-03 17:18:50[Epoch:054] [001/200] | Loss: 0.049 | Acc: 99.2188
2025-05-03 17:19:14[Epoch:054] [050/200] | Loss: 0.230 | Acc: 95.7656
2025-05-03 17:19:40[Epoch:054] [100/200] | Loss: 0.585 | Acc: 89.5039
2025-05-03 17:20:09[Epoch:054] [150/200] | Loss: 0.778 | Acc: 85.7188
2025-05-03 17:20:34[Epoch:054] [200/200] | Loss: 0.874 | Acc: 83.7871
2025-05-03 17:20:34 extracting
2025-05-03 17:20:37Extract Features: [1/151]	Time 3.004 (3.004)	Data 2.725 (2.725)	
2025-05-03 17:20:48Extract Features: [100/151]	Time 0.115 (0.141)	Data 0.048 (0.071)	
2025-05-03 17:20:54 extracting done 
Mean AP: 86.3%
CMC Scores:
  top-1          94.4%
  top-5          97.5%
  top-10         98.4%
{ 'Finished_epoch': 54, 'mAP': 86.2514%, rank1: 94%, 'best': 86.2514, 'at_epoch': 54, 'this_best': 1}
2025-05-03 17:21:03
Cost 2:31:59.394746
log2-trainerv2_weight/-far-update-0.9-0.2
2025-05-03 17:21:03 extracting
2025-05-03 17:21:07Extract Features: [1/51]	Time 3.177 (3.177)	Data 2.857 (2.857)	
2025-05-03 17:21:18 extracting done 
Computing jaccard distance...
Jaccard distance computing time cost: 7.864483833312988
2025-05-03 17:21:26 start dbscan clustering
2025-05-03 17:21:27
 Clustered into 601 classes 

learning rate:  3.500000000000001e-06
2025-05-03 17:21:34[Epoch:055] [001/200] | Loss: 0.036 | Acc: 100.0
2025-05-03 17:21:59[Epoch:055] [050/200] | Loss: 0.215 | Acc: 96.1172
2025-05-03 17:22:24[Epoch:055] [100/200] | Loss: 0.537 | Acc: 90.0703
2025-05-03 17:22:53[Epoch:055] [150/200] | Loss: 0.708 | Acc: 86.9193
2025-05-03 17:23:18[Epoch:055] [200/200] | Loss: 0.808 | Acc: 85.0195
2025-05-03 17:23:18 extracting
2025-05-03 17:23:21Extract Features: [1/151]	Time 2.934 (2.934)	Data 2.706 (2.706)	
2025-05-03 17:23:32Extract Features: [100/151]	Time 0.113 (0.141)	Data 0.046 (0.071)	
2025-05-03 17:23:38 extracting done 
Mean AP: 86.2%
CMC Scores:
  top-1          94.3%
  top-5          97.7%
  top-10         98.5%
{ 'Finished_epoch': 55, 'mAP': 86.1914%, rank1: 94%, 'best': 86.2514, 'at_epoch': 54, 'this_best': 0}
2025-05-03 17:23:47
Cost 2:34:43.435503
log2-trainerv2_weight/-far-update-0.9-0.2
2025-05-03 17:23:47 extracting
2025-05-03 17:23:51Extract Features: [1/51]	Time 3.277 (3.277)	Data 2.930 (2.930)	
2025-05-03 17:24:02 extracting done 
Computing jaccard distance...
Jaccard distance computing time cost: 7.902672529220581
2025-05-03 17:24:11 start dbscan clustering
2025-05-03 17:24:11
 Clustered into 601 classes 

learning rate:  3.500000000000001e-06
2025-05-03 17:24:18[Epoch:056] [001/200] | Loss: 0.040 | Acc: 99.6094
2025-05-03 17:24:44[Epoch:056] [050/200] | Loss: 0.253 | Acc: 95.5156
2025-05-03 17:25:09[Epoch:056] [100/200] | Loss: 0.574 | Acc: 89.8477
2025-05-03 17:25:38[Epoch:056] [150/200] | Loss: 0.772 | Acc: 85.9896
2025-05-03 17:26:03[Epoch:056] [200/200] | Loss: 0.886 | Acc: 83.5742
2025-05-03 17:26:03 extracting
2025-05-03 17:26:06Extract Features: [1/151]	Time 2.995 (2.995)	Data 2.744 (2.744)	
2025-05-03 17:26:17Extract Features: [100/151]	Time 0.114 (0.140)	Data 0.046 (0.071)	
2025-05-03 17:26:23 extracting done 
Mean AP: 86.2%
CMC Scores:
  top-1          94.4%
  top-5          97.7%
  top-10         98.5%
{ 'Finished_epoch': 56, 'mAP': 86.185%, rank1: 94%, 'best': 86.2514, 'at_epoch': 54, 'this_best': 0}
2025-05-03 17:26:32
Cost 2:37:28.550402
log2-trainerv2_weight/-far-update-0.9-0.2
2025-05-03 17:26:33 extracting
2025-05-03 17:26:36Extract Features: [1/51]	Time 3.333 (3.333)	Data 2.920 (2.920)	
2025-05-03 17:26:47 extracting done 
Computing jaccard distance...
Jaccard distance computing time cost: 8.04574990272522
2025-05-03 17:26:56 start dbscan clustering
2025-05-03 17:26:56
 Clustered into 602 classes 

learning rate:  3.500000000000001e-06
2025-05-03 17:27:03[Epoch:057] [001/200] | Loss: 0.037 | Acc: 99.6094
2025-05-03 17:27:28[Epoch:057] [050/200] | Loss: 0.239 | Acc: 95.875
2025-05-03 17:27:54[Epoch:057] [100/200] | Loss: 0.538 | Acc: 90.3398
2025-05-03 17:28:23[Epoch:057] [150/200] | Loss: 0.751 | Acc: 86.4818
2025-05-03 17:28:48[Epoch:057] [200/200] | Loss: 0.860 | Acc: 84.1895
2025-05-03 17:28:48 extracting
2025-05-03 17:28:51Extract Features: [1/151]	Time 2.901 (2.901)	Data 2.709 (2.709)	
2025-05-03 17:29:02Extract Features: [100/151]	Time 0.115 (0.144)	Data 0.048 (0.076)	
2025-05-03 17:29:08 extracting done 
Mean AP: 86.2%
CMC Scores:
  top-1          94.4%
  top-5          97.6%
  top-10         98.4%
{ 'Finished_epoch': 57, 'mAP': 86.1908%, rank1: 94%, 'best': 86.2514, 'at_epoch': 54, 'this_best': 0}
2025-05-03 17:29:17
Cost 2:40:13.365855
log2-trainerv2_weight/-far-update-0.9-0.2
2025-05-03 17:29:17 extracting
2025-05-03 17:29:21Extract Features: [1/51]	Time 3.270 (3.270)	Data 2.841 (2.841)	
2025-05-03 17:29:32 extracting done 
Computing jaccard distance...
Jaccard distance computing time cost: 8.113305568695068
2025-05-03 17:29:40 start dbscan clustering
2025-05-03 17:29:41
 Clustered into 601 classes 

learning rate:  3.500000000000001e-06
2025-05-03 17:29:48[Epoch:058] [001/200] | Loss: 0.099 | Acc: 98.4375
2025-05-03 17:30:13[Epoch:058] [050/200] | Loss: 0.235 | Acc: 95.9922
2025-05-03 17:30:38[Epoch:058] [100/200] | Loss: 0.517 | Acc: 90.7227
2025-05-03 17:31:07[Epoch:058] [150/200] | Loss: 0.735 | Acc: 86.7083
2025-05-03 17:31:32[Epoch:058] [200/200] | Loss: 0.858 | Acc: 84.1426
2025-05-03 17:31:32 extracting
2025-05-03 17:31:35Extract Features: [1/151]	Time 2.982 (2.982)	Data 2.714 (2.714)	
2025-05-03 17:31:46Extract Features: [100/151]	Time 0.113 (0.143)	Data 0.046 (0.074)	
2025-05-03 17:31:52 extracting done 
Mean AP: 86.2%
CMC Scores:
  top-1          94.2%
  top-5          97.6%
  top-10         98.4%
{ 'Finished_epoch': 58, 'mAP': 86.1956%, rank1: 94%, 'best': 86.2514, 'at_epoch': 54, 'this_best': 0}
2025-05-03 17:32:01
Cost 2:42:57.559201
log2-trainerv2_weight/-far-update-0.9-0.2
2025-05-03 17:32:02 extracting
2025-05-03 17:32:05Extract Features: [1/51]	Time 3.351 (3.351)	Data 2.861 (2.861)	
2025-05-03 17:32:16 extracting done 
Computing jaccard distance...
Jaccard distance computing time cost: 7.976342678070068
2025-05-03 17:32:25 start dbscan clustering
2025-05-03 17:32:26
 Clustered into 602 classes 

learning rate:  3.500000000000001e-06
2025-05-03 17:32:33[Epoch:059] [001/200] | Loss: 0.125 | Acc: 98.4375
2025-05-03 17:32:57[Epoch:059] [050/200] | Loss: 0.227 | Acc: 96.2031
2025-05-03 17:33:23[Epoch:059] [100/200] | Loss: 0.521 | Acc: 90.5469
2025-05-03 17:33:51[Epoch:059] [150/200] | Loss: 0.693 | Acc: 87.2786
2025-05-03 17:34:17[Epoch:059] [200/200] | Loss: 0.809 | Acc: 85.123
2025-05-03 17:34:17 extracting
2025-05-03 17:34:20Extract Features: [1/151]	Time 2.927 (2.927)	Data 2.699 (2.699)	
2025-05-03 17:34:31Extract Features: [100/151]	Time 0.114 (0.141)	Data 0.047 (0.071)	
2025-05-03 17:34:37 extracting done 
Mean AP: 86.2%
CMC Scores:
  top-1          94.0%
  top-5          97.7%
  top-10         98.5%
{ 'Finished_epoch': 59, 'mAP': 86.1718%, rank1: 94%, 'best': 86.2514, 'at_epoch': 54, 'this_best': 0}
2025-05-03 17:34:45
Cost 2:45:41.894849
log2-trainerv2_weight/-far-update-0.9-0.2
2025-05-03 17:34:46 extracting
2025-05-03 17:34:49Extract Features: [1/51]	Time 3.178 (3.178)	Data 2.875 (2.875)	
2025-05-03 17:35:00 extracting done 
Computing jaccard distance...
Jaccard distance computing time cost: 7.9502198696136475
2025-05-03 17:35:09 start dbscan clustering
2025-05-03 17:35:10
 Clustered into 601 classes 

learning rate:  3.500000000000001e-06
2025-05-03 17:35:16[Epoch:060] [001/200] | Loss: 0.046 | Acc: 98.8281
2025-05-03 17:35:42[Epoch:060] [050/200] | Loss: 0.191 | Acc: 96.7266
2025-05-03 17:36:07[Epoch:060] [100/200] | Loss: 0.519 | Acc: 90.6992
2025-05-03 17:36:36[Epoch:060] [150/200] | Loss: 0.702 | Acc: 87.3698
2025-05-03 17:37:01[Epoch:060] [200/200] | Loss: 0.817 | Acc: 85.2168
2025-05-03 17:37:01 extracting
2025-05-03 17:37:04Extract Features: [1/151]	Time 2.932 (2.932)	Data 2.690 (2.690)	
2025-05-03 17:37:15Extract Features: [100/151]	Time 0.111 (0.139)	Data 0.044 (0.070)	
2025-05-03 17:37:21 extracting done 
Mean AP: 86.2%
CMC Scores:
  top-1          94.1%
  top-5          97.6%
  top-10         98.4%
{ 'Finished_epoch': 60, 'mAP': 86.1642%, rank1: 94%, 'best': 86.2514, 'at_epoch': 54, 'this_best': 0}
2025-05-03 17:37:30
Cost 2:48:26.230008
log2-trainerv2_weight/-far-update-0.9-0.2
2025-05-03 17:37:30 extracting
2025-05-03 17:37:33Extract Features: [1/51]	Time 3.235 (3.235)	Data 2.873 (2.873)	
2025-05-03 17:37:45 extracting done 
Computing jaccard distance...
Jaccard distance computing time cost: 8.058211088180542
2025-05-03 17:37:53 start dbscan clustering
2025-05-03 17:37:54
 Clustered into 602 classes 

learning rate:  3.500000000000001e-06
2025-05-03 17:38:01[Epoch:061] [001/200] | Loss: 0.029 | Acc: 100.0
2025-05-03 17:38:26[Epoch:061] [050/200] | Loss: 0.184 | Acc: 96.9219
2025-05-03 17:38:51[Epoch:061] [100/200] | Loss: 0.498 | Acc: 91.1992
2025-05-03 17:39:20[Epoch:061] [150/200] | Loss: 0.717 | Acc: 86.9714
2025-05-03 17:39:45[Epoch:061] [200/200] | Loss: 0.834 | Acc: 84.5898
2025-05-03 17:39:45 extracting
2025-05-03 17:39:48Extract Features: [1/151]	Time 2.999 (2.999)	Data 2.720 (2.720)	
2025-05-03 17:39:59Extract Features: [100/151]	Time 0.111 (0.141)	Data 0.044 (0.072)	
2025-05-03 17:40:06 extracting done 
Mean AP: 86.2%
CMC Scores:
  top-1          94.2%
  top-5          97.7%
  top-10         98.5%
{ 'Finished_epoch': 61, 'mAP': 86.2092%, rank1: 94%, 'best': 86.2514, 'at_epoch': 54, 'this_best': 0}
2025-05-03 17:40:15
Cost 2:51:11.531769
log2-trainerv2_weight/-far-update-0.9-0.2
2025-05-03 17:40:16 extracting
2025-05-03 17:40:19Extract Features: [1/51]	Time 3.487 (3.487)	Data 3.027 (3.027)	
2025-05-03 17:40:30 extracting done 
Computing jaccard distance...
Jaccard distance computing time cost: 7.979868412017822
2025-05-03 17:40:38 start dbscan clustering
2025-05-03 17:40:39
 Clustered into 602 classes 

learning rate:  3.500000000000001e-06
2025-05-03 17:40:46[Epoch:062] [001/200] | Loss: 0.047 | Acc: 99.2188
2025-05-03 17:41:11[Epoch:062] [050/200] | Loss: 0.175 | Acc: 96.8828
2025-05-03 17:41:36[Epoch:062] [100/200] | Loss: 0.501 | Acc: 91.0938
2025-05-03 17:42:05[Epoch:062] [150/200] | Loss: 0.703 | Acc: 87.2057
2025-05-03 17:42:30[Epoch:062] [200/200] | Loss: 0.799 | Acc: 85.3418
2025-05-03 17:42:30 extracting
2025-05-03 17:42:33Extract Features: [1/151]	Time 2.916 (2.916)	Data 2.688 (2.688)	
2025-05-03 17:42:44Extract Features: [100/151]	Time 0.111 (0.140)	Data 0.044 (0.070)	
2025-05-03 17:42:50 extracting done 
Mean AP: 86.1%
CMC Scores:
  top-1          94.1%
  top-5          97.6%
  top-10         98.4%
{ 'Finished_epoch': 62, 'mAP': 86.1484%, rank1: 94%, 'best': 86.2514, 'at_epoch': 54, 'this_best': 0}
2025-05-03 17:42:59
Cost 2:53:55.425923
log2-trainerv2_weight/-far-update-0.9-0.2
2025-05-03 17:42:59 extracting
2025-05-03 17:43:03Extract Features: [1/51]	Time 3.290 (3.290)	Data 2.910 (2.910)	
2025-05-03 17:43:14 extracting done 
Computing jaccard distance...
Jaccard distance computing time cost: 7.834903717041016
2025-05-03 17:43:22 start dbscan clustering
2025-05-03 17:43:23
 Clustered into 602 classes 

learning rate:  3.500000000000001e-06
2025-05-03 17:43:30[Epoch:063] [001/200] | Loss: 0.019 | Acc: 100.0
2025-05-03 17:43:55[Epoch:063] [050/200] | Loss: 0.203 | Acc: 96.2734
2025-05-03 17:44:20[Epoch:063] [100/200] | Loss: 0.508 | Acc: 90.9023
2025-05-03 17:44:49[Epoch:063] [150/200] | Loss: 0.699 | Acc: 87.2188
2025-05-03 17:45:14[Epoch:063] [200/200] | Loss: 0.815 | Acc: 84.959
2025-05-03 17:45:14 extracting
2025-05-03 17:45:17Extract Features: [1/151]	Time 2.976 (2.976)	Data 2.738 (2.738)	
2025-05-03 17:45:28Extract Features: [100/151]	Time 0.110 (0.141)	Data 0.043 (0.071)	
2025-05-03 17:45:34 extracting done 
Mean AP: 86.3%
CMC Scores:
  top-1          94.2%
  top-5          97.7%
  top-10         98.4%
{ 'Finished_epoch': 63, 'mAP': 86.2575%, rank1: 94%, 'best': 86.2575, 'at_epoch': 63, 'this_best': 1}
2025-05-03 17:45:44
Cost 2:56:40.444180
log2-trainerv2_weight/-far-update-0.9-0.2
2025-05-03 17:45:44 extracting
2025-05-03 17:45:48Extract Features: [1/51]	Time 3.238 (3.238)	Data 2.847 (2.847)	
2025-05-03 17:45:59 extracting done 
Computing jaccard distance...
Jaccard distance computing time cost: 7.955511569976807
2025-05-03 17:46:07 start dbscan clustering
2025-05-03 17:46:08
 Clustered into 601 classes 

learning rate:  3.500000000000001e-06
2025-05-03 17:46:15[Epoch:064] [001/200] | Loss: 0.030 | Acc: 100.0
2025-05-03 17:46:40[Epoch:064] [050/200] | Loss: 0.191 | Acc: 96.6016
2025-05-03 17:47:05[Epoch:064] [100/200] | Loss: 0.530 | Acc: 90.5469
2025-05-03 17:47:34[Epoch:064] [150/200] | Loss: 0.723 | Acc: 86.7969
2025-05-03 17:47:59[Epoch:064] [200/200] | Loss: 0.855 | Acc: 84.1367
2025-05-03 17:47:59 extracting
2025-05-03 17:48:02Extract Features: [1/151]	Time 3.007 (3.007)	Data 2.747 (2.747)	
2025-05-03 17:48:14Extract Features: [100/151]	Time 0.110 (0.145)	Data 0.043 (0.076)	
2025-05-03 17:48:20 extracting done 
Mean AP: 86.2%
CMC Scores:
  top-1          94.4%
  top-5          97.7%
  top-10         98.4%
{ 'Finished_epoch': 64, 'mAP': 86.2331%, rank1: 94%, 'best': 86.2575, 'at_epoch': 63, 'this_best': 0}
2025-05-03 17:48:28
Cost 2:59:24.894426
log2-trainerv2_weight/-far-update-0.9-0.2
2025-05-03 17:48:29 extracting
2025-05-03 17:48:32Extract Features: [1/51]	Time 3.519 (3.519)	Data 3.108 (3.108)	
2025-05-03 17:48:44 extracting done 
Computing jaccard distance...
Jaccard distance computing time cost: 7.922529697418213
2025-05-03 17:48:52 start dbscan clustering
2025-05-03 17:48:53
 Clustered into 602 classes 

learning rate:  3.500000000000001e-06
2025-05-03 17:49:00[Epoch:065] [001/200] | Loss: 0.027 | Acc: 99.6094
2025-05-03 17:49:24[Epoch:065] [050/200] | Loss: 0.174 | Acc: 96.875
2025-05-03 17:49:50[Epoch:065] [100/200] | Loss: 0.475 | Acc: 91.5234
2025-05-03 17:50:18[Epoch:065] [150/200] | Loss: 0.676 | Acc: 87.6536
2025-05-03 17:50:44[Epoch:065] [200/200] | Loss: 0.784 | Acc: 85.7031
2025-05-03 17:50:44 extracting
2025-05-03 17:50:47Extract Features: [1/151]	Time 2.998 (2.998)	Data 2.756 (2.756)	
2025-05-03 17:50:58Extract Features: [100/151]	Time 0.115 (0.141)	Data 0.047 (0.072)	
2025-05-03 17:51:04 extracting done 
Mean AP: 86.2%
CMC Scores:
  top-1          94.2%
  top-5          97.6%
  top-10         98.4%
{ 'Finished_epoch': 65, 'mAP': 86.1757%, rank1: 94%, 'best': 86.2575, 'at_epoch': 63, 'this_best': 0}
2025-05-03 17:51:14
Cost 3:02:10.273501
log2-trainerv2_weight/-far-update-0.9-0.2
2025-05-03 17:51:14 extracting
2025-05-03 17:51:18Extract Features: [1/51]	Time 3.295 (3.295)	Data 2.860 (2.860)	
2025-05-03 17:51:29 extracting done 
Computing jaccard distance...
Jaccard distance computing time cost: 7.997174501419067
2025-05-03 17:51:37 start dbscan clustering
2025-05-03 17:51:38
 Clustered into 601 classes 

learning rate:  3.500000000000001e-06
2025-05-03 17:51:45[Epoch:066] [001/200] | Loss: 0.032 | Acc: 99.6094
2025-05-03 17:52:09[Epoch:066] [050/200] | Loss: 0.223 | Acc: 96.2812
2025-05-03 17:52:35[Epoch:066] [100/200] | Loss: 0.496 | Acc: 91.2344
2025-05-03 17:53:03[Epoch:066] [150/200] | Loss: 0.684 | Acc: 87.6328
2025-05-03 17:53:29[Epoch:066] [200/200] | Loss: 0.795 | Acc: 85.541
2025-05-03 17:53:29 extracting
2025-05-03 17:53:32Extract Features: [1/151]	Time 2.919 (2.919)	Data 2.682 (2.682)	
2025-05-03 17:53:43Extract Features: [100/151]	Time 0.117 (0.141)	Data 0.050 (0.072)	
2025-05-03 17:53:49 extracting done 
Mean AP: 86.3%
CMC Scores:
  top-1          94.2%
  top-5          97.6%
  top-10         98.6%
{ 'Finished_epoch': 66, 'mAP': 86.2566%, rank1: 94%, 'best': 86.2575, 'at_epoch': 63, 'this_best': 0}
2025-05-03 17:53:58
Cost 3:04:54.510816
log2-trainerv2_weight/-far-update-0.9-0.2
2025-05-03 17:53:59 extracting
2025-05-03 17:54:02Extract Features: [1/51]	Time 3.195 (3.195)	Data 2.887 (2.887)	
2025-05-03 17:54:13 extracting done 
Computing jaccard distance...
Jaccard distance computing time cost: 7.9974071979522705
2025-05-03 17:54:22 start dbscan clustering
2025-05-03 17:54:22
 Clustered into 601 classes 

learning rate:  3.500000000000001e-06
2025-05-03 17:54:29[Epoch:067] [001/200] | Loss: 0.036 | Acc: 99.6094
2025-05-03 17:54:54[Epoch:067] [050/200] | Loss: 0.194 | Acc: 97.0859
2025-05-03 17:55:19[Epoch:067] [100/200] | Loss: 0.494 | Acc: 91.1211
2025-05-03 17:55:48[Epoch:067] [150/200] | Loss: 0.691 | Acc: 87.3906
2025-05-03 17:56:13[Epoch:067] [200/200] | Loss: 0.798 | Acc: 85.5176
2025-05-03 17:56:13 extracting
2025-05-03 17:56:16Extract Features: [1/151]	Time 2.919 (2.919)	Data 2.692 (2.692)	
2025-05-03 17:56:27Extract Features: [100/151]	Time 0.109 (0.140)	Data 0.042 (0.070)	
2025-05-03 17:56:33 extracting done 
Mean AP: 86.2%
CMC Scores:
  top-1          94.2%
  top-5          97.7%
  top-10         98.5%
{ 'Finished_epoch': 67, 'mAP': 86.2233%, rank1: 94%, 'best': 86.2575, 'at_epoch': 63, 'this_best': 0}
2025-05-03 17:56:42
Cost 3:07:38.424240
log2-trainerv2_weight/-far-update-0.9-0.2
2025-05-03 17:56:42 extracting
2025-05-03 17:56:46Extract Features: [1/51]	Time 3.432 (3.432)	Data 3.127 (3.127)	
2025-05-03 17:56:57 extracting done 
Computing jaccard distance...
Jaccard distance computing time cost: 7.955129384994507
2025-05-03 17:57:06 start dbscan clustering
2025-05-03 17:57:06
 Clustered into 602 classes 

learning rate:  3.500000000000001e-06
2025-05-03 17:57:13[Epoch:068] [001/200] | Loss: 0.018 | Acc: 100.0
2025-05-03 17:57:39[Epoch:068] [050/200] | Loss: 0.216 | Acc: 96.1406
2025-05-03 17:58:04[Epoch:068] [100/200] | Loss: 0.525 | Acc: 90.2305
2025-05-03 17:58:33[Epoch:068] [150/200] | Loss: 0.706 | Acc: 86.8828
2025-05-03 17:58:58[Epoch:068] [200/200] | Loss: 0.825 | Acc: 84.6641
2025-05-03 17:58:58 extracting
2025-05-03 17:59:01Extract Features: [1/151]	Time 2.993 (2.993)	Data 2.729 (2.729)	
2025-05-03 17:59:12Extract Features: [100/151]	Time 0.111 (0.140)	Data 0.044 (0.070)	
2025-05-03 17:59:18 extracting done 
Mean AP: 86.2%
CMC Scores:
  top-1          94.2%
  top-5          97.7%
  top-10         98.5%
{ 'Finished_epoch': 68, 'mAP': 86.2051%, rank1: 94%, 'best': 86.2575, 'at_epoch': 63, 'this_best': 0}
2025-05-03 17:59:27
Cost 3:10:23.379063
log2-trainerv2_weight/-far-update-0.9-0.2
2025-05-03 17:59:27 extracting
2025-05-03 17:59:31Extract Features: [1/51]	Time 3.461 (3.461)	Data 3.013 (3.013)	
2025-05-03 17:59:42 extracting done 
Computing jaccard distance...
Jaccard distance computing time cost: 7.908031940460205
2025-05-03 17:59:50 start dbscan clustering
2025-05-03 17:59:51
 Clustered into 601 classes 

learning rate:  3.500000000000001e-06
2025-05-03 17:59:58[Epoch:069] [001/200] | Loss: 0.037 | Acc: 99.6094
2025-05-03 18:00:23[Epoch:069] [050/200] | Loss: 0.246 | Acc: 95.4844
2025-05-03 18:00:48[Epoch:069] [100/200] | Loss: 0.499 | Acc: 91.0156
2025-05-03 18:01:17[Epoch:069] [150/200] | Loss: 0.700 | Acc: 87.2604
2025-05-03 18:01:42[Epoch:069] [200/200] | Loss: 0.825 | Acc: 84.9023
2025-05-03 18:01:42 extracting
2025-05-03 18:01:45Extract Features: [1/151]	Time 2.885 (2.885)	Data 2.676 (2.676)	
2025-05-03 18:01:57Extract Features: [100/151]	Time 0.112 (0.150)	Data 0.044 (0.081)	
2025-05-03 18:02:03 extracting done 
Mean AP: 86.2%
CMC Scores:
  top-1          94.1%
  top-5          97.7%
  top-10         98.5%
{ 'Finished_epoch': 69, 'mAP': 86.1942%, rank1: 94%, 'best': 86.2575, 'at_epoch': 63, 'this_best': 0}
2025-05-03 18:02:12
Cost 3:13:08.398045
log2-trainerv2_weight/-far-update-0.9-0.2
2025-05-03 18:02:12 extracting
2025-05-03 18:02:16Extract Features: [1/51]	Time 3.381 (3.381)	Data 2.924 (2.924)	
2025-05-03 18:02:27 extracting done 
Computing jaccard distance...
Jaccard distance computing time cost: 7.991835832595825
2025-05-03 18:02:35 start dbscan clustering
2025-05-03 18:02:36
 Clustered into 601 classes 

learning rate:  3.500000000000001e-06
2025-05-03 18:02:43[Epoch:070] [001/200] | Loss: 0.015 | Acc: 100.0
2025-05-03 18:03:07[Epoch:070] [050/200] | Loss: 0.204 | Acc: 96.7266
2025-05-03 18:03:33[Epoch:070] [100/200] | Loss: 0.504 | Acc: 91.0352
2025-05-03 18:04:01[Epoch:070] [150/200] | Loss: 0.677 | Acc: 87.7161
2025-05-03 18:04:27[Epoch:070] [200/200] | Loss: 0.797 | Acc: 85.4512
2025-05-03 18:04:27 extracting
2025-05-03 18:04:30Extract Features: [1/151]	Time 3.073 (3.073)	Data 2.707 (2.707)	
2025-05-03 18:04:42Extract Features: [100/151]	Time 0.116 (0.152)	Data 0.049 (0.082)	
2025-05-03 18:04:48 extracting done 
Mean AP: 86.2%
CMC Scores:
  top-1          94.2%
  top-5          97.7%
  top-10         98.5%
{ 'Finished_epoch': 70, 'mAP': 86.2261%, rank1: 94%, 'best': 86.2575, 'at_epoch': 63, 'this_best': 0}
2025-05-03 18:04:57
Cost 3:15:53.342067
log2-trainerv2_weight/-far-update-0.9-0.2
2025-05-03 18:04:57 extracting
2025-05-03 18:05:01Extract Features: [1/51]	Time 3.368 (3.368)	Data 2.931 (2.931)	
2025-05-03 18:05:12 extracting done 
Computing jaccard distance...
Jaccard distance computing time cost: 7.93806266784668
2025-05-03 18:05:20 start dbscan clustering
2025-05-03 18:05:21
 Clustered into 601 classes 

learning rate:  3.500000000000001e-06
2025-05-03 18:05:28[Epoch:071] [001/200] | Loss: 0.060 | Acc: 98.8281
2025-05-03 18:05:53[Epoch:071] [050/200] | Loss: 0.209 | Acc: 96.375
2025-05-03 18:06:18[Epoch:071] [100/200] | Loss: 0.492 | Acc: 91.0391
2025-05-03 18:06:47[Epoch:071] [150/200] | Loss: 0.692 | Acc: 87.4167
2025-05-03 18:07:12[Epoch:071] [200/200] | Loss: 0.789 | Acc: 85.3438
2025-05-03 18:07:12 extracting
2025-05-03 18:07:15Extract Features: [1/151]	Time 2.902 (2.902)	Data 2.672 (2.672)	
2025-05-03 18:07:26Extract Features: [100/151]	Time 0.118 (0.142)	Data 0.051 (0.072)	
2025-05-03 18:07:32 extracting done 
Mean AP: 86.1%
CMC Scores:
  top-1          94.1%
  top-5          97.7%
  top-10         98.4%
{ 'Finished_epoch': 71, 'mAP': 86.1474%, rank1: 94%, 'best': 86.2575, 'at_epoch': 63, 'this_best': 0}
2025-05-03 18:07:42
Cost 3:18:38.315942
log2-trainerv2_weight/-far-update-0.9-0.2
2025-05-03 18:07:42 extracting
2025-05-03 18:07:46Extract Features: [1/51]	Time 3.343 (3.343)	Data 2.909 (2.909)	
2025-05-03 18:07:57 extracting done 
Computing jaccard distance...
Jaccard distance computing time cost: 7.904599189758301
2025-05-03 18:08:05 start dbscan clustering
2025-05-03 18:08:06
 Clustered into 603 classes 

learning rate:  3.500000000000001e-06
2025-05-03 18:08:13[Epoch:072] [001/200] | Loss: 0.071 | Acc: 97.6562
2025-05-03 18:08:37[Epoch:072] [050/200] | Loss: 0.212 | Acc: 96.3984
2025-05-03 18:09:03[Epoch:072] [100/200] | Loss: 0.484 | Acc: 91.3867
2025-05-03 18:09:31[Epoch:072] [150/200] | Loss: 0.693 | Acc: 87.4141
2025-05-03 18:09:57[Epoch:072] [200/200] | Loss: 0.804 | Acc: 85.2637
2025-05-03 18:09:57 extracting
2025-05-03 18:10:00Extract Features: [1/151]	Time 2.954 (2.954)	Data 2.722 (2.722)	
2025-05-03 18:10:11Extract Features: [100/151]	Time 0.114 (0.142)	Data 0.048 (0.072)	
2025-05-03 18:10:17 extracting done 
Mean AP: 86.2%
CMC Scores:
  top-1          94.1%
  top-5          97.6%
  top-10         98.4%
{ 'Finished_epoch': 72, 'mAP': 86.2175%, rank1: 94%, 'best': 86.2575, 'at_epoch': 63, 'this_best': 0}
2025-05-03 18:10:28
Cost 3:21:24.069467
log2-trainerv2_weight/-far-update-0.9-0.2
2025-05-03 18:10:28 extracting
2025-05-03 18:10:31Extract Features: [1/51]	Time 3.333 (3.333)	Data 2.865 (2.865)	
2025-05-03 18:10:43 extracting done 
Computing jaccard distance...
Jaccard distance computing time cost: 7.885781288146973
2025-05-03 18:10:51 start dbscan clustering
2025-05-03 18:10:52
 Clustered into 602 classes 

learning rate:  3.500000000000001e-06
2025-05-03 18:10:59[Epoch:073] [001/200] | Loss: 0.040 | Acc: 100.0
2025-05-03 18:11:24[Epoch:073] [050/200] | Loss: 0.189 | Acc: 96.6953
2025-05-03 18:11:49[Epoch:073] [100/200] | Loss: 0.477 | Acc: 91.4023
2025-05-03 18:12:18[Epoch:073] [150/200] | Loss: 0.668 | Acc: 88.0156
2025-05-03 18:12:43[Epoch:073] [200/200] | Loss: 0.767 | Acc: 86.123
2025-05-03 18:12:43 extracting
2025-05-03 18:12:46Extract Features: [1/151]	Time 2.950 (2.950)	Data 2.723 (2.723)	
2025-05-03 18:12:57Extract Features: [100/151]	Time 0.112 (0.141)	Data 0.045 (0.072)	
2025-05-03 18:13:03 extracting done 
Mean AP: 86.2%
CMC Scores:
  top-1          94.2%
  top-5          97.6%
  top-10         98.5%
{ 'Finished_epoch': 73, 'mAP': 86.2246%, rank1: 94%, 'best': 86.2575, 'at_epoch': 63, 'this_best': 0}
2025-05-03 18:13:13
Cost 3:24:09.083459
log2-trainerv2_weight/-far-update-0.9-0.2
2025-05-03 18:13:13 extracting
2025-05-03 18:13:16Extract Features: [1/51]	Time 3.282 (3.282)	Data 2.868 (2.868)	
2025-05-03 18:13:27 extracting done 
Computing jaccard distance...
Jaccard distance computing time cost: 7.873132944107056
2025-05-03 18:13:36 start dbscan clustering
2025-05-03 18:13:37
 Clustered into 604 classes 

learning rate:  3.500000000000001e-06
2025-05-03 18:13:44[Epoch:074] [001/200] | Loss: 0.052 | Acc: 99.2188
2025-05-03 18:14:08[Epoch:074] [050/200] | Loss: 0.183 | Acc: 96.7344
2025-05-03 18:14:34[Epoch:074] [100/200] | Loss: 0.505 | Acc: 91.0977
2025-05-03 18:15:02[Epoch:074] [150/200] | Loss: 0.691 | Acc: 87.4427
2025-05-03 18:15:28[Epoch:074] [200/200] | Loss: 0.810 | Acc: 85.1387
2025-05-03 18:15:28 extracting
2025-05-03 18:15:31Extract Features: [1/151]	Time 2.941 (2.941)	Data 2.713 (2.713)	
2025-05-03 18:15:42Extract Features: [100/151]	Time 0.117 (0.141)	Data 0.050 (0.071)	
2025-05-03 18:15:48 extracting done 
Mean AP: 86.1%
CMC Scores:
  top-1          94.0%
  top-5          97.7%
  top-10         98.4%
{ 'Finished_epoch': 74, 'mAP': 86.1192%, rank1: 94%, 'best': 86.2575, 'at_epoch': 63, 'this_best': 0}
2025-05-03 18:15:57
Cost 3:26:53.240234
log2-trainerv2_weight/-far-update-0.9-0.2

2025-05-03 18:15:57.282174
Cost 3:26:53.324704
