2025-05-04 08:12:51
==========
alpha : 0.999
batch_size : 256
best_map : 0.0
beta : 0.05
data_dir : E:/dataset/
dataset_target : market
debug : False
epochs : 75
eps : 0.6
eval_step : 1
gpus : 0
height : 256
init_path : 
iters : 200
k : 16
logs : log2-trainerv2_weight/-far-update-0.9-0.0
loss_weight : 0.6
lr : 0.00035
memory_strategy : far-update
momentum1 : 0.9
momentum2 : 0.0
num_clusters : 500
num_instances : 16
print_freq : 50
seed : 1
start_epoch : 0
step : 25
weight_decay : 0.0005
width : 128
workers : 1
==========
=> Market1501 loaded
Dataset statistics:
  ----------------------------------------
  subset   | # ids | # images | # cameras
  ----------------------------------------
  train    |   751 |    12936 |         6
  query    |   750 |     3368 |         6
  gallery  |   751 |    15913 |         6
  ----------------------------------------
2025-05-04 08:12:56 extracting
2025-05-04 08:13:00Extract Features: [1/51]	Time 4.823 (4.823)	Data 2.972 (2.972)	
2025-05-04 08:13:13 extracting done 
Computing jaccard distance...
Jaccard distance computing time cost: 9.774298667907715
2025-05-04 08:13:23 start dbscan clustering
2025-05-04 08:13:24
 Clustered into 358 classes 

learning rate:  0.00035
train v2--weight
2025-05-04 08:13:36[Epoch:000] [001/200] | Loss: 3.961 | Acc: 57.4219
2025-05-04 08:14:05[Epoch:000] [050/200] | Loss: 3.189 | Acc: 42.2188
2025-05-04 08:14:34[Epoch:000] [100/200] | Loss: 2.581 | Acc: 50.6133
2025-05-04 08:15:02[Epoch:000] [150/200] | Loss: 2.134 | Acc: 58.4245
2025-05-04 08:15:34[Epoch:000] [200/200] | Loss: 1.832 | Acc: 63.9941
2025-05-04 08:15:34 extracting
2025-05-04 08:15:38Extract Features: [1/151]	Time 3.844 (3.844)	Data 2.745 (2.745)	
2025-05-04 08:15:50Extract Features: [100/151]	Time 0.118 (0.155)	Data 0.050 (0.076)	
2025-05-04 08:15:57 extracting done 
Mean AP: 12.2%
CMC Scores:
  top-1          27.8%
  top-5          41.4%
  top-10         47.4%
{ 'Finished_epoch': 0, 'mAP': 12.2327%, rank1: 28%, 'best': 12.2327, 'at_epoch': 0, 'this_best': 1}
2025-05-04 08:16:06
Cost 0:03:15.859064
log2-trainerv2_weight/-far-update-0.9-0.0
2025-05-04 08:16:06 extracting
2025-05-04 08:16:10Extract Features: [1/51]	Time 3.179 (3.179)	Data 2.865 (2.865)	
2025-05-04 08:16:21 extracting done 
Computing jaccard distance...
Jaccard distance computing time cost: 9.761481285095215
2025-05-04 08:16:31 start dbscan clustering
2025-05-04 08:16:32
 Clustered into 568 classes 

learning rate:  0.00035
train v2--weight
2025-05-04 08:16:39[Epoch:001] [001/200] | Loss: 0.573 | Acc: 89.4531
2025-05-04 08:17:03[Epoch:001] [050/200] | Loss: 0.634 | Acc: 90.1875
2025-05-04 08:17:29[Epoch:001] [100/200] | Loss: 0.938 | Acc: 83.3047
2025-05-04 08:17:57[Epoch:001] [150/200] | Loss: 1.027 | Acc: 81.2161
2025-05-04 08:18:23[Epoch:001] [200/200] | Loss: 1.060 | Acc: 80.4043
2025-05-04 08:18:23 extracting
2025-05-04 08:18:26Extract Features: [1/151]	Time 3.024 (3.024)	Data 2.761 (2.761)	
2025-05-04 08:18:37Extract Features: [100/151]	Time 0.120 (0.141)	Data 0.052 (0.071)	
2025-05-04 08:18:43 extracting done 
Mean AP: 21.9%
CMC Scores:
  top-1          39.2%
  top-5          52.3%
  top-10         59.3%
{ 'Finished_epoch': 1, 'mAP': 21.8637%, rank1: 39%, 'best': 21.8637, 'at_epoch': 1, 'this_best': 1}
2025-05-04 08:18:52
Cost 0:06:01.617044
log2-trainerv2_weight/-far-update-0.9-0.0
2025-05-04 08:18:53 extracting
2025-05-04 08:18:56Extract Features: [1/51]	Time 3.262 (3.262)	Data 2.902 (2.902)	
2025-05-04 08:19:07 extracting done 
Computing jaccard distance...
Jaccard distance computing time cost: 9.111273527145386
2025-05-04 08:19:17 start dbscan clustering
2025-05-04 08:19:18
 Clustered into 583 classes 

learning rate:  0.00035
train v2--weight
2025-05-04 08:19:24[Epoch:002] [001/200] | Loss: 0.564 | Acc: 90.2344
2025-05-04 08:19:49[Epoch:002] [050/200] | Loss: 0.601 | Acc: 89.2109
2025-05-04 08:20:15[Epoch:002] [100/200] | Loss: 0.868 | Acc: 83.8008
2025-05-04 08:20:44[Epoch:002] [150/200] | Loss: 1.015 | Acc: 80.8359
2025-05-04 08:21:09[Epoch:002] [200/200] | Loss: 1.069 | Acc: 79.6953
2025-05-04 08:21:10 extracting
2025-05-04 08:21:13Extract Features: [1/151]	Time 3.019 (3.019)	Data 2.721 (2.721)	
2025-05-04 08:21:24Extract Features: [100/151]	Time 0.112 (0.143)	Data 0.044 (0.073)	
2025-05-04 08:21:30 extracting done 
Mean AP: 30.6%
CMC Scores:
  top-1          48.7%
  top-5          64.2%
  top-10         71.6%
{ 'Finished_epoch': 2, 'mAP': 30.6038%, rank1: 49%, 'best': 30.6038, 'at_epoch': 2, 'this_best': 1}
2025-05-04 08:21:39
Cost 0:08:49.007978
log2-trainerv2_weight/-far-update-0.9-0.0
2025-05-04 08:21:40 extracting
2025-05-04 08:21:43Extract Features: [1/51]	Time 3.233 (3.233)	Data 2.901 (2.901)	
2025-05-04 08:21:54 extracting done 
Computing jaccard distance...
Jaccard distance computing time cost: 9.019196271896362
2025-05-04 08:22:04 start dbscan clustering
2025-05-04 08:22:04
 Clustered into 583 classes 

learning rate:  0.00035
train v2--weight
2025-05-04 08:22:11[Epoch:003] [001/200] | Loss: 0.170 | Acc: 97.2656
2025-05-04 08:22:36[Epoch:003] [050/200] | Loss: 0.529 | Acc: 89.7188
2025-05-04 08:23:01[Epoch:003] [100/200] | Loss: 0.877 | Acc: 83.2109
2025-05-04 08:23:30[Epoch:003] [150/200] | Loss: 1.006 | Acc: 80.4401
2025-05-04 08:23:56[Epoch:003] [200/200] | Loss: 1.079 | Acc: 78.9492
2025-05-04 08:23:56 extracting
2025-05-04 08:23:59Extract Features: [1/151]	Time 2.924 (2.924)	Data 2.711 (2.711)	
2025-05-04 08:24:10Extract Features: [100/151]	Time 0.112 (0.142)	Data 0.044 (0.072)	
2025-05-04 08:24:16 extracting done 
Mean AP: 40.1%
CMC Scores:
  top-1          58.5%
  top-5          74.0%
  top-10         80.4%
{ 'Finished_epoch': 3, 'mAP': 40.058%, rank1: 58%, 'best': 40.058, 'at_epoch': 3, 'this_best': 1}
2025-05-04 08:24:25
Cost 0:11:34.594865
log2-trainerv2_weight/-far-update-0.9-0.0
2025-05-04 08:24:26 extracting
2025-05-04 08:24:29Extract Features: [1/51]	Time 3.182 (3.182)	Data 2.862 (2.862)	
2025-05-04 08:24:40 extracting done 
Computing jaccard distance...
Jaccard distance computing time cost: 8.706409454345703
2025-05-04 08:24:49 start dbscan clustering
2025-05-04 08:24:50
 Clustered into 557 classes 

learning rate:  0.00035
train v2--weight
2025-05-04 08:24:57[Epoch:004] [001/200] | Loss: 0.358 | Acc: 93.3594
2025-05-04 08:25:22[Epoch:004] [050/200] | Loss: 0.540 | Acc: 89.8438
2025-05-04 08:25:47[Epoch:004] [100/200] | Loss: 0.805 | Acc: 84.7148
2025-05-04 08:26:15[Epoch:004] [150/200] | Loss: 0.929 | Acc: 82.3255
2025-05-04 08:26:41[Epoch:004] [200/200] | Loss: 1.009 | Acc: 80.8066
2025-05-04 08:26:42 extracting
2025-05-04 08:26:45Extract Features: [1/151]	Time 2.996 (2.996)	Data 2.705 (2.705)	
2025-05-04 08:26:56Extract Features: [100/151]	Time 0.113 (0.143)	Data 0.045 (0.073)	
2025-05-04 08:27:03 extracting done 
Mean AP: 52.1%
CMC Scores:
  top-1          70.8%
  top-5          84.6%
  top-10         89.3%
{ 'Finished_epoch': 4, 'mAP': 52.0581%, rank1: 71%, 'best': 52.0581, 'at_epoch': 4, 'this_best': 1}
2025-05-04 08:27:12
Cost 0:14:21.509121
log2-trainerv2_weight/-far-update-0.9-0.0
2025-05-04 08:27:13 extracting
2025-05-04 08:27:16Extract Features: [1/51]	Time 3.383 (3.383)	Data 3.075 (3.075)	
2025-05-04 08:27:27 extracting done 
Computing jaccard distance...
Jaccard distance computing time cost: 8.54640245437622
2025-05-04 08:27:36 start dbscan clustering
2025-05-04 08:27:37
 Clustered into 546 classes 

learning rate:  0.00035
train v2--weight
2025-05-04 08:27:44[Epoch:005] [001/200] | Loss: 0.226 | Acc: 97.2656
2025-05-04 08:28:08[Epoch:005] [050/200] | Loss: 0.500 | Acc: 90.5703
2025-05-04 08:28:34[Epoch:005] [100/200] | Loss: 0.754 | Acc: 84.9531
2025-05-04 08:29:03[Epoch:005] [150/200] | Loss: 0.899 | Acc: 81.612
2025-05-04 08:29:28[Epoch:005] [200/200] | Loss: 0.959 | Acc: 80.3633
2025-05-04 08:29:29 extracting
2025-05-04 08:29:31Extract Features: [1/151]	Time 2.918 (2.918)	Data 2.681 (2.681)	
2025-05-04 08:29:42Extract Features: [100/151]	Time 0.112 (0.140)	Data 0.044 (0.069)	
2025-05-04 08:29:48 extracting done 
Mean AP: 57.1%
CMC Scores:
  top-1          76.1%
  top-5          87.4%
  top-10         90.9%
{ 'Finished_epoch': 5, 'mAP': 57.0884%, rank1: 76%, 'best': 57.0884, 'at_epoch': 5, 'this_best': 1}
2025-05-04 08:29:58
Cost 0:17:07.184963
log2-trainerv2_weight/-far-update-0.9-0.0
2025-05-04 08:29:58 extracting
2025-05-04 08:30:01Extract Features: [1/51]	Time 3.291 (3.291)	Data 2.884 (2.884)	
2025-05-04 08:30:13 extracting done 
Computing jaccard distance...
Jaccard distance computing time cost: 8.542456865310669
2025-05-04 08:30:22 start dbscan clustering
2025-05-04 08:30:23
 Clustered into 533 classes 

learning rate:  0.00035
train v2--weight
2025-05-04 08:30:29[Epoch:006] [001/200] | Loss: 0.385 | Acc: 91.7969
2025-05-04 08:30:54[Epoch:006] [050/200] | Loss: 0.453 | Acc: 91.5312
2025-05-04 08:31:23[Epoch:006] [100/200] | Loss: 0.648 | Acc: 87.3164
2025-05-04 08:31:48[Epoch:006] [150/200] | Loss: 0.801 | Acc: 84.0938
2025-05-04 08:32:17[Epoch:006] [200/200] | Loss: 0.862 | Acc: 82.8398
2025-05-04 08:32:18 extracting
2025-05-04 08:32:21Extract Features: [1/151]	Time 2.901 (2.901)	Data 2.668 (2.668)	
2025-05-04 08:32:32Extract Features: [100/151]	Time 0.110 (0.145)	Data 0.042 (0.075)	
2025-05-04 08:32:38 extracting done 
Mean AP: 62.1%
CMC Scores:
  top-1          80.1%
  top-5          90.2%
  top-10         92.8%
{ 'Finished_epoch': 6, 'mAP': 62.0872%, rank1: 80%, 'best': 62.0872, 'at_epoch': 6, 'this_best': 1}
2025-05-04 08:32:47
Cost 0:19:56.489317
log2-trainerv2_weight/-far-update-0.9-0.0
2025-05-04 08:32:47 extracting
2025-05-04 08:32:51Extract Features: [1/51]	Time 3.183 (3.183)	Data 2.842 (2.842)	
2025-05-04 08:33:02 extracting done 
Computing jaccard distance...
Jaccard distance computing time cost: 8.469604253768921
2025-05-04 08:33:11 start dbscan clustering
2025-05-04 08:33:11
 Clustered into 530 classes 

learning rate:  0.00035
train v2--weight
2025-05-04 08:33:18[Epoch:007] [001/200] | Loss: 0.233 | Acc: 96.0938
2025-05-04 08:33:43[Epoch:007] [050/200] | Loss: 0.409 | Acc: 92.3359
2025-05-04 08:34:12[Epoch:007] [100/200] | Loss: 0.633 | Acc: 87.375
2025-05-04 08:34:37[Epoch:007] [150/200] | Loss: 0.737 | Acc: 85.224
2025-05-04 08:35:05[Epoch:007] [200/200] | Loss: 0.786 | Acc: 84.2402
2025-05-04 08:35:05 extracting
2025-05-04 08:35:08Extract Features: [1/151]	Time 2.945 (2.945)	Data 2.706 (2.706)	
2025-05-04 08:35:19Extract Features: [100/151]	Time 0.113 (0.140)	Data 0.046 (0.070)	
2025-05-04 08:35:26 extracting done 
Mean AP: 66.2%
CMC Scores:
  top-1          83.5%
  top-5          92.1%
  top-10         94.7%
{ 'Finished_epoch': 7, 'mAP': 66.1737%, rank1: 83%, 'best': 66.1737, 'at_epoch': 7, 'this_best': 1}
2025-05-04 08:35:35
Cost 0:22:44.714700
log2-trainerv2_weight/-far-update-0.9-0.0
2025-05-04 08:35:36 extracting
2025-05-04 08:35:39Extract Features: [1/51]	Time 3.294 (3.294)	Data 2.940 (2.940)	
2025-05-04 08:35:51 extracting done 
Computing jaccard distance...
Jaccard distance computing time cost: 8.308414459228516
2025-05-04 08:35:59 start dbscan clustering
2025-05-04 08:36:00
 Clustered into 540 classes 

learning rate:  0.00035
train v2--weight
2025-05-04 08:36:07[Epoch:008] [001/200] | Loss: 0.139 | Acc: 98.0469
2025-05-04 08:36:32[Epoch:008] [050/200] | Loss: 0.394 | Acc: 92.4297
2025-05-04 08:37:00[Epoch:008] [100/200] | Loss: 0.627 | Acc: 87.3164
2025-05-04 08:37:26[Epoch:008] [150/200] | Loss: 0.767 | Acc: 84.3099
2025-05-04 08:37:55[Epoch:008] [200/200] | Loss: 0.814 | Acc: 83.3633
2025-05-04 08:37:55 extracting
2025-05-04 08:37:58Extract Features: [1/151]	Time 2.939 (2.939)	Data 2.714 (2.714)	
2025-05-04 08:38:09Extract Features: [100/151]	Time 0.114 (0.140)	Data 0.046 (0.070)	
2025-05-04 08:38:15 extracting done 
Mean AP: 70.7%
CMC Scores:
  top-1          86.6%
  top-5          94.3%
  top-10         96.3%
{ 'Finished_epoch': 8, 'mAP': 70.6595%, rank1: 87%, 'best': 70.6595, 'at_epoch': 8, 'this_best': 1}
2025-05-04 08:38:24
Cost 0:25:33.198274
log2-trainerv2_weight/-far-update-0.9-0.0
2025-05-04 08:38:24 extracting
2025-05-04 08:38:28Extract Features: [1/51]	Time 3.298 (3.298)	Data 2.865 (2.865)	
2025-05-04 08:38:39 extracting done 
Computing jaccard distance...
Jaccard distance computing time cost: 8.135408878326416
2025-05-04 08:38:47 start dbscan clustering
2025-05-04 08:38:48
 Clustered into 539 classes 

learning rate:  0.00035
train v2--weight
2025-05-04 08:38:55[Epoch:009] [001/200] | Loss: 0.128 | Acc: 97.2656
2025-05-04 08:39:20[Epoch:009] [050/200] | Loss: 0.327 | Acc: 93.8828
2025-05-04 08:39:48[Epoch:009] [100/200] | Loss: 0.544 | Acc: 89.0977
2025-05-04 08:40:14[Epoch:009] [150/200] | Loss: 0.679 | Acc: 86.2682
2025-05-04 08:40:42[Epoch:009] [200/200] | Loss: 0.725 | Acc: 85.2637
2025-05-04 08:40:42 extracting
2025-05-04 08:40:45Extract Features: [1/151]	Time 2.910 (2.910)	Data 2.687 (2.687)	
2025-05-04 08:40:57Extract Features: [100/151]	Time 0.114 (0.142)	Data 0.046 (0.072)	
2025-05-04 08:41:03 extracting done 
Mean AP: 70.5%
CMC Scores:
  top-1          86.7%
  top-5          93.8%
  top-10         95.9%
{ 'Finished_epoch': 9, 'mAP': 70.5324%, rank1: 87%, 'best': 70.6595, 'at_epoch': 8, 'this_best': 0}
2025-05-04 08:41:11
Cost 0:28:21.000219
log2-trainerv2_weight/-far-update-0.9-0.0
2025-05-04 08:41:12 extracting
2025-05-04 08:41:15Extract Features: [1/51]	Time 3.225 (3.225)	Data 2.885 (2.885)	
2025-05-04 08:41:26 extracting done 
Computing jaccard distance...
Jaccard distance computing time cost: 8.160888433456421
2025-05-04 08:41:35 start dbscan clustering
2025-05-04 08:41:36
 Clustered into 539 classes 

learning rate:  0.00035
train v2--weight
2025-05-04 08:41:43[Epoch:010] [001/200] | Loss: 0.149 | Acc: 96.875
2025-05-04 08:42:07[Epoch:010] [050/200] | Loss: 0.322 | Acc: 93.9766
2025-05-04 08:42:36[Epoch:010] [100/200] | Loss: 0.501 | Acc: 90.1211
2025-05-04 08:43:01[Epoch:010] [150/200] | Loss: 0.586 | Acc: 88.2344
2025-05-04 08:43:30[Epoch:010] [200/200] | Loss: 0.641 | Acc: 87.1367
2025-05-04 08:43:30 extracting
2025-05-04 08:43:33Extract Features: [1/151]	Time 2.937 (2.937)	Data 2.707 (2.707)	
2025-05-04 08:43:44Extract Features: [100/151]	Time 0.114 (0.141)	Data 0.047 (0.070)	
2025-05-04 08:43:51 extracting done 
Mean AP: 71.1%
CMC Scores:
  top-1          86.5%
  top-5          94.0%
  top-10         95.8%
{ 'Finished_epoch': 10, 'mAP': 71.1324%, rank1: 87%, 'best': 71.1324, 'at_epoch': 10, 'this_best': 1}
2025-05-04 08:44:00
Cost 0:31:09.849051
log2-trainerv2_weight/-far-update-0.9-0.0
2025-05-04 08:44:01 extracting
2025-05-04 08:44:04Extract Features: [1/51]	Time 3.346 (3.346)	Data 2.914 (2.914)	
2025-05-04 08:44:15 extracting done 
Computing jaccard distance...
Jaccard distance computing time cost: 8.022216081619263
2025-05-04 08:44:24 start dbscan clustering
2025-05-04 08:44:25
 Clustered into 541 classes 

learning rate:  0.00035
train v2--weight
2025-05-04 08:44:31[Epoch:011] [001/200] | Loss: 0.130 | Acc: 98.0469
2025-05-04 08:44:56[Epoch:011] [050/200] | Loss: 0.334 | Acc: 93.5547
2025-05-04 08:45:25[Epoch:011] [100/200] | Loss: 0.512 | Acc: 89.8516
2025-05-04 08:45:50[Epoch:011] [150/200] | Loss: 0.608 | Acc: 87.7656
2025-05-04 08:46:19[Epoch:011] [200/200] | Loss: 0.645 | Acc: 86.9199
2025-05-04 08:46:19 extracting
2025-05-04 08:46:22Extract Features: [1/151]	Time 2.974 (2.974)	Data 2.705 (2.705)	
2025-05-04 08:46:33Extract Features: [100/151]	Time 0.115 (0.144)	Data 0.047 (0.074)	
2025-05-04 08:46:39 extracting done 
Mean AP: 73.9%
CMC Scores:
  top-1          88.3%
  top-5          95.2%
  top-10         97.0%
{ 'Finished_epoch': 11, 'mAP': 73.8942%, rank1: 88%, 'best': 73.8942, 'at_epoch': 11, 'this_best': 1}
2025-05-04 08:46:49
Cost 0:33:58.206546
log2-trainerv2_weight/-far-update-0.9-0.0
2025-05-04 08:46:49 extracting
2025-05-04 08:46:53Extract Features: [1/51]	Time 3.318 (3.318)	Data 2.843 (2.843)	
2025-05-04 08:47:04 extracting done 
Computing jaccard distance...
Jaccard distance computing time cost: 8.021087646484375
2025-05-04 08:47:12 start dbscan clustering
2025-05-04 08:47:13
 Clustered into 537 classes 

learning rate:  0.00035
train v2--weight
2025-05-04 08:47:20[Epoch:012] [001/200] | Loss: 0.129 | Acc: 97.6562
2025-05-04 08:47:45[Epoch:012] [050/200] | Loss: 0.271 | Acc: 94.9688
2025-05-04 08:48:14[Epoch:012] [100/200] | Loss: 0.447 | Acc: 90.9883
2025-05-04 08:48:39[Epoch:012] [150/200] | Loss: 0.542 | Acc: 89.138
2025-05-04 08:49:08[Epoch:012] [200/200] | Loss: 0.593 | Acc: 88.0859
2025-05-04 08:49:08 extracting
2025-05-04 08:49:11Extract Features: [1/151]	Time 3.043 (3.043)	Data 2.728 (2.728)	
2025-05-04 08:49:22Extract Features: [100/151]	Time 0.114 (0.142)	Data 0.045 (0.071)	
2025-05-04 08:49:29 extracting done 
Mean AP: 74.0%
CMC Scores:
  top-1          88.6%
  top-5          95.0%
  top-10         96.7%
{ 'Finished_epoch': 12, 'mAP': 74.0468%, rank1: 89%, 'best': 74.0468, 'at_epoch': 12, 'this_best': 1}
2025-05-04 08:49:39
Cost 0:36:48.802247
log2-trainerv2_weight/-far-update-0.9-0.0
2025-05-04 08:49:40 extracting
2025-05-04 08:49:43Extract Features: [1/51]	Time 3.331 (3.331)	Data 2.863 (2.863)	
2025-05-04 08:49:54 extracting done 
Computing jaccard distance...
Jaccard distance computing time cost: 8.050736665725708
2025-05-04 08:50:03 start dbscan clustering
2025-05-04 08:50:04
 Clustered into 539 classes 

learning rate:  0.00035
train v2--weight
2025-05-04 08:50:11[Epoch:013] [001/200] | Loss: 0.174 | Acc: 95.7031
2025-05-04 08:50:35[Epoch:013] [050/200] | Loss: 0.275 | Acc: 94.8203
2025-05-04 08:51:05[Epoch:013] [100/200] | Loss: 0.429 | Acc: 91.5039
2025-05-04 08:51:30[Epoch:013] [150/200] | Loss: 0.528 | Acc: 89.4583
2025-05-04 08:51:59[Epoch:013] [200/200] | Loss: 0.578 | Acc: 88.3828
2025-05-04 08:51:59 extracting
2025-05-04 08:52:02Extract Features: [1/151]	Time 2.950 (2.950)	Data 2.708 (2.708)	
2025-05-04 08:52:13Extract Features: [100/151]	Time 0.115 (0.142)	Data 0.047 (0.071)	
2025-05-04 08:52:19 extracting done 
Mean AP: 73.9%
CMC Scores:
  top-1          88.1%
  top-5          94.9%
  top-10         96.8%
{ 'Finished_epoch': 13, 'mAP': 73.9381%, rank1: 88%, 'best': 74.0468, 'at_epoch': 12, 'this_best': 0}
2025-05-04 08:52:29
Cost 0:39:38.217496
log2-trainerv2_weight/-far-update-0.9-0.0
2025-05-04 08:52:29 extracting
2025-05-04 08:52:32Extract Features: [1/51]	Time 3.200 (3.200)	Data 2.860 (2.860)	
2025-05-04 08:52:44 extracting done 
Computing jaccard distance...
Jaccard distance computing time cost: 7.955057144165039
2025-05-04 08:52:52 start dbscan clustering
2025-05-04 08:52:53
 Clustered into 541 classes 

learning rate:  0.00035
train v2--weight
2025-05-04 08:53:00[Epoch:014] [001/200] | Loss: 0.147 | Acc: 97.2656
2025-05-04 08:53:24[Epoch:014] [050/200] | Loss: 0.298 | Acc: 94.4141
2025-05-04 08:53:53[Epoch:014] [100/200] | Loss: 0.447 | Acc: 91.2891
2025-05-04 08:54:18[Epoch:014] [150/200] | Loss: 0.528 | Acc: 89.3984
2025-05-04 08:54:47[Epoch:014] [200/200] | Loss: 0.565 | Acc: 88.623
2025-05-04 08:54:47 extracting
2025-05-04 08:54:50Extract Features: [1/151]	Time 2.889 (2.889)	Data 2.682 (2.682)	
2025-05-04 08:55:01Extract Features: [100/151]	Time 0.112 (0.140)	Data 0.044 (0.071)	
2025-05-04 08:55:07 extracting done 
Mean AP: 74.8%
CMC Scores:
  top-1          88.7%
  top-5          95.5%
  top-10         96.9%
{ 'Finished_epoch': 14, 'mAP': 74.8304%, rank1: 89%, 'best': 74.8304, 'at_epoch': 14, 'this_best': 1}
2025-05-04 08:55:17
Cost 0:42:26.402099
log2-trainerv2_weight/-far-update-0.9-0.0
2025-05-04 08:55:17 extracting
2025-05-04 08:55:21Extract Features: [1/51]	Time 3.412 (3.412)	Data 2.935 (2.935)	
2025-05-04 08:55:32 extracting done 
Computing jaccard distance...
Jaccard distance computing time cost: 8.045854568481445
2025-05-04 08:55:41 start dbscan clustering
2025-05-04 08:55:41
 Clustered into 544 classes 

learning rate:  0.00035
train v2--weight
2025-05-04 08:55:48[Epoch:015] [001/200] | Loss: 0.100 | Acc: 98.8281
2025-05-04 08:56:13[Epoch:015] [050/200] | Loss: 0.261 | Acc: 95.3125
2025-05-04 08:56:38[Epoch:015] [100/200] | Loss: 0.404 | Acc: 92.5
2025-05-04 08:57:07[Epoch:015] [150/200] | Loss: 0.476 | Acc: 90.8281
2025-05-04 08:57:32[Epoch:015] [200/200] | Loss: 0.530 | Acc: 89.7207
2025-05-04 08:57:32 extracting
2025-05-04 08:57:35Extract Features: [1/151]	Time 2.955 (2.955)	Data 2.714 (2.714)	
2025-05-04 08:57:46Extract Features: [100/151]	Time 0.112 (0.141)	Data 0.044 (0.070)	
2025-05-04 08:57:52 extracting done 
Mean AP: 74.4%
CMC Scores:
  top-1          88.6%
  top-5          95.2%
  top-10         96.9%
{ 'Finished_epoch': 15, 'mAP': 74.4304%, rank1: 89%, 'best': 74.8304, 'at_epoch': 14, 'this_best': 0}
2025-05-04 08:58:02
Cost 0:45:11.963346
log2-trainerv2_weight/-far-update-0.9-0.0
2025-05-04 08:58:03 extracting
2025-05-04 08:58:06Extract Features: [1/51]	Time 3.359 (3.359)	Data 2.873 (2.873)	
2025-05-04 08:58:18 extracting done 
Computing jaccard distance...
Jaccard distance computing time cost: 8.08130407333374
2025-05-04 08:58:26 start dbscan clustering
2025-05-04 08:58:27
 Clustered into 536 classes 

learning rate:  0.00035
train v2--weight
2025-05-04 08:58:34[Epoch:016] [001/200] | Loss: 0.172 | Acc: 96.875
2025-05-04 08:58:59[Epoch:016] [050/200] | Loss: 0.245 | Acc: 95.1641
2025-05-04 08:59:27[Epoch:016] [100/200] | Loss: 0.399 | Acc: 92.1133
2025-05-04 08:59:53[Epoch:016] [150/200] | Loss: 0.488 | Acc: 90.263
2025-05-04 09:00:21[Epoch:016] [200/200] | Loss: 0.537 | Acc: 89.293
2025-05-04 09:00:22 extracting
2025-05-04 09:00:25Extract Features: [1/151]	Time 3.042 (3.042)	Data 2.699 (2.699)	
2025-05-04 09:00:37Extract Features: [100/151]	Time 0.112 (0.145)	Data 0.045 (0.074)	
2025-05-04 09:00:43 extracting done 
Mean AP: 76.6%
CMC Scores:
  top-1          90.3%
  top-5          96.2%
  top-10         97.3%
{ 'Finished_epoch': 16, 'mAP': 76.6332%, rank1: 90%, 'best': 76.6332, 'at_epoch': 16, 'this_best': 1}
2025-05-04 09:00:52
Cost 0:48:01.264826
log2-trainerv2_weight/-far-update-0.9-0.0
2025-05-04 09:00:52 extracting
2025-05-04 09:00:55Extract Features: [1/51]	Time 3.217 (3.217)	Data 2.838 (2.838)	
2025-05-04 09:01:07 extracting done 
Computing jaccard distance...
Jaccard distance computing time cost: 8.031583786010742
2025-05-04 09:01:15 start dbscan clustering
2025-05-04 09:01:16
 Clustered into 546 classes 

learning rate:  0.00035
train v2--weight
2025-05-04 09:01:23[Epoch:017] [001/200] | Loss: 0.106 | Acc: 98.0469
2025-05-04 09:01:48[Epoch:017] [050/200] | Loss: 0.251 | Acc: 95.0469
2025-05-04 09:02:13[Epoch:017] [100/200] | Loss: 0.366 | Acc: 92.5703
2025-05-04 09:02:42[Epoch:017] [150/200] | Loss: 0.459 | Acc: 90.6589
2025-05-04 09:03:07[Epoch:017] [200/200] | Loss: 0.501 | Acc: 89.8652
2025-05-04 09:03:07 extracting
2025-05-04 09:03:10Extract Features: [1/151]	Time 2.927 (2.927)	Data 2.696 (2.696)	
2025-05-04 09:03:22Extract Features: [100/151]	Time 0.114 (0.141)	Data 0.046 (0.070)	
2025-05-04 09:03:28 extracting done 
Mean AP: 74.7%
CMC Scores:
  top-1          89.4%
  top-5          95.6%
  top-10         96.8%
{ 'Finished_epoch': 17, 'mAP': 74.7307%, rank1: 89%, 'best': 76.6332, 'at_epoch': 16, 'this_best': 0}
2025-05-04 09:03:37
Cost 0:50:46.116224
log2-trainerv2_weight/-far-update-0.9-0.0
2025-05-04 09:03:37 extracting
2025-05-04 09:03:40Extract Features: [1/51]	Time 3.291 (3.291)	Data 2.857 (2.857)	
2025-05-04 09:03:52 extracting done 
Computing jaccard distance...
Jaccard distance computing time cost: 7.989201307296753
2025-05-04 09:04:00 start dbscan clustering
2025-05-04 09:04:01
 Clustered into 541 classes 

learning rate:  0.00035
train v2--weight
2025-05-04 09:04:08[Epoch:018] [001/200] | Loss: 0.127 | Acc: 98.0469
2025-05-04 09:04:32[Epoch:018] [050/200] | Loss: 0.257 | Acc: 95.4375
2025-05-04 09:05:01[Epoch:018] [100/200] | Loss: 0.374 | Acc: 92.6445
2025-05-04 09:05:26[Epoch:018] [150/200] | Loss: 0.431 | Acc: 91.4453
2025-05-04 09:05:55[Epoch:018] [200/200] | Loss: 0.475 | Acc: 90.5566
2025-05-04 09:05:55 extracting
2025-05-04 09:05:58Extract Features: [1/151]	Time 2.946 (2.946)	Data 2.696 (2.696)	
2025-05-04 09:06:10Extract Features: [100/151]	Time 0.115 (0.147)	Data 0.047 (0.077)	
2025-05-04 09:06:16 extracting done 
Mean AP: 74.1%
CMC Scores:
  top-1          88.0%
  top-5          95.0%
  top-10         96.4%
{ 'Finished_epoch': 18, 'mAP': 74.0744%, rank1: 88%, 'best': 76.6332, 'at_epoch': 16, 'this_best': 0}
2025-05-04 09:06:24
Cost 0:53:34.064330
log2-trainerv2_weight/-far-update-0.9-0.0
2025-05-04 09:06:25 extracting
2025-05-04 09:06:28Extract Features: [1/51]	Time 3.306 (3.306)	Data 2.884 (2.884)	
2025-05-04 09:06:39 extracting done 
Computing jaccard distance...
Jaccard distance computing time cost: 7.955901384353638
2025-05-04 09:06:48 start dbscan clustering
2025-05-04 09:06:48
 Clustered into 539 classes 

learning rate:  0.00035
train v2--weight
2025-05-04 09:06:55[Epoch:019] [001/200] | Loss: 0.084 | Acc: 98.0469
2025-05-04 09:07:20[Epoch:019] [050/200] | Loss: 0.228 | Acc: 95.9922
2025-05-04 09:07:49[Epoch:019] [100/200] | Loss: 0.352 | Acc: 93.4062
2025-05-04 09:08:14[Epoch:019] [150/200] | Loss: 0.414 | Acc: 92.1406
2025-05-04 09:08:43[Epoch:019] [200/200] | Loss: 0.457 | Acc: 91.1445
2025-05-04 09:08:43 extracting
2025-05-04 09:08:46Extract Features: [1/151]	Time 2.956 (2.956)	Data 2.703 (2.703)	
2025-05-04 09:08:57Extract Features: [100/151]	Time 0.113 (0.141)	Data 0.045 (0.071)	
2025-05-04 09:09:03 extracting done 
Mean AP: 76.8%
CMC Scores:
  top-1          90.3%
  top-5          96.2%
  top-10         97.7%
{ 'Finished_epoch': 19, 'mAP': 76.8342%, rank1: 90%, 'best': 76.8342, 'at_epoch': 19, 'this_best': 1}
2025-05-04 09:09:14
Cost 0:56:23.194407
log2-trainerv2_weight/-far-update-0.9-0.0
2025-05-04 09:09:14 extracting
2025-05-04 09:09:17Extract Features: [1/51]	Time 3.342 (3.342)	Data 2.861 (2.861)	
2025-05-04 09:09:29 extracting done 
Computing jaccard distance...
Jaccard distance computing time cost: 8.011481285095215
2025-05-04 09:09:37 start dbscan clustering
2025-05-04 09:09:38
 Clustered into 548 classes 

learning rate:  0.00035
train v2--weight
2025-05-04 09:09:45[Epoch:020] [001/200] | Loss: 0.101 | Acc: 98.0469
2025-05-04 09:10:09[Epoch:020] [050/200] | Loss: 0.219 | Acc: 95.9141
2025-05-04 09:10:35[Epoch:020] [100/200] | Loss: 0.335 | Acc: 93.4961
2025-05-04 09:11:04[Epoch:020] [150/200] | Loss: 0.409 | Acc: 91.9844
2025-05-04 09:11:30[Epoch:020] [200/200] | Loss: 0.456 | Acc: 90.916
2025-05-04 09:11:30 extracting
2025-05-04 09:11:33Extract Features: [1/151]	Time 2.897 (2.897)	Data 2.703 (2.703)	
2025-05-04 09:11:44Extract Features: [100/151]	Time 0.114 (0.142)	Data 0.046 (0.072)	
2025-05-04 09:11:51 extracting done 
Mean AP: 76.9%
CMC Scores:
  top-1          89.9%
  top-5          95.8%
  top-10         97.2%
{ 'Finished_epoch': 20, 'mAP': 76.8545%, rank1: 90%, 'best': 76.8545, 'at_epoch': 20, 'this_best': 1}
2025-05-04 09:11:59
Cost 0:59:08.983398
log2-trainerv2_weight/-far-update-0.9-0.0
2025-05-04 09:12:00 extracting
2025-05-04 09:12:03Extract Features: [1/51]	Time 3.324 (3.324)	Data 2.891 (2.891)	
2025-05-04 09:12:15 extracting done 
Computing jaccard distance...
Jaccard distance computing time cost: 8.045909643173218
2025-05-04 09:12:23 start dbscan clustering
2025-05-04 09:12:24
 Clustered into 547 classes 

learning rate:  0.00035
train v2--weight
2025-05-04 09:12:31[Epoch:021] [001/200] | Loss: 0.132 | Acc: 98.0469
2025-05-04 09:12:55[Epoch:021] [050/200] | Loss: 0.194 | Acc: 96.6562
2025-05-04 09:13:21[Epoch:021] [100/200] | Loss: 0.323 | Acc: 93.875
2025-05-04 09:13:49[Epoch:021] [150/200] | Loss: 0.401 | Acc: 92.3177
2025-05-04 09:14:15[Epoch:021] [200/200] | Loss: 0.447 | Acc: 91.4336
2025-05-04 09:14:15 extracting
2025-05-04 09:14:18Extract Features: [1/151]	Time 2.962 (2.962)	Data 2.690 (2.690)	
2025-05-04 09:14:29Extract Features: [100/151]	Time 0.116 (0.140)	Data 0.048 (0.069)	
2025-05-04 09:14:36 extracting done 
Mean AP: 76.5%
CMC Scores:
  top-1          89.6%
  top-5          95.6%
  top-10         97.2%
{ 'Finished_epoch': 21, 'mAP': 76.4696%, rank1: 90%, 'best': 76.8545, 'at_epoch': 20, 'this_best': 0}
2025-05-04 09:14:44
Cost 1:01:54.074293
log2-trainerv2_weight/-far-update-0.9-0.0
2025-05-04 09:14:45 extracting
2025-05-04 09:14:48Extract Features: [1/51]	Time 3.172 (3.172)	Data 2.837 (2.837)	
2025-05-04 09:14:59 extracting done 
Computing jaccard distance...
Jaccard distance computing time cost: 7.910874843597412
2025-05-04 09:15:08 start dbscan clustering
2025-05-04 09:15:08
 Clustered into 547 classes 

learning rate:  0.00035
train v2--weight
2025-05-04 09:15:15[Epoch:022] [001/200] | Loss: 0.118 | Acc: 97.6562
2025-05-04 09:15:40[Epoch:022] [050/200] | Loss: 0.209 | Acc: 96.2266
2025-05-04 09:16:05[Epoch:022] [100/200] | Loss: 0.337 | Acc: 93.4414
2025-05-04 09:16:34[Epoch:022] [150/200] | Loss: 0.416 | Acc: 91.9167
2025-05-04 09:16:59[Epoch:022] [200/200] | Loss: 0.449 | Acc: 91.0898
2025-05-04 09:16:59 extracting
2025-05-04 09:17:02Extract Features: [1/151]	Time 3.009 (3.009)	Data 2.714 (2.714)	
2025-05-04 09:17:14Extract Features: [100/151]	Time 0.114 (0.150)	Data 0.046 (0.079)	
2025-05-04 09:17:21 extracting done 
Mean AP: 76.7%
CMC Scores:
  top-1          89.7%
  top-5          96.4%
  top-10         97.4%
{ 'Finished_epoch': 22, 'mAP': 76.6766%, rank1: 90%, 'best': 76.8545, 'at_epoch': 20, 'this_best': 0}
2025-05-04 09:17:30
Cost 1:04:39.709764
log2-trainerv2_weight/-far-update-0.9-0.0
2025-05-04 09:17:31 extracting
2025-05-04 09:17:34Extract Features: [1/51]	Time 3.297 (3.297)	Data 2.892 (2.892)	
2025-05-04 09:17:45 extracting done 
Computing jaccard distance...
Jaccard distance computing time cost: 7.946629762649536
2025-05-04 09:17:53 start dbscan clustering
2025-05-04 09:17:54
 Clustered into 548 classes 

learning rate:  0.00035
train v2--weight
2025-05-04 09:18:01[Epoch:023] [001/200] | Loss: 0.077 | Acc: 98.8281
2025-05-04 09:18:26[Epoch:023] [050/200] | Loss: 0.193 | Acc: 96.5547
2025-05-04 09:18:52[Epoch:023] [100/200] | Loss: 0.319 | Acc: 93.875
2025-05-04 09:19:20[Epoch:023] [150/200] | Loss: 0.392 | Acc: 92.3594
2025-05-04 09:19:46[Epoch:023] [200/200] | Loss: 0.437 | Acc: 91.3711
2025-05-04 09:19:46 extracting
2025-05-04 09:19:49Extract Features: [1/151]	Time 2.880 (2.880)	Data 2.692 (2.692)	
2025-05-04 09:20:00Extract Features: [100/151]	Time 0.117 (0.141)	Data 0.049 (0.072)	
2025-05-04 09:20:06 extracting done 
Mean AP: 76.6%
CMC Scores:
  top-1          90.1%
  top-5          95.8%
  top-10         97.1%
{ 'Finished_epoch': 23, 'mAP': 76.5653%, rank1: 90%, 'best': 76.8545, 'at_epoch': 20, 'this_best': 0}
2025-05-04 09:20:15
Cost 1:07:25.114779
log2-trainerv2_weight/-far-update-0.9-0.0
2025-05-04 09:20:16 extracting
2025-05-04 09:20:19Extract Features: [1/51]	Time 3.281 (3.281)	Data 2.880 (2.880)	
2025-05-04 09:20:31 extracting done 
Computing jaccard distance...
Jaccard distance computing time cost: 7.907177209854126
2025-05-04 09:20:39 start dbscan clustering
2025-05-04 09:20:40
 Clustered into 552 classes 

learning rate:  0.00035
train v2--weight
2025-05-04 09:20:46[Epoch:024] [001/200] | Loss: 0.129 | Acc: 97.2656
2025-05-04 09:21:11[Epoch:024] [050/200] | Loss: 0.205 | Acc: 96.2031
2025-05-04 09:21:37[Epoch:024] [100/200] | Loss: 0.322 | Acc: 93.9219
2025-05-04 09:22:05[Epoch:024] [150/200] | Loss: 0.397 | Acc: 92.3854
2025-05-04 09:22:31[Epoch:024] [200/200] | Loss: 0.431 | Acc: 91.752
2025-05-04 09:22:31 extracting
2025-05-04 09:22:34Extract Features: [1/151]	Time 2.997 (2.997)	Data 2.735 (2.735)	
2025-05-04 09:22:45Extract Features: [100/151]	Time 0.111 (0.142)	Data 0.043 (0.072)	
2025-05-04 09:22:51 extracting done 
Mean AP: 76.6%
CMC Scores:
  top-1          90.3%
  top-5          95.7%
  top-10         97.1%
{ 'Finished_epoch': 24, 'mAP': 76.5976%, rank1: 90%, 'best': 76.8545, 'at_epoch': 20, 'this_best': 0}
2025-05-04 09:23:01
Cost 1:10:10.150037
log2-trainerv2_weight/-far-update-0.9-0.0
2025-05-04 09:23:01 extracting
2025-05-04 09:23:04Extract Features: [1/51]	Time 3.306 (3.306)	Data 2.864 (2.864)	
2025-05-04 09:23:16 extracting done 
Computing jaccard distance...
Jaccard distance computing time cost: 7.944547653198242
2025-05-04 09:23:24 start dbscan clustering
2025-05-04 09:23:25
 Clustered into 551 classes 

learning rate:  3.5000000000000004e-05
train v2--weight
2025-05-04 09:23:31[Epoch:025] [001/200] | Loss: 0.130 | Acc: 96.875
2025-05-04 09:23:56[Epoch:025] [050/200] | Loss: 0.144 | Acc: 97.4609
2025-05-04 09:24:21[Epoch:025] [100/200] | Loss: 0.205 | Acc: 96.3281
2025-05-04 09:24:50[Epoch:025] [150/200] | Loss: 0.234 | Acc: 95.7057
2025-05-04 09:25:15[Epoch:025] [200/200] | Loss: 0.252 | Acc: 95.3594
2025-05-04 09:25:15 extracting
2025-05-04 09:25:18Extract Features: [1/151]	Time 2.954 (2.954)	Data 2.707 (2.707)	
2025-05-04 09:25:29Extract Features: [100/151]	Time 0.111 (0.141)	Data 0.043 (0.070)	
2025-05-04 09:25:35 extracting done 
Mean AP: 80.7%
CMC Scores:
  top-1          92.2%
  top-5          96.7%
  top-10         97.5%
{ 'Finished_epoch': 25, 'mAP': 80.7441%, rank1: 92%, 'best': 80.7441, 'at_epoch': 25, 'this_best': 1}
2025-05-04 09:25:45
Cost 1:12:54.255818
log2-trainerv2_weight/-far-update-0.9-0.0
2025-05-04 09:25:45 extracting
2025-05-04 09:25:49Extract Features: [1/51]	Time 3.500 (3.500)	Data 3.007 (3.007)	
2025-05-04 09:26:00 extracting done 
Computing jaccard distance...
Jaccard distance computing time cost: 8.089189291000366
2025-05-04 09:26:09 start dbscan clustering
2025-05-04 09:26:10
 Clustered into 561 classes 

learning rate:  3.5000000000000004e-05
train v2--weight
2025-05-04 09:26:16[Epoch:026] [001/200] | Loss: 0.047 | Acc: 100.0
2025-05-04 09:26:41[Epoch:026] [050/200] | Loss: 0.106 | Acc: 98.0625
2025-05-04 09:27:07[Epoch:026] [100/200] | Loss: 0.149 | Acc: 97.2617
2025-05-04 09:27:35[Epoch:026] [150/200] | Loss: 0.181 | Acc: 96.6458
2025-05-04 09:28:01[Epoch:026] [200/200] | Loss: 0.203 | Acc: 96.1973
2025-05-04 09:28:01 extracting
2025-05-04 09:28:04Extract Features: [1/151]	Time 2.940 (2.940)	Data 2.710 (2.710)	
2025-05-04 09:28:16Extract Features: [100/151]	Time 0.113 (0.148)	Data 0.045 (0.077)	
2025-05-04 09:28:22 extracting done 
Mean AP: 81.0%
CMC Scores:
  top-1          92.0%
  top-5          96.7%
  top-10         97.8%
{ 'Finished_epoch': 26, 'mAP': 81.0495%, rank1: 92%, 'best': 81.0495, 'at_epoch': 26, 'this_best': 1}
2025-05-04 09:28:30
Cost 1:15:40.051479
log2-trainerv2_weight/-far-update-0.9-0.0
2025-05-04 09:28:31 extracting
2025-05-04 09:28:34Extract Features: [1/51]	Time 3.306 (3.306)	Data 2.822 (2.822)	
2025-05-04 09:28:46 extracting done 
Computing jaccard distance...
Jaccard distance computing time cost: 7.978666305541992
2025-05-04 09:28:54 start dbscan clustering
2025-05-04 09:28:55
 Clustered into 565 classes 

learning rate:  3.5000000000000004e-05
train v2--weight
2025-05-04 09:29:02[Epoch:027] [001/200] | Loss: 0.086 | Acc: 99.2188
2025-05-04 09:29:27[Epoch:027] [050/200] | Loss: 0.092 | Acc: 98.2734
2025-05-04 09:29:52[Epoch:027] [100/200] | Loss: 0.142 | Acc: 97.3516
2025-05-04 09:30:21[Epoch:027] [150/200] | Loss: 0.165 | Acc: 96.9141
2025-05-04 09:30:47[Epoch:027] [200/200] | Loss: 0.191 | Acc: 96.4648
2025-05-04 09:30:47 extracting
2025-05-04 09:30:50Extract Features: [1/151]	Time 2.900 (2.900)	Data 2.687 (2.687)	
2025-05-04 09:31:00Extract Features: [100/151]	Time 0.111 (0.138)	Data 0.043 (0.069)	
2025-05-04 09:31:06 extracting done 
Mean AP: 80.9%
CMC Scores:
  top-1          91.7%
  top-5          96.7%
  top-10         97.7%
{ 'Finished_epoch': 27, 'mAP': 80.924%, rank1: 92%, 'best': 81.0495, 'at_epoch': 26, 'this_best': 0}
2025-05-04 09:31:16
Cost 1:18:25.690606
log2-trainerv2_weight/-far-update-0.9-0.0
2025-05-04 09:31:17 extracting
2025-05-04 09:31:20Extract Features: [1/51]	Time 3.364 (3.364)	Data 2.884 (2.884)	
2025-05-04 09:31:31 extracting done 
Computing jaccard distance...
Jaccard distance computing time cost: 7.952225923538208
2025-05-04 09:31:40 start dbscan clustering
2025-05-04 09:31:40
 Clustered into 563 classes 

learning rate:  3.5000000000000004e-05
train v2--weight
2025-05-04 09:31:47[Epoch:028] [001/200] | Loss: 0.056 | Acc: 98.8281
2025-05-04 09:32:13[Epoch:028] [050/200] | Loss: 0.076 | Acc: 98.7578
2025-05-04 09:32:39[Epoch:028] [100/200] | Loss: 0.111 | Acc: 98.0859
2025-05-04 09:33:07[Epoch:028] [150/200] | Loss: 0.136 | Acc: 97.5938
2025-05-04 09:33:33[Epoch:028] [200/200] | Loss: 0.155 | Acc: 97.2559
2025-05-04 09:33:33 extracting
2025-05-04 09:33:36Extract Features: [1/151]	Time 2.906 (2.906)	Data 2.707 (2.707)	
2025-05-04 09:33:47Extract Features: [100/151]	Time 0.110 (0.140)	Data 0.042 (0.070)	
2025-05-04 09:33:53 extracting done 
Mean AP: 81.2%
CMC Scores:
  top-1          92.0%
  top-5          96.5%
  top-10         97.8%
{ 'Finished_epoch': 28, 'mAP': 81.2309%, rank1: 92%, 'best': 81.2309, 'at_epoch': 28, 'this_best': 1}
2025-05-04 09:34:01
Cost 1:21:10.963554
log2-trainerv2_weight/-far-update-0.9-0.0
2025-05-04 09:34:02 extracting
2025-05-04 09:34:05Extract Features: [1/51]	Time 3.279 (3.279)	Data 2.829 (2.829)	
2025-05-04 09:34:17 extracting done 
Computing jaccard distance...
Jaccard distance computing time cost: 7.9793736934661865
2025-05-04 09:34:25 start dbscan clustering
2025-05-04 09:34:26
 Clustered into 564 classes 

learning rate:  3.5000000000000004e-05
train v2--weight
2025-05-04 09:34:33[Epoch:029] [001/200] | Loss: 0.080 | Acc: 98.0469
2025-05-04 09:34:58[Epoch:029] [050/200] | Loss: 0.072 | Acc: 98.7891
2025-05-04 09:35:23[Epoch:029] [100/200] | Loss: 0.109 | Acc: 98.1836
2025-05-04 09:35:52[Epoch:029] [150/200] | Loss: 0.134 | Acc: 97.6901
2025-05-04 09:36:17[Epoch:029] [200/200] | Loss: 0.148 | Acc: 97.4531
2025-05-04 09:36:17 extracting
2025-05-04 09:36:20Extract Features: [1/151]	Time 3.062 (3.062)	Data 2.690 (2.690)	
2025-05-04 09:36:31Extract Features: [100/151]	Time 0.112 (0.142)	Data 0.043 (0.070)	
2025-05-04 09:36:37 extracting done 
Mean AP: 81.3%
CMC Scores:
  top-1          92.0%
  top-5          96.5%
  top-10         97.4%
{ 'Finished_epoch': 29, 'mAP': 81.2727%, rank1: 92%, 'best': 81.2727, 'at_epoch': 29, 'this_best': 1}
2025-05-04 09:36:47
Cost 1:23:56.299539
log2-trainerv2_weight/-far-update-0.9-0.0
2025-05-04 09:36:47 extracting
2025-05-04 09:36:51Extract Features: [1/51]	Time 3.327 (3.327)	Data 2.865 (2.865)	
2025-05-04 09:37:02 extracting done 
Computing jaccard distance...
Jaccard distance computing time cost: 8.059403657913208
2025-05-04 09:37:11 start dbscan clustering
2025-05-04 09:37:11
 Clustered into 567 classes 

learning rate:  3.5000000000000004e-05
train v2--weight
2025-05-04 09:37:18[Epoch:030] [001/200] | Loss: 0.073 | Acc: 98.4375
2025-05-04 09:37:43[Epoch:030] [050/200] | Loss: 0.070 | Acc: 98.8984
2025-05-04 09:38:08[Epoch:030] [100/200] | Loss: 0.111 | Acc: 98.0234
2025-05-04 09:38:37[Epoch:030] [150/200] | Loss: 0.128 | Acc: 97.7005
2025-05-04 09:39:02[Epoch:030] [200/200] | Loss: 0.140 | Acc: 97.5176
2025-05-04 09:39:02 extracting
2025-05-04 09:39:05Extract Features: [1/151]	Time 2.881 (2.881)	Data 2.686 (2.686)	
2025-05-04 09:39:16Extract Features: [100/151]	Time 0.113 (0.139)	Data 0.044 (0.070)	
2025-05-04 09:39:23 extracting done 
Mean AP: 81.4%
CMC Scores:
  top-1          92.1%
  top-5          96.4%
  top-10         97.7%
{ 'Finished_epoch': 30, 'mAP': 81.4362%, rank1: 92%, 'best': 81.4362, 'at_epoch': 30, 'this_best': 1}
2025-05-04 09:39:32
Cost 1:26:41.504115
log2-trainerv2_weight/-far-update-0.9-0.0
2025-05-04 09:39:32 extracting
2025-05-04 09:39:36Extract Features: [1/51]	Time 3.237 (3.237)	Data 2.860 (2.860)	
2025-05-04 09:39:47 extracting done 
Computing jaccard distance...
Jaccard distance computing time cost: 7.896761417388916
2025-05-04 09:39:55 start dbscan clustering
2025-05-04 09:39:56
 Clustered into 566 classes 

learning rate:  3.5000000000000004e-05
train v2--weight
2025-05-04 09:40:03[Epoch:031] [001/200] | Loss: 0.047 | Acc: 99.6094
2025-05-04 09:40:28[Epoch:031] [050/200] | Loss: 0.065 | Acc: 99.0391
2025-05-04 09:40:53[Epoch:031] [100/200] | Loss: 0.100 | Acc: 98.2539
2025-05-04 09:41:22[Epoch:031] [150/200] | Loss: 0.125 | Acc: 97.7344
2025-05-04 09:41:47[Epoch:031] [200/200] | Loss: 0.140 | Acc: 97.5039
2025-05-04 09:41:47 extracting
2025-05-04 09:41:50Extract Features: [1/151]	Time 2.889 (2.889)	Data 2.691 (2.691)	
2025-05-04 09:42:01Extract Features: [100/151]	Time 0.117 (0.139)	Data 0.049 (0.069)	
2025-05-04 09:42:07 extracting done 
Mean AP: 81.4%
CMC Scores:
  top-1          92.3%
  top-5          96.7%
  top-10         97.8%
{ 'Finished_epoch': 31, 'mAP': 81.3642%, rank1: 92%, 'best': 81.4362, 'at_epoch': 30, 'this_best': 0}
2025-05-04 09:42:16
Cost 1:29:25.432028
log2-trainerv2_weight/-far-update-0.9-0.0
2025-05-04 09:42:16 extracting
2025-05-04 09:42:20Extract Features: [1/51]	Time 3.289 (3.289)	Data 2.920 (2.920)	
2025-05-04 09:42:31 extracting done 
Computing jaccard distance...
Jaccard distance computing time cost: 7.940714597702026
2025-05-04 09:42:39 start dbscan clustering
2025-05-04 09:42:40
 Clustered into 567 classes 

learning rate:  3.5000000000000004e-05
train v2--weight
2025-05-04 09:42:47[Epoch:032] [001/200] | Loss: 0.026 | Acc: 100.0
2025-05-04 09:43:12[Epoch:032] [050/200] | Loss: 0.076 | Acc: 98.6797
2025-05-04 09:43:37[Epoch:032] [100/200] | Loss: 0.097 | Acc: 98.4258
2025-05-04 09:44:06[Epoch:032] [150/200] | Loss: 0.118 | Acc: 98.0208
2025-05-04 09:44:31[Epoch:032] [200/200] | Loss: 0.139 | Acc: 97.5996
2025-05-04 09:44:31 extracting
2025-05-04 09:44:34Extract Features: [1/151]	Time 2.899 (2.899)	Data 2.713 (2.713)	
2025-05-04 09:44:46Extract Features: [100/151]	Time 0.113 (0.146)	Data 0.045 (0.077)	
2025-05-04 09:44:52 extracting done 
Mean AP: 81.4%
CMC Scores:
  top-1          92.1%
  top-5          96.6%
  top-10         97.6%
{ 'Finished_epoch': 32, 'mAP': 81.3672%, rank1: 92%, 'best': 81.4362, 'at_epoch': 30, 'this_best': 0}
2025-05-04 09:45:01
Cost 1:32:10.258659
log2-trainerv2_weight/-far-update-0.9-0.0
2025-05-04 09:45:01 extracting
2025-05-04 09:45:05Extract Features: [1/51]	Time 3.548 (3.548)	Data 3.091 (3.091)	
2025-05-04 09:45:16 extracting done 
Computing jaccard distance...
Jaccard distance computing time cost: 8.082472801208496
2025-05-04 09:45:24 start dbscan clustering
2025-05-04 09:45:25
 Clustered into 567 classes 

learning rate:  3.5000000000000004e-05
train v2--weight
2025-05-04 09:45:32[Epoch:033] [001/200] | Loss: 0.022 | Acc: 100.0
2025-05-04 09:45:57[Epoch:033] [050/200] | Loss: 0.064 | Acc: 98.9766
2025-05-04 09:46:22[Epoch:033] [100/200] | Loss: 0.094 | Acc: 98.3672
2025-05-04 09:46:51[Epoch:033] [150/200] | Loss: 0.109 | Acc: 98.2161
2025-05-04 09:47:16[Epoch:033] [200/200] | Loss: 0.117 | Acc: 98.0586
2025-05-04 09:47:16 extracting
2025-05-04 09:47:19Extract Features: [1/151]	Time 2.951 (2.951)	Data 2.718 (2.718)	
2025-05-04 09:47:30Extract Features: [100/151]	Time 0.110 (0.141)	Data 0.042 (0.070)	
2025-05-04 09:47:36 extracting done 
Mean AP: 81.2%
CMC Scores:
  top-1          91.7%
  top-5          96.4%
  top-10         97.4%
{ 'Finished_epoch': 33, 'mAP': 81.1957%, rank1: 92%, 'best': 81.4362, 'at_epoch': 30, 'this_best': 0}
2025-05-04 09:47:46
Cost 1:34:55.191502
log2-trainerv2_weight/-far-update-0.9-0.0
2025-05-04 09:47:46 extracting
2025-05-04 09:47:49Extract Features: [1/51]	Time 3.228 (3.228)	Data 2.861 (2.861)	
2025-05-04 09:48:01 extracting done 
Computing jaccard distance...
Jaccard distance computing time cost: 8.14538836479187
2025-05-04 09:48:10 start dbscan clustering
2025-05-04 09:48:11
 Clustered into 567 classes 

learning rate:  3.5000000000000004e-05
train v2--weight
2025-05-04 09:48:18[Epoch:034] [001/200] | Loss: 0.073 | Acc: 98.4375
2025-05-04 09:48:42[Epoch:034] [050/200] | Loss: 0.070 | Acc: 98.7109
2025-05-04 09:49:08[Epoch:034] [100/200] | Loss: 0.087 | Acc: 98.5273
2025-05-04 09:49:36[Epoch:034] [150/200] | Loss: 0.113 | Acc: 98.1641
2025-05-04 09:50:02[Epoch:034] [200/200] | Loss: 0.127 | Acc: 97.8887
2025-05-04 09:50:02 extracting
2025-05-04 09:50:05Extract Features: [1/151]	Time 2.895 (2.895)	Data 2.685 (2.685)	
2025-05-04 09:50:16Extract Features: [100/151]	Time 0.108 (0.139)	Data 0.040 (0.070)	
2025-05-04 09:50:23 extracting done 
Mean AP: 81.5%
CMC Scores:
  top-1          91.9%
  top-5          96.6%
  top-10         97.7%
{ 'Finished_epoch': 34, 'mAP': 81.4814%, rank1: 92%, 'best': 81.4814, 'at_epoch': 34, 'this_best': 1}
2025-05-04 09:50:32
Cost 1:37:41.363048
log2-trainerv2_weight/-far-update-0.9-0.0
2025-05-04 09:50:32 extracting
2025-05-04 09:50:36Extract Features: [1/51]	Time 3.343 (3.343)	Data 2.862 (2.862)	
2025-05-04 09:50:47 extracting done 
Computing jaccard distance...
Jaccard distance computing time cost: 7.875489950180054
2025-05-04 09:50:55 start dbscan clustering
2025-05-04 09:50:56
 Clustered into 568 classes 

learning rate:  3.5000000000000004e-05
train v2--weight
2025-05-04 09:51:03[Epoch:035] [001/200] | Loss: 0.066 | Acc: 98.4375
2025-05-04 09:51:28[Epoch:035] [050/200] | Loss: 0.068 | Acc: 98.7109
2025-05-04 09:51:53[Epoch:035] [100/200] | Loss: 0.090 | Acc: 98.4727
2025-05-04 09:52:21[Epoch:035] [150/200] | Loss: 0.114 | Acc: 98.0365
2025-05-04 09:52:47[Epoch:035] [200/200] | Loss: 0.125 | Acc: 97.877
2025-05-04 09:52:47 extracting
2025-05-04 09:52:50Extract Features: [1/151]	Time 3.062 (3.062)	Data 2.700 (2.700)	
2025-05-04 09:53:01Extract Features: [100/151]	Time 0.115 (0.142)	Data 0.047 (0.071)	
2025-05-04 09:53:07 extracting done 
Mean AP: 80.8%
CMC Scores:
  top-1          91.4%
  top-5          96.4%
  top-10         97.4%
{ 'Finished_epoch': 35, 'mAP': 80.8477%, rank1: 91%, 'best': 81.4814, 'at_epoch': 34, 'this_best': 0}
2025-05-04 09:53:16
Cost 1:40:25.323643
log2-trainerv2_weight/-far-update-0.9-0.0
2025-05-04 09:53:16 extracting
2025-05-04 09:53:20Extract Features: [1/51]	Time 3.358 (3.358)	Data 2.890 (2.890)	
2025-05-04 09:53:31 extracting done 
Computing jaccard distance...
Jaccard distance computing time cost: 7.87603497505188
2025-05-04 09:53:39 start dbscan clustering
2025-05-04 09:53:40
 Clustered into 571 classes 

learning rate:  3.5000000000000004e-05
train v2--weight
2025-05-04 09:53:47[Epoch:036] [001/200] | Loss: 0.032 | Acc: 99.6094
2025-05-04 09:54:11[Epoch:036] [050/200] | Loss: 0.060 | Acc: 99.0938
2025-05-04 09:54:37[Epoch:036] [100/200] | Loss: 0.094 | Acc: 98.5156
2025-05-04 09:55:05[Epoch:036] [150/200] | Loss: 0.111 | Acc: 98.1354
2025-05-04 09:55:31[Epoch:036] [200/200] | Loss: 0.119 | Acc: 97.998
2025-05-04 09:55:31 extracting
2025-05-04 09:55:34Extract Features: [1/151]	Time 2.970 (2.970)	Data 2.726 (2.726)	
2025-05-04 09:55:45Extract Features: [100/151]	Time 0.116 (0.141)	Data 0.047 (0.071)	
2025-05-04 09:55:51 extracting done 
Mean AP: 81.0%
CMC Scores:
  top-1          91.4%
  top-5          96.5%
  top-10         97.4%
{ 'Finished_epoch': 36, 'mAP': 81.0172%, rank1: 91%, 'best': 81.4814, 'at_epoch': 34, 'this_best': 0}
2025-05-04 09:56:00
Cost 1:43:09.328772
log2-trainerv2_weight/-far-update-0.9-0.0
2025-05-04 09:56:00 extracting
2025-05-04 09:56:04Extract Features: [1/51]	Time 3.306 (3.306)	Data 2.863 (2.863)	
2025-05-04 09:56:15 extracting done 
Computing jaccard distance...
Jaccard distance computing time cost: 7.915250778198242
2025-05-04 09:56:23 start dbscan clustering
2025-05-04 09:56:24
 Clustered into 570 classes 

learning rate:  3.5000000000000004e-05
train v2--weight
2025-05-04 09:56:31[Epoch:037] [001/200] | Loss: 0.051 | Acc: 98.8281
2025-05-04 09:56:55[Epoch:037] [050/200] | Loss: 0.057 | Acc: 99.0078
2025-05-04 09:57:20[Epoch:037] [100/200] | Loss: 0.084 | Acc: 98.6094
2025-05-04 09:57:49[Epoch:037] [150/200] | Loss: 0.103 | Acc: 98.2943
2025-05-04 09:58:15[Epoch:037] [200/200] | Loss: 0.120 | Acc: 97.9219
2025-05-04 09:58:15 extracting
2025-05-04 09:58:18Extract Features: [1/151]	Time 2.953 (2.953)	Data 2.739 (2.739)	
2025-05-04 09:58:29Extract Features: [100/151]	Time 0.116 (0.145)	Data 0.047 (0.075)	
2025-05-04 09:58:35 extracting done 
Mean AP: 81.2%
CMC Scores:
  top-1          91.8%
  top-5          96.5%
  top-10         97.4%
{ 'Finished_epoch': 37, 'mAP': 81.2226%, rank1: 92%, 'best': 81.4814, 'at_epoch': 34, 'this_best': 0}
2025-05-04 09:58:44
Cost 1:45:53.495352
log2-trainerv2_weight/-far-update-0.9-0.0
2025-05-04 09:58:44 extracting
2025-05-04 09:58:48Extract Features: [1/51]	Time 3.261 (3.261)	Data 2.880 (2.880)	
2025-05-04 09:58:59 extracting done 
Computing jaccard distance...
Jaccard distance computing time cost: 7.992971420288086
2025-05-04 09:59:07 start dbscan clustering
2025-05-04 09:59:08
 Clustered into 572 classes 

learning rate:  3.5000000000000004e-05
train v2--weight
2025-05-04 09:59:15[Epoch:038] [001/200] | Loss: 0.036 | Acc: 99.6094
2025-05-04 09:59:40[Epoch:038] [050/200] | Loss: 0.067 | Acc: 98.8203
2025-05-04 10:00:05[Epoch:038] [100/200] | Loss: 0.087 | Acc: 98.5391
2025-05-04 10:00:34[Epoch:038] [150/200] | Loss: 0.098 | Acc: 98.4297
2025-05-04 10:00:59[Epoch:038] [200/200] | Loss: 0.112 | Acc: 98.1055
2025-05-04 10:00:59 extracting
2025-05-04 10:01:02Extract Features: [1/151]	Time 3.054 (3.054)	Data 2.759 (2.759)	
2025-05-04 10:01:13Extract Features: [100/151]	Time 0.113 (0.141)	Data 0.045 (0.071)	
2025-05-04 10:01:20 extracting done 
Mean AP: 81.0%
CMC Scores:
  top-1          91.3%
  top-5          96.6%
  top-10         97.4%
{ 'Finished_epoch': 38, 'mAP': 80.9737%, rank1: 91%, 'best': 81.4814, 'at_epoch': 34, 'this_best': 0}
2025-05-04 10:01:31
Cost 1:48:40.165824
log2-trainerv2_weight/-far-update-0.9-0.0
2025-05-04 10:01:31 extracting
2025-05-04 10:01:34Extract Features: [1/51]	Time 3.348 (3.348)	Data 2.857 (2.857)	
2025-05-04 10:01:46 extracting done 
Computing jaccard distance...
Jaccard distance computing time cost: 8.002260684967041
2025-05-04 10:01:54 start dbscan clustering
2025-05-04 10:01:55
 Clustered into 572 classes 

learning rate:  3.5000000000000004e-05
train v2--weight
2025-05-04 10:02:02[Epoch:039] [001/200] | Loss: 0.045 | Acc: 99.2188
2025-05-04 10:02:27[Epoch:039] [050/200] | Loss: 0.064 | Acc: 98.875
2025-05-04 10:02:52[Epoch:039] [100/200] | Loss: 0.094 | Acc: 98.4023
2025-05-04 10:03:21[Epoch:039] [150/200] | Loss: 0.103 | Acc: 98.2578
2025-05-04 10:03:46[Epoch:039] [200/200] | Loss: 0.111 | Acc: 98.0879
2025-05-04 10:03:46 extracting
2025-05-04 10:03:49Extract Features: [1/151]	Time 2.900 (2.900)	Data 2.702 (2.702)	
2025-05-04 10:04:01Extract Features: [100/151]	Time 0.115 (0.148)	Data 0.046 (0.078)	
2025-05-04 10:04:07 extracting done 
Mean AP: 81.2%
CMC Scores:
  top-1          91.8%
  top-5          96.6%
  top-10         97.7%
{ 'Finished_epoch': 39, 'mAP': 81.1824%, rank1: 92%, 'best': 81.4814, 'at_epoch': 34, 'this_best': 0}
2025-05-04 10:04:16
Cost 1:51:25.780053
log2-trainerv2_weight/-far-update-0.9-0.0
2025-05-04 10:04:17 extracting
2025-05-04 10:04:20Extract Features: [1/51]	Time 3.288 (3.288)	Data 2.838 (2.838)	
2025-05-04 10:04:32 extracting done 
Computing jaccard distance...
Jaccard distance computing time cost: 7.966069936752319
2025-05-04 10:04:40 start dbscan clustering
2025-05-04 10:04:41
 Clustered into 572 classes 

learning rate:  3.5000000000000004e-05
train v2--weight
2025-05-04 10:04:48[Epoch:040] [001/200] | Loss: 0.025 | Acc: 99.6094
2025-05-04 10:05:13[Epoch:040] [050/200] | Loss: 0.059 | Acc: 99.0391
2025-05-04 10:05:39[Epoch:040] [100/200] | Loss: 0.077 | Acc: 98.7109
2025-05-04 10:06:08[Epoch:040] [150/200] | Loss: 0.095 | Acc: 98.3802
2025-05-04 10:06:33[Epoch:040] [200/200] | Loss: 0.098 | Acc: 98.4043
2025-05-04 10:06:33 extracting
2025-05-04 10:06:36Extract Features: [1/151]	Time 2.931 (2.931)	Data 2.730 (2.730)	
2025-05-04 10:06:47Extract Features: [100/151]	Time 0.115 (0.141)	Data 0.047 (0.072)	
2025-05-04 10:06:53 extracting done 
Mean AP: 81.2%
CMC Scores:
  top-1          91.7%
  top-5          96.5%
  top-10         97.5%
{ 'Finished_epoch': 40, 'mAP': 81.2289%, rank1: 92%, 'best': 81.4814, 'at_epoch': 34, 'this_best': 0}
2025-05-04 10:07:03
Cost 1:54:12.451268
log2-trainerv2_weight/-far-update-0.9-0.0
2025-05-04 10:07:03 extracting
2025-05-04 10:07:07Extract Features: [1/51]	Time 3.360 (3.360)	Data 2.961 (2.961)	
2025-05-04 10:07:18 extracting done 
Computing jaccard distance...
Jaccard distance computing time cost: 7.920168399810791
2025-05-04 10:07:27 start dbscan clustering
2025-05-04 10:07:28
 Clustered into 572 classes 

learning rate:  3.5000000000000004e-05
train v2--weight
2025-05-04 10:07:35[Epoch:041] [001/200] | Loss: 0.016 | Acc: 100.0
2025-05-04 10:08:00[Epoch:041] [050/200] | Loss: 0.050 | Acc: 99.2812
2025-05-04 10:08:25[Epoch:041] [100/200] | Loss: 0.074 | Acc: 98.9297
2025-05-04 10:08:54[Epoch:041] [150/200] | Loss: 0.087 | Acc: 98.6953
2025-05-04 10:09:19[Epoch:041] [200/200] | Loss: 0.099 | Acc: 98.4609
2025-05-04 10:09:19 extracting
2025-05-04 10:09:22Extract Features: [1/151]	Time 2.943 (2.943)	Data 2.741 (2.741)	
2025-05-04 10:09:33Extract Features: [100/151]	Time 0.115 (0.140)	Data 0.046 (0.069)	
2025-05-04 10:09:40 extracting done 
Mean AP: 81.2%
CMC Scores:
  top-1          91.4%
  top-5          96.7%
  top-10         97.5%
{ 'Finished_epoch': 41, 'mAP': 81.1929%, rank1: 91%, 'best': 81.4814, 'at_epoch': 34, 'this_best': 0}
2025-05-04 10:09:49
Cost 1:56:58.975012
log2-trainerv2_weight/-far-update-0.9-0.0
2025-05-04 10:09:50 extracting
2025-05-04 10:09:53Extract Features: [1/51]	Time 3.317 (3.317)	Data 2.876 (2.876)	
2025-05-04 10:10:04 extracting done 
Computing jaccard distance...
Jaccard distance computing time cost: 7.867703914642334
2025-05-04 10:10:13 start dbscan clustering
2025-05-04 10:10:13
 Clustered into 572 classes 

learning rate:  3.5000000000000004e-05
train v2--weight
2025-05-04 10:10:20[Epoch:042] [001/200] | Loss: 0.048 | Acc: 98.8281
2025-05-04 10:10:45[Epoch:042] [050/200] | Loss: 0.044 | Acc: 99.3438
2025-05-04 10:11:11[Epoch:042] [100/200] | Loss: 0.079 | Acc: 98.7617
2025-05-04 10:11:40[Epoch:042] [150/200] | Loss: 0.090 | Acc: 98.6042
2025-05-04 10:12:05[Epoch:042] [200/200] | Loss: 0.098 | Acc: 98.4922
2025-05-04 10:12:05 extracting
2025-05-04 10:12:08Extract Features: [1/151]	Time 2.997 (2.997)	Data 2.733 (2.733)	
2025-05-04 10:12:20Extract Features: [100/151]	Time 0.108 (0.148)	Data 0.040 (0.078)	
2025-05-04 10:12:26 extracting done 
Mean AP: 81.4%
CMC Scores:
  top-1          91.5%
  top-5          96.6%
  top-10         97.7%
{ 'Finished_epoch': 42, 'mAP': 81.366%, rank1: 92%, 'best': 81.4814, 'at_epoch': 34, 'this_best': 0}
2025-05-04 10:12:36
Cost 1:59:45.205109
log2-trainerv2_weight/-far-update-0.9-0.0
2025-05-04 10:12:36 extracting
2025-05-04 10:12:39Extract Features: [1/51]	Time 3.284 (3.284)	Data 2.885 (2.885)	
2025-05-04 10:12:51 extracting done 
Computing jaccard distance...
Jaccard distance computing time cost: 7.949997186660767
2025-05-04 10:12:59 start dbscan clustering
2025-05-04 10:13:00
 Clustered into 572 classes 

learning rate:  3.5000000000000004e-05
train v2--weight
2025-05-04 10:13:06[Epoch:043] [001/200] | Loss: 0.047 | Acc: 99.2188
2025-05-04 10:13:31[Epoch:043] [050/200] | Loss: 0.047 | Acc: 99.3359
2025-05-04 10:13:57[Epoch:043] [100/200] | Loss: 0.071 | Acc: 98.9336
2025-05-04 10:14:25[Epoch:043] [150/200] | Loss: 0.084 | Acc: 98.7292
2025-05-04 10:14:51[Epoch:043] [200/200] | Loss: 0.095 | Acc: 98.5195
2025-05-04 10:14:51 extracting
2025-05-04 10:14:54Extract Features: [1/151]	Time 3.027 (3.027)	Data 2.724 (2.724)	
2025-05-04 10:15:05Extract Features: [100/151]	Time 0.115 (0.145)	Data 0.047 (0.074)	
2025-05-04 10:15:11 extracting done 
Mean AP: 81.2%
CMC Scores:
  top-1          91.7%
  top-5          96.4%
  top-10         97.6%
{ 'Finished_epoch': 43, 'mAP': 81.1961%, rank1: 92%, 'best': 81.4814, 'at_epoch': 34, 'this_best': 0}
2025-05-04 10:15:21
Cost 2:02:30.418310
log2-trainerv2_weight/-far-update-0.9-0.0
2025-05-04 10:15:21 extracting
2025-05-04 10:15:25Extract Features: [1/51]	Time 3.190 (3.190)	Data 2.882 (2.882)	
2025-05-04 10:15:36 extracting done 
Computing jaccard distance...
Jaccard distance computing time cost: 7.927349090576172
2025-05-04 10:15:44 start dbscan clustering
2025-05-04 10:15:45
 Clustered into 572 classes 

learning rate:  3.5000000000000004e-05
train v2--weight
2025-05-04 10:15:52[Epoch:044] [001/200] | Loss: 0.037 | Acc: 99.6094
2025-05-04 10:16:17[Epoch:044] [050/200] | Loss: 0.047 | Acc: 99.2578
2025-05-04 10:16:42[Epoch:044] [100/200] | Loss: 0.075 | Acc: 98.7383
2025-05-04 10:17:11[Epoch:044] [150/200] | Loss: 0.087 | Acc: 98.6354
2025-05-04 10:17:36[Epoch:044] [200/200] | Loss: 0.100 | Acc: 98.3828
2025-05-04 10:17:36 extracting
2025-05-04 10:17:39Extract Features: [1/151]	Time 2.956 (2.956)	Data 2.720 (2.720)	
2025-05-04 10:17:51Extract Features: [100/151]	Time 0.118 (0.151)	Data 0.049 (0.080)	
2025-05-04 10:17:57 extracting done 
Mean AP: 81.2%
CMC Scores:
  top-1          91.4%
  top-5          96.3%
  top-10         97.5%
{ 'Finished_epoch': 44, 'mAP': 81.1859%, rank1: 91%, 'best': 81.4814, 'at_epoch': 34, 'this_best': 0}
2025-05-04 10:18:08
Cost 2:05:17.590049
log2-trainerv2_weight/-far-update-0.9-0.0
2025-05-04 10:18:09 extracting
2025-05-04 10:18:12Extract Features: [1/51]	Time 3.364 (3.364)	Data 2.882 (2.882)	
2025-05-04 10:18:24 extracting done 
Computing jaccard distance...
Jaccard distance computing time cost: 8.03117847442627
2025-05-04 10:18:33 start dbscan clustering
2025-05-04 10:18:34
 Clustered into 572 classes 

learning rate:  3.5000000000000004e-05
train v2--weight
2025-05-04 10:18:40[Epoch:045] [001/200] | Loss: 0.034 | Acc: 100.0
2025-05-04 10:19:05[Epoch:045] [050/200] | Loss: 0.047 | Acc: 99.2812
2025-05-04 10:19:31[Epoch:045] [100/200] | Loss: 0.066 | Acc: 98.9609
2025-05-04 10:19:59[Epoch:045] [150/200] | Loss: 0.080 | Acc: 98.7266
2025-05-04 10:20:25[Epoch:045] [200/200] | Loss: 0.090 | Acc: 98.5859
2025-05-04 10:20:25 extracting
2025-05-04 10:20:28Extract Features: [1/151]	Time 2.961 (2.961)	Data 2.748 (2.748)	
2025-05-04 10:20:39Extract Features: [100/151]	Time 0.110 (0.142)	Data 0.042 (0.071)	
2025-05-04 10:20:45 extracting done 
Mean AP: 81.0%
CMC Scores:
  top-1          91.0%
  top-5          96.6%
  top-10         97.5%
{ 'Finished_epoch': 45, 'mAP': 81.0154%, rank1: 91%, 'best': 81.4814, 'at_epoch': 34, 'this_best': 0}
2025-05-04 10:20:54
Cost 2:08:03.624055
log2-trainerv2_weight/-far-update-0.9-0.0
2025-05-04 10:20:55 extracting
2025-05-04 10:20:58Extract Features: [1/51]	Time 3.298 (3.298)	Data 2.837 (2.837)	
2025-05-04 10:21:09 extracting done 
Computing jaccard distance...
Jaccard distance computing time cost: 7.956535339355469
2025-05-04 10:21:17 start dbscan clustering
2025-05-04 10:21:18
 Clustered into 573 classes 

learning rate:  3.5000000000000004e-05
train v2--weight
2025-05-04 10:21:25[Epoch:046] [001/200] | Loss: 0.016 | Acc: 100.0
2025-05-04 10:21:50[Epoch:046] [050/200] | Loss: 0.055 | Acc: 99.0391
2025-05-04 10:22:15[Epoch:046] [100/200] | Loss: 0.069 | Acc: 98.8945
2025-05-04 10:22:44[Epoch:046] [150/200] | Loss: 0.080 | Acc: 98.7396
2025-05-04 10:23:09[Epoch:046] [200/200] | Loss: 0.093 | Acc: 98.5176
2025-05-04 10:23:09 extracting
2025-05-04 10:23:12Extract Features: [1/151]	Time 3.009 (3.009)	Data 2.747 (2.747)	
2025-05-04 10:23:24Extract Features: [100/151]	Time 0.115 (0.145)	Data 0.047 (0.075)	
2025-05-04 10:23:30 extracting done 
Mean AP: 80.6%
CMC Scores:
  top-1          91.5%
  top-5          96.4%
  top-10         97.6%
{ 'Finished_epoch': 46, 'mAP': 80.5963%, rank1: 92%, 'best': 81.4814, 'at_epoch': 34, 'this_best': 0}
2025-05-04 10:23:39
Cost 2:10:48.632930
log2-trainerv2_weight/-far-update-0.9-0.0
2025-05-04 10:23:40 extracting
2025-05-04 10:23:43Extract Features: [1/51]	Time 3.230 (3.230)	Data 2.835 (2.835)	
2025-05-04 10:23:54 extracting done 
Computing jaccard distance...
Jaccard distance computing time cost: 7.901385545730591
2025-05-04 10:24:02 start dbscan clustering
2025-05-04 10:24:03
 Clustered into 573 classes 

learning rate:  3.5000000000000004e-05
train v2--weight
2025-05-04 10:24:10[Epoch:047] [001/200] | Loss: 0.027 | Acc: 100.0
2025-05-04 10:24:35[Epoch:047] [050/200] | Loss: 0.041 | Acc: 99.4531
2025-05-04 10:25:00[Epoch:047] [100/200] | Loss: 0.066 | Acc: 99.0039
2025-05-04 10:25:29[Epoch:047] [150/200] | Loss: 0.080 | Acc: 98.7552
2025-05-04 10:25:54[Epoch:047] [200/200] | Loss: 0.088 | Acc: 98.6094
2025-05-04 10:25:54 extracting
2025-05-04 10:25:57Extract Features: [1/151]	Time 3.043 (3.043)	Data 2.682 (2.682)	
2025-05-04 10:26:08Extract Features: [100/151]	Time 0.113 (0.141)	Data 0.045 (0.070)	
2025-05-04 10:26:14 extracting done 
Mean AP: 80.8%
CMC Scores:
  top-1          91.4%
  top-5          96.7%
  top-10         97.6%
{ 'Finished_epoch': 47, 'mAP': 80.7718%, rank1: 91%, 'best': 81.4814, 'at_epoch': 34, 'this_best': 0}
2025-05-04 10:26:24
Cost 2:13:33.625457
log2-trainerv2_weight/-far-update-0.9-0.0
2025-05-04 10:26:25 extracting
2025-05-04 10:26:28Extract Features: [1/51]	Time 3.189 (3.189)	Data 2.870 (2.870)	
2025-05-04 10:26:39 extracting done 
Computing jaccard distance...
Jaccard distance computing time cost: 7.923218250274658
2025-05-04 10:26:47 start dbscan clustering
2025-05-04 10:26:48
 Clustered into 573 classes 

learning rate:  3.5000000000000004e-05
train v2--weight
2025-05-04 10:26:55[Epoch:048] [001/200] | Loss: 0.045 | Acc: 99.2188
2025-05-04 10:27:20[Epoch:048] [050/200] | Loss: 0.046 | Acc: 99.3359
2025-05-04 10:27:45[Epoch:048] [100/200] | Loss: 0.066 | Acc: 99.0781
2025-05-04 10:28:14[Epoch:048] [150/200] | Loss: 0.076 | Acc: 98.9219
2025-05-04 10:28:39[Epoch:048] [200/200] | Loss: 0.083 | Acc: 98.8086
2025-05-04 10:28:39 extracting
2025-05-04 10:28:42Extract Features: [1/151]	Time 2.908 (2.908)	Data 2.712 (2.712)	
2025-05-04 10:28:53Extract Features: [100/151]	Time 0.113 (0.140)	Data 0.044 (0.070)	
2025-05-04 10:28:59 extracting done 
Mean AP: 80.9%
CMC Scores:
  top-1          91.6%
  top-5          96.8%
  top-10         97.5%
{ 'Finished_epoch': 48, 'mAP': 80.9131%, rank1: 92%, 'best': 81.4814, 'at_epoch': 34, 'this_best': 0}
2025-05-04 10:29:08
Cost 2:16:18.056076
log2-trainerv2_weight/-far-update-0.9-0.0
2025-05-04 10:29:09 extracting
2025-05-04 10:29:13Extract Features: [1/51]	Time 3.165 (3.165)	Data 2.862 (2.862)	
2025-05-04 10:29:24 extracting done 
Computing jaccard distance...
Jaccard distance computing time cost: 8.10543179512024
2025-05-04 10:29:33 start dbscan clustering
2025-05-04 10:29:33
 Clustered into 573 classes 

learning rate:  3.5000000000000004e-05
train v2--weight
2025-05-04 10:29:40[Epoch:049] [001/200] | Loss: 0.016 | Acc: 100.0
2025-05-04 10:30:06[Epoch:049] [050/200] | Loss: 0.042 | Acc: 99.3828
2025-05-04 10:30:31[Epoch:049] [100/200] | Loss: 0.054 | Acc: 99.3086
2025-05-04 10:30:59[Epoch:049] [150/200] | Loss: 0.070 | Acc: 99.0312
2025-05-04 10:31:25[Epoch:049] [200/200] | Loss: 0.083 | Acc: 98.7832
2025-05-04 10:31:25 extracting
2025-05-04 10:31:28Extract Features: [1/151]	Time 3.073 (3.073)	Data 2.790 (2.790)	
2025-05-04 10:31:39Extract Features: [100/151]	Time 0.114 (0.142)	Data 0.046 (0.072)	
2025-05-04 10:31:46 extracting done 
Mean AP: 80.9%
CMC Scores:
  top-1          91.2%
  top-5          96.6%
  top-10         97.6%
{ 'Finished_epoch': 49, 'mAP': 80.9029%, rank1: 91%, 'best': 81.4814, 'at_epoch': 34, 'this_best': 0}
2025-05-04 10:31:55
Cost 2:19:04.805105
log2-trainerv2_weight/-far-update-0.9-0.0
2025-05-04 10:31:56 extracting
2025-05-04 10:31:59Extract Features: [1/51]	Time 3.302 (3.302)	Data 2.891 (2.891)	
2025-05-04 10:32:10 extracting done 
Computing jaccard distance...
Jaccard distance computing time cost: 8.029494047164917
2025-05-04 10:32:19 start dbscan clustering
2025-05-04 10:32:20
 Clustered into 572 classes 

learning rate:  3.500000000000001e-06
train v2--weight
2025-05-04 10:32:27[Epoch:050] [001/200] | Loss: 0.027 | Acc: 99.6094
2025-05-04 10:32:52[Epoch:050] [050/200] | Loss: 0.039 | Acc: 99.4141
2025-05-04 10:33:17[Epoch:050] [100/200] | Loss: 0.056 | Acc: 99.1758
2025-05-04 10:33:46[Epoch:050] [150/200] | Loss: 0.066 | Acc: 99.0391
2025-05-04 10:34:11[Epoch:050] [200/200] | Loss: 0.073 | Acc: 98.9004
2025-05-04 10:34:11 extracting
2025-05-04 10:34:14Extract Features: [1/151]	Time 2.894 (2.894)	Data 2.692 (2.692)	
2025-05-04 10:34:25Extract Features: [100/151]	Time 0.116 (0.140)	Data 0.047 (0.070)	
2025-05-04 10:34:31 extracting done 
Mean AP: 81.1%
CMC Scores:
  top-1          91.2%
  top-5          96.7%
  top-10         97.6%
{ 'Finished_epoch': 50, 'mAP': 81.1307%, rank1: 91%, 'best': 81.4814, 'at_epoch': 34, 'this_best': 0}
2025-05-04 10:34:41
Cost 2:21:50.233826
log2-trainerv2_weight/-far-update-0.9-0.0
2025-05-04 10:34:41 extracting
2025-05-04 10:34:45Extract Features: [1/51]	Time 3.389 (3.389)	Data 2.929 (2.929)	
2025-05-04 10:34:56 extracting done 
Computing jaccard distance...
Jaccard distance computing time cost: 7.936472177505493
2025-05-04 10:35:04 start dbscan clustering
2025-05-04 10:35:05
 Clustered into 572 classes 

learning rate:  3.500000000000001e-06
train v2--weight
2025-05-04 10:35:12[Epoch:051] [001/200] | Loss: 0.045 | Acc: 98.8281
2025-05-04 10:35:37[Epoch:051] [050/200] | Loss: 0.037 | Acc: 99.4922
2025-05-04 10:36:02[Epoch:051] [100/200] | Loss: 0.057 | Acc: 99.0508
2025-05-04 10:36:31[Epoch:051] [150/200] | Loss: 0.065 | Acc: 98.9427
2025-05-04 10:36:56[Epoch:051] [200/200] | Loss: 0.075 | Acc: 98.8301
2025-05-04 10:36:56 extracting
2025-05-04 10:36:59Extract Features: [1/151]	Time 2.903 (2.903)	Data 2.674 (2.674)	
2025-05-04 10:37:10Extract Features: [100/151]	Time 0.116 (0.140)	Data 0.048 (0.070)	
2025-05-04 10:37:16 extracting done 
Mean AP: 81.2%
CMC Scores:
  top-1          91.3%
  top-5          96.7%
  top-10         97.7%
{ 'Finished_epoch': 51, 'mAP': 81.1778%, rank1: 91%, 'best': 81.4814, 'at_epoch': 34, 'this_best': 0}
2025-05-04 10:37:25
Cost 2:24:34.909171
log2-trainerv2_weight/-far-update-0.9-0.0
2025-05-04 10:37:26 extracting
2025-05-04 10:37:29Extract Features: [1/51]	Time 3.295 (3.295)	Data 2.837 (2.837)	
2025-05-04 10:37:41 extracting done 
Computing jaccard distance...
Jaccard distance computing time cost: 8.000617504119873
2025-05-04 10:37:49 start dbscan clustering
2025-05-04 10:37:50
 Clustered into 573 classes 

learning rate:  3.500000000000001e-06
train v2--weight
2025-05-04 10:37:57[Epoch:052] [001/200] | Loss: 0.031 | Acc: 99.6094
2025-05-04 10:38:22[Epoch:052] [050/200] | Loss: 0.040 | Acc: 99.375
2025-05-04 10:38:48[Epoch:052] [100/200] | Loss: 0.053 | Acc: 99.2422
2025-05-04 10:39:16[Epoch:052] [150/200] | Loss: 0.066 | Acc: 99.0052
2025-05-04 10:39:42[Epoch:052] [200/200] | Loss: 0.074 | Acc: 98.873
2025-05-04 10:39:43 extracting
2025-05-04 10:39:45Extract Features: [1/151]	Time 2.950 (2.950)	Data 2.714 (2.714)	
2025-05-04 10:39:57Extract Features: [100/151]	Time 0.115 (0.141)	Data 0.047 (0.071)	
2025-05-04 10:40:03 extracting done 
Mean AP: 81.2%
CMC Scores:
  top-1          91.2%
  top-5          96.7%
  top-10         97.6%
{ 'Finished_epoch': 52, 'mAP': 81.2428%, rank1: 91%, 'best': 81.4814, 'at_epoch': 34, 'this_best': 0}
2025-05-04 10:40:12
Cost 2:27:21.551099
log2-trainerv2_weight/-far-update-0.9-0.0
2025-05-04 10:40:12 extracting
2025-05-04 10:40:16Extract Features: [1/51]	Time 3.224 (3.224)	Data 2.859 (2.859)	
2025-05-04 10:40:27 extracting done 
Computing jaccard distance...
Jaccard distance computing time cost: 7.987957000732422
2025-05-04 10:40:35 start dbscan clustering
2025-05-04 10:40:36
 Clustered into 572 classes 

learning rate:  3.500000000000001e-06
train v2--weight
2025-05-04 10:40:43[Epoch:053] [001/200] | Loss: 0.051 | Acc: 99.2188
2025-05-04 10:41:08[Epoch:053] [050/200] | Loss: 0.036 | Acc: 99.3984
2025-05-04 10:41:34[Epoch:053] [100/200] | Loss: 0.056 | Acc: 99.0977
2025-05-04 10:42:04[Epoch:053] [150/200] | Loss: 0.064 | Acc: 99.0026
2025-05-04 10:42:29[Epoch:053] [200/200] | Loss: 0.073 | Acc: 98.8652
2025-05-04 10:42:29 extracting
2025-05-04 10:42:32Extract Features: [1/151]	Time 2.959 (2.959)	Data 2.760 (2.760)	
2025-05-04 10:42:44Extract Features: [100/151]	Time 0.109 (0.146)	Data 0.042 (0.077)	
2025-05-04 10:42:50 extracting done 
Mean AP: 81.4%
CMC Scores:
  top-1          91.5%
  top-5          96.6%
  top-10         97.7%
{ 'Finished_epoch': 53, 'mAP': 81.4235%, rank1: 92%, 'best': 81.4814, 'at_epoch': 34, 'this_best': 0}
2025-05-04 10:42:59
Cost 2:30:08.334937
log2-trainerv2_weight/-far-update-0.9-0.0
2025-05-04 10:42:59 extracting
2025-05-04 10:43:03Extract Features: [1/51]	Time 3.632 (3.632)	Data 3.450 (3.450)	
2025-05-04 10:43:15 extracting done 
Computing jaccard distance...
Jaccard distance computing time cost: 8.650431871414185
2025-05-04 10:43:24 start dbscan clustering
2025-05-04 10:43:25
 Clustered into 572 classes 

learning rate:  3.500000000000001e-06
train v2--weight
2025-05-04 10:43:32[Epoch:054] [001/200] | Loss: 0.023 | Acc: 100.0
2025-05-04 10:43:59[Epoch:054] [050/200] | Loss: 0.034 | Acc: 99.5
2025-05-04 10:44:26[Epoch:054] [100/200] | Loss: 0.049 | Acc: 99.2812
2025-05-04 10:44:56[Epoch:054] [150/200] | Loss: 0.059 | Acc: 99.1927
2025-05-04 10:45:23[Epoch:054] [200/200] | Loss: 0.067 | Acc: 99.0469
2025-05-04 10:45:23 extracting
2025-05-04 10:45:26Extract Features: [1/151]	Time 3.016 (3.016)	Data 2.940 (2.940)	
2025-05-04 10:45:38Extract Features: [100/151]	Time 0.130 (0.154)	Data 0.057 (0.079)	
2025-05-04 10:45:45 extracting done 
Mean AP: 81.4%
CMC Scores:
  top-1          91.4%
  top-5          96.7%
  top-10         97.7%
{ 'Finished_epoch': 54, 'mAP': 81.421%, rank1: 91%, 'best': 81.4814, 'at_epoch': 34, 'this_best': 0}
2025-05-04 10:45:54
Cost 2:33:03.417780
log2-trainerv2_weight/-far-update-0.9-0.0
2025-05-04 10:45:54 extracting
2025-05-04 10:45:57Extract Features: [1/51]	Time 3.275 (3.275)	Data 3.105 (3.105)	
2025-05-04 10:46:09 extracting done 
Computing jaccard distance...
Jaccard distance computing time cost: 8.300414562225342
2025-05-04 10:46:18 start dbscan clustering
2025-05-04 10:46:19
 Clustered into 572 classes 

learning rate:  3.500000000000001e-06
train v2--weight
2025-05-04 10:46:26[Epoch:055] [001/200] | Loss: 0.028 | Acc: 99.6094
2025-05-04 10:46:51[Epoch:055] [050/200] | Loss: 0.037 | Acc: 99.4219
2025-05-04 10:47:17[Epoch:055] [100/200] | Loss: 0.055 | Acc: 99.1172
2025-05-04 10:47:46[Epoch:055] [150/200] | Loss: 0.064 | Acc: 99.0339
2025-05-04 10:48:11[Epoch:055] [200/200] | Loss: 0.071 | Acc: 98.9375
2025-05-04 10:48:11 extracting
2025-05-04 10:48:14Extract Features: [1/151]	Time 3.078 (3.078)	Data 2.851 (2.851)	
2025-05-04 10:48:26Extract Features: [100/151]	Time 0.110 (0.143)	Data 0.042 (0.072)	
2025-05-04 10:48:32 extracting done 
Mean AP: 81.3%
CMC Scores:
  top-1          91.3%
  top-5          96.5%
  top-10         97.7%
{ 'Finished_epoch': 55, 'mAP': 81.2908%, rank1: 91%, 'best': 81.4814, 'at_epoch': 34, 'this_best': 0}
2025-05-04 10:48:41
Cost 2:35:50.474824
log2-trainerv2_weight/-far-update-0.9-0.0
2025-05-04 10:48:41 extracting
2025-05-04 10:48:45Extract Features: [1/51]	Time 3.321 (3.321)	Data 2.897 (2.897)	
2025-05-04 10:48:57 extracting done 
Computing jaccard distance...
Jaccard distance computing time cost: 8.016728162765503
2025-05-04 10:49:05 start dbscan clustering
2025-05-04 10:49:06
 Clustered into 572 classes 

learning rate:  3.500000000000001e-06
train v2--weight
2025-05-04 10:49:13[Epoch:056] [001/200] | Loss: 0.011 | Acc: 100.0
2025-05-04 10:49:38[Epoch:056] [050/200] | Loss: 0.039 | Acc: 99.4297
2025-05-04 10:50:03[Epoch:056] [100/200] | Loss: 0.057 | Acc: 99.1562
2025-05-04 10:50:32[Epoch:056] [150/200] | Loss: 0.065 | Acc: 99.0469
2025-05-04 10:50:57[Epoch:056] [200/200] | Loss: 0.072 | Acc: 98.9688
2025-05-04 10:50:57 extracting
2025-05-04 10:51:00Extract Features: [1/151]	Time 3.068 (3.068)	Data 2.694 (2.694)	
2025-05-04 10:51:11Extract Features: [100/151]	Time 0.114 (0.142)	Data 0.045 (0.070)	
2025-05-04 10:51:17 extracting done 
Mean AP: 81.3%
CMC Scores:
  top-1          91.4%
  top-5          96.7%
  top-10         97.7%
{ 'Finished_epoch': 56, 'mAP': 81.3264%, rank1: 91%, 'best': 81.4814, 'at_epoch': 34, 'this_best': 0}
2025-05-04 10:51:26
Cost 2:38:35.492968
log2-trainerv2_weight/-far-update-0.9-0.0
2025-05-04 10:51:26 extracting
2025-05-04 10:51:30Extract Features: [1/51]	Time 3.243 (3.243)	Data 2.844 (2.844)	
2025-05-04 10:51:41 extracting done 
Computing jaccard distance...
Jaccard distance computing time cost: 7.9482269287109375
2025-05-04 10:51:49 start dbscan clustering
2025-05-04 10:51:50
 Clustered into 572 classes 

learning rate:  3.500000000000001e-06
train v2--weight
2025-05-04 10:51:57[Epoch:057] [001/200] | Loss: 0.020 | Acc: 99.6094
2025-05-04 10:52:22[Epoch:057] [050/200] | Loss: 0.032 | Acc: 99.5391
2025-05-04 10:52:47[Epoch:057] [100/200] | Loss: 0.049 | Acc: 99.3008
2025-05-04 10:53:16[Epoch:057] [150/200] | Loss: 0.057 | Acc: 99.1536
2025-05-04 10:53:41[Epoch:057] [200/200] | Loss: 0.062 | Acc: 99.1426
2025-05-04 10:53:41 extracting
2025-05-04 10:53:44Extract Features: [1/151]	Time 2.895 (2.895)	Data 2.677 (2.677)	
2025-05-04 10:53:55Extract Features: [100/151]	Time 0.118 (0.142)	Data 0.050 (0.073)	
2025-05-04 10:54:01 extracting done 
Mean AP: 81.3%
CMC Scores:
  top-1          91.3%
  top-5          96.7%
  top-10         97.7%
{ 'Finished_epoch': 57, 'mAP': 81.2686%, rank1: 91%, 'best': 81.4814, 'at_epoch': 34, 'this_best': 0}
2025-05-04 10:54:10
Cost 2:41:19.929629
log2-trainerv2_weight/-far-update-0.9-0.0
2025-05-04 10:54:11 extracting
2025-05-04 10:54:14Extract Features: [1/51]	Time 3.349 (3.349)	Data 2.863 (2.863)	
2025-05-04 10:54:25 extracting done 
Computing jaccard distance...
Jaccard distance computing time cost: 8.004341840744019
2025-05-04 10:54:34 start dbscan clustering
2025-05-04 10:54:34
 Clustered into 572 classes 

learning rate:  3.500000000000001e-06
train v2--weight
2025-05-04 10:54:41[Epoch:058] [001/200] | Loss: 0.032 | Acc: 99.2188
2025-05-04 10:55:06[Epoch:058] [050/200] | Loss: 0.036 | Acc: 99.4766
2025-05-04 10:55:31[Epoch:058] [100/200] | Loss: 0.055 | Acc: 99.1562
2025-05-04 10:56:00[Epoch:058] [150/200] | Loss: 0.063 | Acc: 99.0807
2025-05-04 10:56:25[Epoch:058] [200/200] | Loss: 0.070 | Acc: 98.998
2025-05-04 10:56:25 extracting
2025-05-04 10:56:28Extract Features: [1/151]	Time 2.927 (2.927)	Data 2.695 (2.695)	
2025-05-04 10:56:40Extract Features: [100/151]	Time 0.113 (0.147)	Data 0.045 (0.075)	
2025-05-04 10:56:46 extracting done 
Mean AP: 81.3%
CMC Scores:
  top-1          91.6%
  top-5          96.6%
  top-10         97.7%
{ 'Finished_epoch': 58, 'mAP': 81.282%, rank1: 92%, 'best': 81.4814, 'at_epoch': 34, 'this_best': 0}
2025-05-04 10:56:55
Cost 2:44:04.878603
log2-trainerv2_weight/-far-update-0.9-0.0
2025-05-04 10:56:56 extracting
2025-05-04 10:56:59Extract Features: [1/51]	Time 3.357 (3.357)	Data 2.896 (2.896)	
2025-05-04 10:57:10 extracting done 
Computing jaccard distance...
Jaccard distance computing time cost: 7.986375331878662
2025-05-04 10:57:19 start dbscan clustering
2025-05-04 10:57:20
 Clustered into 572 classes 

learning rate:  3.500000000000001e-06
train v2--weight
2025-05-04 10:57:27[Epoch:059] [001/200] | Loss: 0.035 | Acc: 99.2188
2025-05-04 10:57:51[Epoch:059] [050/200] | Loss: 0.030 | Acc: 99.4922
2025-05-04 10:58:17[Epoch:059] [100/200] | Loss: 0.046 | Acc: 99.2812
2025-05-04 10:58:45[Epoch:059] [150/200] | Loss: 0.056 | Acc: 99.1615
2025-05-04 10:59:11[Epoch:059] [200/200] | Loss: 0.064 | Acc: 99.0684
2025-05-04 10:59:11 extracting
2025-05-04 10:59:14Extract Features: [1/151]	Time 2.973 (2.973)	Data 2.732 (2.732)	
2025-05-04 10:59:25Extract Features: [100/151]	Time 0.114 (0.141)	Data 0.046 (0.070)	
2025-05-04 10:59:31 extracting done 
Mean AP: 81.2%
CMC Scores:
  top-1          91.4%
  top-5          96.8%
  top-10         97.6%
{ 'Finished_epoch': 59, 'mAP': 81.2419%, rank1: 91%, 'best': 81.4814, 'at_epoch': 34, 'this_best': 0}
2025-05-04 10:59:40
Cost 2:46:49.503141
log2-trainerv2_weight/-far-update-0.9-0.0
2025-05-04 10:59:40 extracting
2025-05-04 10:59:44Extract Features: [1/51]	Time 3.263 (3.263)	Data 2.865 (2.865)	
2025-05-04 10:59:55 extracting done 
Computing jaccard distance...
Jaccard distance computing time cost: 7.958167552947998
2025-05-04 11:00:03 start dbscan clustering
2025-05-04 11:00:04
 Clustered into 572 classes 

learning rate:  3.500000000000001e-06
train v2--weight
2025-05-04 11:00:11[Epoch:060] [001/200] | Loss: 0.036 | Acc: 99.6094
2025-05-04 11:00:36[Epoch:060] [050/200] | Loss: 0.036 | Acc: 99.4609
2025-05-04 11:01:01[Epoch:060] [100/200] | Loss: 0.052 | Acc: 99.2422
2025-05-04 11:01:30[Epoch:060] [150/200] | Loss: 0.059 | Acc: 99.1667
2025-05-04 11:01:55[Epoch:060] [200/200] | Loss: 0.067 | Acc: 99.0547
2025-05-04 11:01:55 extracting
2025-05-04 11:01:58Extract Features: [1/151]	Time 2.956 (2.956)	Data 2.723 (2.723)	
2025-05-04 11:02:10Extract Features: [100/151]	Time 0.109 (0.141)	Data 0.041 (0.070)	
2025-05-04 11:02:16 extracting done 
Mean AP: 81.2%
CMC Scores:
  top-1          91.7%
  top-5          96.6%
  top-10         97.6%
{ 'Finished_epoch': 60, 'mAP': 81.2196%, rank1: 92%, 'best': 81.4814, 'at_epoch': 34, 'this_best': 0}
2025-05-04 11:02:25
Cost 2:49:34.491278
log2-trainerv2_weight/-far-update-0.9-0.0
2025-05-04 11:02:25 extracting
2025-05-04 11:02:29Extract Features: [1/51]	Time 3.244 (3.244)	Data 2.836 (2.836)	
2025-05-04 11:02:40 extracting done 
Computing jaccard distance...
Jaccard distance computing time cost: 7.924892902374268
2025-05-04 11:02:48 start dbscan clustering
2025-05-04 11:02:49
 Clustered into 572 classes 

learning rate:  3.500000000000001e-06
train v2--weight
2025-05-04 11:02:56[Epoch:061] [001/200] | Loss: 0.026 | Acc: 100.0
2025-05-04 11:03:21[Epoch:061] [050/200] | Loss: 0.034 | Acc: 99.4922
2025-05-04 11:03:46[Epoch:061] [100/200] | Loss: 0.049 | Acc: 99.2773
2025-05-04 11:04:15[Epoch:061] [150/200] | Loss: 0.057 | Acc: 99.1901
2025-05-04 11:04:40[Epoch:061] [200/200] | Loss: 0.061 | Acc: 99.1621
2025-05-04 11:04:40 extracting
2025-05-04 11:04:43Extract Features: [1/151]	Time 3.030 (3.030)	Data 2.771 (2.771)	
2025-05-04 11:04:54Extract Features: [100/151]	Time 0.113 (0.141)	Data 0.044 (0.071)	
2025-05-04 11:05:00 extracting done 
Mean AP: 81.4%
CMC Scores:
  top-1          91.6%
  top-5          96.7%
  top-10         97.7%
{ 'Finished_epoch': 61, 'mAP': 81.3554%, rank1: 92%, 'best': 81.4814, 'at_epoch': 34, 'this_best': 0}
2025-05-04 11:05:10
Cost 2:52:19.391089
log2-trainerv2_weight/-far-update-0.9-0.0
2025-05-04 11:05:10 extracting
2025-05-04 11:05:14Extract Features: [1/51]	Time 3.314 (3.314)	Data 2.845 (2.845)	
2025-05-04 11:05:25 extracting done 
Computing jaccard distance...
Jaccard distance computing time cost: 8.055497884750366
2025-05-04 11:05:33 start dbscan clustering
2025-05-04 11:05:34
 Clustered into 572 classes 

learning rate:  3.500000000000001e-06
train v2--weight
2025-05-04 11:05:41[Epoch:062] [001/200] | Loss: 0.011 | Acc: 100.0
2025-05-04 11:06:05[Epoch:062] [050/200] | Loss: 0.035 | Acc: 99.4766
2025-05-04 11:06:31[Epoch:062] [100/200] | Loss: 0.046 | Acc: 99.3633
2025-05-04 11:06:59[Epoch:062] [150/200] | Loss: 0.061 | Acc: 99.1068
2025-05-04 11:07:25[Epoch:062] [200/200] | Loss: 0.067 | Acc: 99.0352
2025-05-04 11:07:25 extracting
2025-05-04 11:07:28Extract Features: [1/151]	Time 2.911 (2.911)	Data 2.707 (2.707)	
2025-05-04 11:07:39Extract Features: [100/151]	Time 0.114 (0.140)	Data 0.046 (0.071)	
2025-05-04 11:07:45 extracting done 
Mean AP: 81.4%
CMC Scores:
  top-1          91.5%
  top-5          96.8%
  top-10         97.7%
{ 'Finished_epoch': 62, 'mAP': 81.3694%, rank1: 91%, 'best': 81.4814, 'at_epoch': 34, 'this_best': 0}
2025-05-04 11:07:54
Cost 2:55:03.883806
log2-trainerv2_weight/-far-update-0.9-0.0
2025-05-04 11:07:55 extracting
2025-05-04 11:07:58Extract Features: [1/51]	Time 3.310 (3.310)	Data 2.841 (2.841)	
2025-05-04 11:08:09 extracting done 
Computing jaccard distance...
Jaccard distance computing time cost: 7.936598300933838
2025-05-04 11:08:18 start dbscan clustering
2025-05-04 11:08:19
 Clustered into 572 classes 

learning rate:  3.500000000000001e-06
train v2--weight
2025-05-04 11:08:25[Epoch:063] [001/200] | Loss: 0.018 | Acc: 99.6094
2025-05-04 11:08:50[Epoch:063] [050/200] | Loss: 0.030 | Acc: 99.6172
2025-05-04 11:09:16[Epoch:063] [100/200] | Loss: 0.041 | Acc: 99.4844
2025-05-04 11:09:44[Epoch:063] [150/200] | Loss: 0.051 | Acc: 99.3542
2025-05-04 11:10:10[Epoch:063] [200/200] | Loss: 0.061 | Acc: 99.1934
2025-05-04 11:10:10 extracting
2025-05-04 11:10:13Extract Features: [1/151]	Time 3.055 (3.055)	Data 2.680 (2.680)	
2025-05-04 11:10:24Extract Features: [100/151]	Time 0.113 (0.141)	Data 0.045 (0.069)	
2025-05-04 11:10:30 extracting done 
Mean AP: 81.4%
CMC Scores:
  top-1          91.7%
  top-5          96.7%
  top-10         97.6%
{ 'Finished_epoch': 63, 'mAP': 81.3625%, rank1: 92%, 'best': 81.4814, 'at_epoch': 34, 'this_best': 0}
2025-05-04 11:10:40
Cost 2:57:49.680119
log2-trainerv2_weight/-far-update-0.9-0.0
2025-05-04 11:10:41 extracting
2025-05-04 11:10:44Extract Features: [1/51]	Time 3.249 (3.249)	Data 2.834 (2.834)	
2025-05-04 11:10:55 extracting done 
Computing jaccard distance...
Jaccard distance computing time cost: 8.052570581436157
2025-05-04 11:11:04 start dbscan clustering
2025-05-04 11:11:04
 Clustered into 572 classes 

learning rate:  3.500000000000001e-06
train v2--weight
2025-05-04 11:11:11[Epoch:064] [001/200] | Loss: 0.009 | Acc: 100.0
2025-05-04 11:11:36[Epoch:064] [050/200] | Loss: 0.028 | Acc: 99.5781
2025-05-04 11:12:01[Epoch:064] [100/200] | Loss: 0.041 | Acc: 99.4375
2025-05-04 11:12:30[Epoch:064] [150/200] | Loss: 0.054 | Acc: 99.2318
2025-05-04 11:12:55[Epoch:064] [200/200] | Loss: 0.061 | Acc: 99.1348
2025-05-04 11:12:55 extracting
2025-05-04 11:12:58Extract Features: [1/151]	Time 2.947 (2.947)	Data 2.711 (2.711)	
2025-05-04 11:13:10Extract Features: [100/151]	Time 0.112 (0.141)	Data 0.044 (0.070)	
2025-05-04 11:13:16 extracting done 
Mean AP: 81.4%
CMC Scores:
  top-1          91.2%
  top-5          96.7%
  top-10         97.7%
{ 'Finished_epoch': 64, 'mAP': 81.3607%, rank1: 91%, 'best': 81.4814, 'at_epoch': 34, 'this_best': 0}
2025-05-04 11:13:25
Cost 3:00:34.541620
log2-trainerv2_weight/-far-update-0.9-0.0
2025-05-04 11:13:26 extracting
2025-05-04 11:13:29Extract Features: [1/51]	Time 3.345 (3.345)	Data 2.910 (2.910)	
2025-05-04 11:13:40 extracting done 
Computing jaccard distance...
Jaccard distance computing time cost: 8.041420936584473
2025-05-04 11:13:49 start dbscan clustering
2025-05-04 11:13:49
 Clustered into 572 classes 

learning rate:  3.500000000000001e-06
train v2--weight
2025-05-04 11:13:56[Epoch:065] [001/200] | Loss: 0.031 | Acc: 99.2188
2025-05-04 11:14:21[Epoch:065] [050/200] | Loss: 0.032 | Acc: 99.5469
2025-05-04 11:14:46[Epoch:065] [100/200] | Loss: 0.046 | Acc: 99.3125
2025-05-04 11:15:15[Epoch:065] [150/200] | Loss: 0.053 | Acc: 99.2578
2025-05-04 11:15:40[Epoch:065] [200/200] | Loss: 0.057 | Acc: 99.2109
2025-05-04 11:15:40 extracting
2025-05-04 11:15:43Extract Features: [1/151]	Time 2.893 (2.893)	Data 2.697 (2.697)	
2025-05-04 11:15:54Extract Features: [100/151]	Time 0.111 (0.141)	Data 0.043 (0.072)	
2025-05-04 11:16:00 extracting done 
Mean AP: 81.3%
CMC Scores:
  top-1          91.5%
  top-5          96.8%
  top-10         97.8%
{ 'Finished_epoch': 65, 'mAP': 81.3069%, rank1: 92%, 'best': 81.4814, 'at_epoch': 34, 'this_best': 0}
2025-05-04 11:16:09
Cost 3:03:19.004959
log2-trainerv2_weight/-far-update-0.9-0.0
2025-05-04 11:16:10 extracting
2025-05-04 11:16:13Extract Features: [1/51]	Time 3.243 (3.243)	Data 2.884 (2.884)	
2025-05-04 11:16:24 extracting done 
Computing jaccard distance...
Jaccard distance computing time cost: 7.9336771965026855
2025-05-04 11:16:33 start dbscan clustering
2025-05-04 11:16:34
 Clustered into 572 classes 

learning rate:  3.500000000000001e-06
train v2--weight
2025-05-04 11:16:41[Epoch:066] [001/200] | Loss: 0.033 | Acc: 99.2188
2025-05-04 11:17:05[Epoch:066] [050/200] | Loss: 0.041 | Acc: 99.4453
2025-05-04 11:17:31[Epoch:066] [100/200] | Loss: 0.049 | Acc: 99.2969
2025-05-04 11:17:59[Epoch:066] [150/200] | Loss: 0.057 | Acc: 99.1901
2025-05-04 11:18:24[Epoch:066] [200/200] | Loss: 0.065 | Acc: 99.0762
2025-05-04 11:18:25 extracting
2025-05-04 11:18:27Extract Features: [1/151]	Time 2.916 (2.916)	Data 2.713 (2.713)	
2025-05-04 11:18:40Extract Features: [100/151]	Time 0.118 (0.154)	Data 0.050 (0.083)	
2025-05-04 11:18:47 extracting done 
Mean AP: 81.3%
CMC Scores:
  top-1          91.4%
  top-5          96.7%
  top-10         97.6%
{ 'Finished_epoch': 66, 'mAP': 81.2903%, rank1: 91%, 'best': 81.4814, 'at_epoch': 34, 'this_best': 0}
2025-05-04 11:18:55
Cost 3:06:04.898717
log2-trainerv2_weight/-far-update-0.9-0.0
2025-05-04 11:18:56 extracting
2025-05-04 11:18:59Extract Features: [1/51]	Time 3.296 (3.296)	Data 2.828 (2.828)	
2025-05-04 11:19:10 extracting done 
Computing jaccard distance...
Jaccard distance computing time cost: 8.241658210754395
2025-05-04 11:19:19 start dbscan clustering
2025-05-04 11:19:20
 Clustered into 572 classes 

learning rate:  3.500000000000001e-06
train v2--weight
2025-05-04 11:19:27[Epoch:067] [001/200] | Loss: 0.012 | Acc: 100.0
2025-05-04 11:19:51[Epoch:067] [050/200] | Loss: 0.034 | Acc: 99.4766
2025-05-04 11:20:17[Epoch:067] [100/200] | Loss: 0.047 | Acc: 99.2578
2025-05-04 11:20:45[Epoch:067] [150/200] | Loss: 0.053 | Acc: 99.2682
2025-05-04 11:21:11[Epoch:067] [200/200] | Loss: 0.058 | Acc: 99.207
2025-05-04 11:21:11 extracting
2025-05-04 11:21:14Extract Features: [1/151]	Time 2.946 (2.946)	Data 2.740 (2.740)	
2025-05-04 11:21:25Extract Features: [100/151]	Time 0.115 (0.141)	Data 0.046 (0.070)	
2025-05-04 11:21:32 extracting done 
Mean AP: 81.4%
CMC Scores:
  top-1          91.4%
  top-5          96.6%
  top-10         97.4%
{ 'Finished_epoch': 67, 'mAP': 81.3603%, rank1: 91%, 'best': 81.4814, 'at_epoch': 34, 'this_best': 0}
2025-05-04 11:21:41
Cost 3:08:50.906526
log2-trainerv2_weight/-far-update-0.9-0.0
2025-05-04 11:21:42 extracting
2025-05-04 11:21:45Extract Features: [1/51]	Time 3.252 (3.252)	Data 2.859 (2.859)	
2025-05-04 11:21:56 extracting done 
Computing jaccard distance...
Jaccard distance computing time cost: 8.53214693069458
2025-05-04 11:22:05 start dbscan clustering
2025-05-04 11:22:06
 Clustered into 572 classes 

learning rate:  3.500000000000001e-06
train v2--weight
2025-05-04 11:22:13[Epoch:068] [001/200] | Loss: 0.024 | Acc: 99.6094
2025-05-04 11:22:38[Epoch:068] [050/200] | Loss: 0.032 | Acc: 99.5078
2025-05-04 11:23:03[Epoch:068] [100/200] | Loss: 0.045 | Acc: 99.3594
2025-05-04 11:23:32[Epoch:068] [150/200] | Loss: 0.052 | Acc: 99.3333
2025-05-04 11:23:57[Epoch:068] [200/200] | Loss: 0.058 | Acc: 99.2188
2025-05-04 11:23:57 extracting
2025-05-04 11:24:00Extract Features: [1/151]	Time 3.011 (3.011)	Data 2.763 (2.763)	
2025-05-04 11:24:11Extract Features: [100/151]	Time 0.109 (0.142)	Data 0.041 (0.070)	
2025-05-04 11:24:17 extracting done 
Mean AP: 81.3%
CMC Scores:
  top-1          91.6%
  top-5          96.8%
  top-10         97.6%
{ 'Finished_epoch': 68, 'mAP': 81.3448%, rank1: 92%, 'best': 81.4814, 'at_epoch': 34, 'this_best': 0}
2025-05-04 11:24:28
Cost 3:11:37.127081
log2-trainerv2_weight/-far-update-0.9-0.0
2025-05-04 11:24:28 extracting
2025-05-04 11:24:31Extract Features: [1/51]	Time 3.369 (3.369)	Data 2.889 (2.889)	
2025-05-04 11:24:43 extracting done 
Computing jaccard distance...
Jaccard distance computing time cost: 8.231589555740356
2025-05-04 11:24:51 start dbscan clustering
2025-05-04 11:24:52
 Clustered into 572 classes 

learning rate:  3.500000000000001e-06
train v2--weight
2025-05-04 11:24:59[Epoch:069] [001/200] | Loss: 0.021 | Acc: 99.6094
2025-05-04 11:25:23[Epoch:069] [050/200] | Loss: 0.036 | Acc: 99.5312
2025-05-04 11:25:49[Epoch:069] [100/200] | Loss: 0.049 | Acc: 99.3672
2025-05-04 11:26:17[Epoch:069] [150/200] | Loss: 0.056 | Acc: 99.2578
2025-05-04 11:26:43[Epoch:069] [200/200] | Loss: 0.061 | Acc: 99.1973
2025-05-04 11:26:43 extracting
2025-05-04 11:26:46Extract Features: [1/151]	Time 2.920 (2.920)	Data 2.679 (2.679)	
2025-05-04 11:26:58Extract Features: [100/151]	Time 0.112 (0.149)	Data 0.044 (0.078)	
2025-05-04 11:27:04 extracting done 
Mean AP: 81.4%
CMC Scores:
  top-1          91.8%
  top-5          96.7%
  top-10         97.7%
{ 'Finished_epoch': 69, 'mAP': 81.4301%, rank1: 92%, 'best': 81.4814, 'at_epoch': 34, 'this_best': 0}
2025-05-04 11:27:13
Cost 3:14:22.570144
log2-trainerv2_weight/-far-update-0.9-0.0
2025-05-04 11:27:14 extracting
2025-05-04 11:27:17Extract Features: [1/51]	Time 3.253 (3.253)	Data 2.845 (2.845)	
2025-05-04 11:27:28 extracting done 
Computing jaccard distance...
Jaccard distance computing time cost: 8.215449333190918
2025-05-04 11:27:36 start dbscan clustering
2025-05-04 11:27:37
 Clustered into 572 classes 

learning rate:  3.500000000000001e-06
train v2--weight
2025-05-04 11:27:44[Epoch:070] [001/200] | Loss: 0.014 | Acc: 100.0
2025-05-04 11:28:09[Epoch:070] [050/200] | Loss: 0.027 | Acc: 99.7109
2025-05-04 11:28:34[Epoch:070] [100/200] | Loss: 0.038 | Acc: 99.5625
2025-05-04 11:29:03[Epoch:070] [150/200] | Loss: 0.045 | Acc: 99.4583
2025-05-04 11:29:28[Epoch:070] [200/200] | Loss: 0.051 | Acc: 99.3652
2025-05-04 11:29:28 extracting
2025-05-04 11:29:31Extract Features: [1/151]	Time 2.970 (2.970)	Data 2.713 (2.713)	
2025-05-04 11:29:42Extract Features: [100/151]	Time 0.120 (0.141)	Data 0.052 (0.070)	
2025-05-04 11:29:48 extracting done 
Mean AP: 81.2%
CMC Scores:
  top-1          91.5%
  top-5          96.5%
  top-10         97.7%
{ 'Finished_epoch': 70, 'mAP': 81.226%, rank1: 91%, 'best': 81.4814, 'at_epoch': 34, 'this_best': 0}
2025-05-04 11:29:58
Cost 3:17:07.136002
log2-trainerv2_weight/-far-update-0.9-0.0
2025-05-04 11:29:58 extracting
2025-05-04 11:30:01Extract Features: [1/51]	Time 3.253 (3.253)	Data 2.907 (2.907)	
2025-05-04 11:30:13 extracting done 
Computing jaccard distance...
Jaccard distance computing time cost: 8.007997989654541
2025-05-04 11:30:21 start dbscan clustering
2025-05-04 11:30:22
 Clustered into 572 classes 

learning rate:  3.500000000000001e-06
train v2--weight
2025-05-04 11:30:28[Epoch:071] [001/200] | Loss: 0.022 | Acc: 99.6094
2025-05-04 11:30:53[Epoch:071] [050/200] | Loss: 0.035 | Acc: 99.4922
2025-05-04 11:31:19[Epoch:071] [100/200] | Loss: 0.048 | Acc: 99.293
2025-05-04 11:31:47[Epoch:071] [150/200] | Loss: 0.054 | Acc: 99.2656
2025-05-04 11:32:12[Epoch:071] [200/200] | Loss: 0.059 | Acc: 99.1895
2025-05-04 11:32:13 extracting
2025-05-04 11:32:16Extract Features: [1/151]	Time 2.989 (2.989)	Data 2.714 (2.714)	
2025-05-04 11:32:27Extract Features: [100/151]	Time 0.118 (0.142)	Data 0.050 (0.071)	
2025-05-04 11:32:33 extracting done 
Mean AP: 81.3%
CMC Scores:
  top-1          91.3%
  top-5          96.6%
  top-10         97.6%
{ 'Finished_epoch': 71, 'mAP': 81.2875%, rank1: 91%, 'best': 81.4814, 'at_epoch': 34, 'this_best': 0}
2025-05-04 11:32:42
Cost 3:19:51.448364
log2-trainerv2_weight/-far-update-0.9-0.0
2025-05-04 11:32:42 extracting
2025-05-04 11:32:46Extract Features: [1/51]	Time 3.291 (3.291)	Data 2.820 (2.820)	
2025-05-04 11:32:57 extracting done 
Computing jaccard distance...
Jaccard distance computing time cost: 8.035037279129028
2025-05-04 11:33:05 start dbscan clustering
2025-05-04 11:33:06
 Clustered into 572 classes 

learning rate:  3.500000000000001e-06
train v2--weight
2025-05-04 11:33:13[Epoch:072] [001/200] | Loss: 0.021 | Acc: 100.0
2025-05-04 11:33:38[Epoch:072] [050/200] | Loss: 0.028 | Acc: 99.6016
2025-05-04 11:34:03[Epoch:072] [100/200] | Loss: 0.038 | Acc: 99.457
2025-05-04 11:34:32[Epoch:072] [150/200] | Loss: 0.049 | Acc: 99.3073
2025-05-04 11:34:57[Epoch:072] [200/200] | Loss: 0.057 | Acc: 99.1602
2025-05-04 11:34:57 extracting
2025-05-04 11:35:00Extract Features: [1/151]	Time 3.077 (3.077)	Data 2.729 (2.729)	
2025-05-04 11:35:11Extract Features: [100/151]	Time 0.120 (0.141)	Data 0.052 (0.070)	
2025-05-04 11:35:17 extracting done 
Mean AP: 81.3%
CMC Scores:
  top-1          91.3%
  top-5          96.6%
  top-10         97.7%
{ 'Finished_epoch': 72, 'mAP': 81.3284%, rank1: 91%, 'best': 81.4814, 'at_epoch': 34, 'this_best': 0}
2025-05-04 11:35:27
Cost 3:22:36.293960
log2-trainerv2_weight/-far-update-0.9-0.0
2025-05-04 11:35:28 extracting
2025-05-04 11:35:31Extract Features: [1/51]	Time 3.512 (3.512)	Data 3.105 (3.105)	
2025-05-04 11:35:42 extracting done 
Computing jaccard distance...
Jaccard distance computing time cost: 7.872089147567749
2025-05-04 11:35:50 start dbscan clustering
2025-05-04 11:35:51
 Clustered into 572 classes 

learning rate:  3.500000000000001e-06
train v2--weight
2025-05-04 11:35:58[Epoch:073] [001/200] | Loss: 0.008 | Acc: 100.0
2025-05-04 11:36:23[Epoch:073] [050/200] | Loss: 0.033 | Acc: 99.4844
2025-05-04 11:36:48[Epoch:073] [100/200] | Loss: 0.045 | Acc: 99.4297
2025-05-04 11:37:17[Epoch:073] [150/200] | Loss: 0.052 | Acc: 99.3464
2025-05-04 11:37:42[Epoch:073] [200/200] | Loss: 0.056 | Acc: 99.2793
2025-05-04 11:37:42 extracting
2025-05-04 11:37:45Extract Features: [1/151]	Time 2.933 (2.933)	Data 2.695 (2.695)	
2025-05-04 11:37:56Extract Features: [100/151]	Time 0.116 (0.141)	Data 0.048 (0.070)	
2025-05-04 11:38:02 extracting done 
Mean AP: 81.2%
CMC Scores:
  top-1          91.7%
  top-5          96.7%
  top-10         97.7%
{ 'Finished_epoch': 73, 'mAP': 81.2147%, rank1: 92%, 'best': 81.4814, 'at_epoch': 34, 'this_best': 0}
2025-05-04 11:38:12
Cost 3:25:21.964415
log2-trainerv2_weight/-far-update-0.9-0.0
2025-05-04 11:38:13 extracting
2025-05-04 11:38:16Extract Features: [1/51]	Time 3.236 (3.236)	Data 2.926 (2.926)	
2025-05-04 11:38:28 extracting done 
Computing jaccard distance...
Jaccard distance computing time cost: 7.939457416534424
2025-05-04 11:38:37 start dbscan clustering
2025-05-04 11:38:37
 Clustered into 572 classes 

learning rate:  3.500000000000001e-06
train v2--weight
2025-05-04 11:38:44[Epoch:074] [001/200] | Loss: 0.028 | Acc: 99.6094
2025-05-04 11:39:09[Epoch:074] [050/200] | Loss: 0.030 | Acc: 99.5469
2025-05-04 11:39:34[Epoch:074] [100/200] | Loss: 0.043 | Acc: 99.3789
2025-05-04 11:40:03[Epoch:074] [150/200] | Loss: 0.047 | Acc: 99.401
2025-05-04 11:40:28[Epoch:074] [200/200] | Loss: 0.053 | Acc: 99.3047
2025-05-04 11:40:28 extracting
2025-05-04 11:40:31Extract Features: [1/151]	Time 2.965 (2.965)	Data 2.710 (2.710)	
2025-05-04 11:40:42Extract Features: [100/151]	Time 0.114 (0.140)	Data 0.046 (0.069)	
2025-05-04 11:40:48 extracting done 
Mean AP: 81.2%
CMC Scores:
  top-1          91.6%
  top-5          96.7%
  top-10         97.7%
{ 'Finished_epoch': 74, 'mAP': 81.1947%, rank1: 92%, 'best': 81.4814, 'at_epoch': 34, 'this_best': 0}
2025-05-04 11:40:58
Cost 3:28:07.349007
log2-trainerv2_weight/-far-update-0.9-0.0

2025-05-04 11:40:58.314524
Cost 3:28:07.420706
